
*****************************************
Setting OMP_NUM_THREADS environment variable for each process to be 1 in default, to avoid your system being overloaded, please further tune the variable for optimal performance in your application as needed. 
*****************************************
[W729 15:22:48.304241619 socket.cpp:207] [c10d] The hostname of the client socket cannot be retrieved. err=-3
[W729 15:23:02.618323483 socket.cpp:207] [c10d] The hostname of the client socket cannot be retrieved. err=-3
[W729 15:23:02.620925445 socket.cpp:207] [c10d] The hostname of the client socket cannot be retrieved. err=-3
Indexed 1951 graphs across 7 type(s)
  skipped 26 duplicate graph UUID path(s)
  2layer: 400
    avg size: 0.71 MB
    total size: 284.17 MB
  3layer: 400
    avg size: 1.10 MB
    total size: 439.81 MB
  conv1d: 173
    avg size: 6.96 MB
    total size: 1204.53 MB
  conv2d: 81
    avg size: 7.24 MB
    total size: 586.26 MB
  dense_latency: 292
    avg size: 7.34 MB
    total size: 2144.21 MB
  dense_resource: 205
    avg size: 7.28 MB
    total size: 1493.15 MB
  rule4ml: 400
    avg size: 6.91 MB
    total size: 2764.73 MB
Indexed 400 graphs across 1 type(s)
  exemplar: 400
    avg size: 3.08 MB
    total size: 1232.09 MB
Training 400 epochs...
/usr/local/lib/python3.12/dist-packages/torch_geometric/utils/_scatter.py:91: UserWarning: The usage of `scatter(reduce='max')` can be accelerated via the 'torch-scatter' package, but it was not found
  warnings.warn(
/usr/local/lib/python3.12/dist-packages/torch_geometric/utils/_scatter.py:91: UserWarning: The usage of `scatter(reduce='max')` can be accelerated via the 'torch-scatter' package, but it was not found
  warnings.warn(
Epoch   1/400  train=0.3802  val=0.3016
Epoch   2/400  train=0.2911  val=0.2153
Epoch   4/400  train=0.1981  val=0.1983
Model saved to /kaggle/working/results/kaggle_v2_mlp_long_seed42/checkpoints/kaggle_v2_mlp_long_seed42_backup.pt
Epoch   6/400  train=0.1869  val=0.1627
Epoch   8/400  train=0.1740  val=0.1388
Epoch  10/400  train=0.1674  val=0.1490
Model saved to /kaggle/working/results/kaggle_v2_mlp_long_seed42/checkpoints/kaggle_v2_mlp_long_seed42_backup.pt
Epoch  12/400  train=0.1549  val=0.1442
Epoch  14/400  train=0.1503  val=0.1484
Model saved to /kaggle/working/results/kaggle_v2_mlp_long_seed42/checkpoints/kaggle_v2_mlp_long_seed42_backup.pt
Epoch  16/400  train=0.1435  val=0.1388
Epoch  18/400  train=0.1422  val=0.1247
Epoch  20/400  train=0.1314  val=0.1192
Model saved to /kaggle/working/results/kaggle_v2_mlp_long_seed42/checkpoints/kaggle_v2_mlp_long_seed42_backup.pt
Epoch  22/400  train=0.1300  val=0.1108
Epoch  24/400  train=0.1302  val=0.1155
Model saved to /kaggle/working/results/kaggle_v2_mlp_long_seed42/checkpoints/kaggle_v2_mlp_long_seed42_backup.pt
Epoch  26/400  train=0.1298  val=0.1115
Epoch  28/400  train=0.1252  val=0.1215
Epoch  30/400  train=0.1259  val=0.1109
Model saved to /kaggle/working/results/kaggle_v2_mlp_long_seed42/checkpoints/kaggle_v2_mlp_long_seed42_backup.pt
Epoch  32/400  train=0.1237  val=0.1276
Epoch  34/400  train=0.1254  val=0.1141
Model saved to /kaggle/working/results/kaggle_v2_mlp_long_seed42/checkpoints/kaggle_v2_mlp_long_seed42_backup.pt
Epoch  36/400  train=0.1367  val=0.1127
Epoch  38/400  train=0.1240  val=0.1127
Epoch  40/400  train=0.1226  val=0.1064
Model saved to /kaggle/working/results/kaggle_v2_mlp_long_seed42/checkpoints/kaggle_v2_mlp_long_seed42_backup.pt
Epoch  42/400  train=0.1219  val=0.1440
Epoch  44/400  train=0.1207  val=0.1098
Model saved to /kaggle/working/results/kaggle_v2_mlp_long_seed42/checkpoints/kaggle_v2_mlp_long_seed42_backup.pt
Epoch  46/400  train=0.1192  val=0.1108
Epoch  48/400  train=0.1191  val=0.1407
Epoch  50/400  train=0.1162  val=0.0969
Model saved to /kaggle/working/results/kaggle_v2_mlp_long_seed42/checkpoints/kaggle_v2_mlp_long_seed42_backup.pt
Epoch  52/400  train=0.1212  val=0.1040
Epoch  54/400  train=0.1163  val=0.1192
Model saved to /kaggle/working/results/kaggle_v2_mlp_long_seed42/checkpoints/kaggle_v2_mlp_long_seed42_backup.pt
Epoch  56/400  train=0.1340  val=0.1197
Epoch  58/400  train=0.1158  val=0.0986
Epoch  60/400  train=0.1194  val=0.1031
Model saved to /kaggle/working/results/kaggle_v2_mlp_long_seed42/checkpoints/kaggle_v2_mlp_long_seed42_backup.pt
Epoch  62/400  train=0.1198  val=0.1020
Epoch  64/400  train=0.1158  val=0.0943
Model saved to /kaggle/working/results/kaggle_v2_mlp_long_seed42/checkpoints/kaggle_v2_mlp_long_seed42_backup.pt
Epoch  66/400  train=0.1147  val=0.1191
Epoch  68/400  train=0.1135  val=0.1077
Epoch  70/400  train=0.1085  val=0.1002
Model saved to /kaggle/working/results/kaggle_v2_mlp_long_seed42/checkpoints/kaggle_v2_mlp_long_seed42_backup.pt
Epoch  72/400  train=0.1091  val=0.0915
Epoch  74/400  train=0.1141  val=0.1061
Model saved to /kaggle/working/results/kaggle_v2_mlp_long_seed42/checkpoints/kaggle_v2_mlp_long_seed42_backup.pt
Epoch  76/400  train=0.1117  val=0.0971
Epoch  78/400  train=0.1115  val=0.1084
Epoch  80/400  train=0.1088  val=0.1088
Model saved to /kaggle/working/results/kaggle_v2_mlp_long_seed42/checkpoints/kaggle_v2_mlp_long_seed42_backup.pt
Epoch  82/400  train=0.1116  val=0.1068
Epoch  84/400  train=0.1093  val=0.1038
Model saved to /kaggle/working/results/kaggle_v2_mlp_long_seed42/checkpoints/kaggle_v2_mlp_long_seed42_backup.pt
Epoch  86/400  train=0.1103  val=0.1009
Epoch  88/400  train=0.1160  val=0.1216
Epoch  90/400  train=0.1128  val=0.1004
Model saved to /kaggle/working/results/kaggle_v2_mlp_long_seed42/checkpoints/kaggle_v2_mlp_long_seed42_backup.pt
Epoch  92/400  train=0.1107  val=0.1225
Epoch  94/400  train=0.1093  val=0.1161
Model saved to /kaggle/working/results/kaggle_v2_mlp_long_seed42/checkpoints/kaggle_v2_mlp_long_seed42_backup.pt
Epoch  96/400  train=0.1111  val=0.1070
Epoch  98/400  train=0.1065  val=0.0951
Epoch 100/400  train=0.1095  val=0.0985
Model saved to /kaggle/working/results/kaggle_v2_mlp_long_seed42/checkpoints/kaggle_v2_mlp_long_seed42_backup.pt
Epoch 102/400  train=0.1103  val=0.1004
Epoch 104/400  train=0.1135  val=0.1013
Model saved to /kaggle/working/results/kaggle_v2_mlp_long_seed42/checkpoints/kaggle_v2_mlp_long_seed42_backup.pt
Epoch 106/400  train=0.1053  val=0.1008
Epoch 108/400  train=0.1091  val=0.1081
Early stopping triggered after 109 epochs.
Best model restored from epoch 79 with validation smape 33.2049
/usr/local/lib/python3.12/dist-packages/torch/distributed/c10d_logger.py:83: UserWarning: barrier(): using the device under current context. You can specify `device_id` in `init_process_group` to mute this warning.
  return func(*args, **kwargs)
Wrote result bundle to /kaggle/working/results/kaggle_v2_mlp_long_seed42
