
*****************************************
Setting OMP_NUM_THREADS environment variable for each process to be 1 in default, to avoid your system being overloaded, please further tune the variable for optimal performance in your application as needed. 
*****************************************
[W811 14:22:44.499282374 socket.cpp:207] [c10d] The hostname of the client socket cannot be retrieved. err=-3
[W811 14:22:57.626637554 socket.cpp:207] [c10d] The hostname of the client socket cannot be retrieved. err=-3
[W811 14:22:57.656999038 socket.cpp:207] [c10d] The hostname of the client socket cannot be retrieved. err=-3
Indexed 3904 graphs across 7 type(s)
  skipped 26 duplicate graph UUID path(s)
  2layer: 800
    avg size: 0.62 MB
    total size: 496.43 MB
  3layer: 800
    avg size: 0.92 MB
    total size: 737.16 MB
  conv1d: 346
    avg size: 5.82 MB
    total size: 2015.27 MB
  conv2d: 194
    avg size: 6.05 MB
    total size: 1173.97 MB
  dense_latency: 550
    avg size: 6.11 MB
    total size: 3358.46 MB
  dense_resource: 414
    avg size: 6.10 MB
    total size: 2526.88 MB
  rule4ml: 800
    avg size: 5.82 MB
    total size: 4658.69 MB
Indexed 799 graphs across 1 type(s)
  exemplar: 799
    avg size: 2.67 MB
    total size: 2131.49 MB
Training 400 epochs...
/usr/local/lib/python3.12/dist-packages/torch_geometric/utils/_scatter.py:91: UserWarning: The usage of `scatter(reduce='max')` can be accelerated via the 'torch-scatter' package, but it was not found
  warnings.warn(
/usr/local/lib/python3.12/dist-packages/torch_geometric/utils/_scatter.py:91: UserWarning: The usage of `scatter(reduce='max')` can be accelerated via the 'torch-scatter' package, but it was not found
  warnings.warn(
Epoch   1/400  train=0.3647  val=0.2926
Epoch   2/400  train=0.2729  val=0.2663
Epoch   4/400  train=0.2288  val=0.2236
Model saved to /kaggle/working/results/hierarchical_scale200_seed42/checkpoints/hierarchical_scale200_seed42_backup.pt
Epoch   6/400  train=0.1536  val=0.1327
Epoch   8/400  train=0.1396  val=0.1386
Epoch  10/400  train=0.1412  val=0.1324
Model saved to /kaggle/working/results/hierarchical_scale200_seed42/checkpoints/hierarchical_scale200_seed42_backup.pt
Epoch  12/400  train=0.1230  val=0.1184
Epoch  14/400  train=0.1211  val=0.1196
Model saved to /kaggle/working/results/hierarchical_scale200_seed42/checkpoints/hierarchical_scale200_seed42_backup.pt
Epoch  16/400  train=0.1156  val=0.1023
Epoch  18/400  train=0.1127  val=0.0988
Epoch  20/400  train=0.1160  val=0.0921
Model saved to /kaggle/working/results/hierarchical_scale200_seed42/checkpoints/hierarchical_scale200_seed42_backup.pt
Epoch  22/400  train=0.1092  val=0.1017
Epoch  24/400  train=0.1086  val=0.0929
Model saved to /kaggle/working/results/hierarchical_scale200_seed42/checkpoints/hierarchical_scale200_seed42_backup.pt
Epoch  26/400  train=0.1078  val=0.0998
Epoch  28/400  train=0.1093  val=0.0959
Epoch  30/400  train=0.1032  val=0.0904
Model saved to /kaggle/working/results/hierarchical_scale200_seed42/checkpoints/hierarchical_scale200_seed42_backup.pt
Epoch  32/400  train=0.1031  val=0.0874
Epoch  34/400  train=0.1004  val=0.0929
Model saved to /kaggle/working/results/hierarchical_scale200_seed42/checkpoints/hierarchical_scale200_seed42_backup.pt
Epoch  36/400  train=0.0986  val=0.0877
Epoch  38/400  train=0.0989  val=0.1139
Epoch  40/400  train=0.0956  val=0.0856
Model saved to /kaggle/working/results/hierarchical_scale200_seed42/checkpoints/hierarchical_scale200_seed42_backup.pt
Epoch  42/400  train=0.1020  val=0.0856
Epoch  44/400  train=0.0950  val=0.0848
Model saved to /kaggle/working/results/hierarchical_scale200_seed42/checkpoints/hierarchical_scale200_seed42_backup.pt
Epoch  46/400  train=0.0922  val=0.0807
Epoch  48/400  train=0.0931  val=0.0834
Epoch  50/400  train=0.0964  val=0.0899
Model saved to /kaggle/working/results/hierarchical_scale200_seed42/checkpoints/hierarchical_scale200_seed42_backup.pt
Epoch  52/400  train=0.0928  val=0.0867
Epoch  54/400  train=0.0924  val=0.0868
Model saved to /kaggle/working/results/hierarchical_scale200_seed42/checkpoints/hierarchical_scale200_seed42_backup.pt
Epoch  56/400  train=0.0926  val=0.0882
Epoch  58/400  train=0.0905  val=0.0760
Epoch  60/400  train=0.0883  val=0.0796
Model saved to /kaggle/working/results/hierarchical_scale200_seed42/checkpoints/hierarchical_scale200_seed42_backup.pt
Epoch  62/400  train=0.0897  val=0.0946
Epoch  64/400  train=0.0931  val=0.0812
Model saved to /kaggle/working/results/hierarchical_scale200_seed42/checkpoints/hierarchical_scale200_seed42_backup.pt
Epoch  66/400  train=0.0876  val=0.0755
Epoch  68/400  train=0.0878  val=0.0815
Epoch  70/400  train=0.0883  val=0.0738
Model saved to /kaggle/working/results/hierarchical_scale200_seed42/checkpoints/hierarchical_scale200_seed42_backup.pt
Epoch  72/400  train=0.0846  val=0.0779
Epoch  74/400  train=0.0858  val=0.0741
Model saved to /kaggle/working/results/hierarchical_scale200_seed42/checkpoints/hierarchical_scale200_seed42_backup.pt
Epoch  76/400  train=0.0845  val=0.0707
Epoch  78/400  train=0.0851  val=0.0737
Epoch  80/400  train=0.0853  val=0.0693
Model saved to /kaggle/working/results/hierarchical_scale200_seed42/checkpoints/hierarchical_scale200_seed42_backup.pt
Epoch  82/400  train=0.0833  val=0.0740
Epoch  84/400  train=0.0829  val=0.0749
Model saved to /kaggle/working/results/hierarchical_scale200_seed42/checkpoints/hierarchical_scale200_seed42_backup.pt
Epoch  86/400  train=0.0860  val=0.0722
Epoch  88/400  train=0.0821  val=0.0779
Epoch  90/400  train=0.0809  val=0.0683
Model saved to /kaggle/working/results/hierarchical_scale200_seed42/checkpoints/hierarchical_scale200_seed42_backup.pt
Epoch  92/400  train=0.0806  val=0.0731
Epoch  94/400  train=0.0794  val=0.0698
Model saved to /kaggle/working/results/hierarchical_scale200_seed42/checkpoints/hierarchical_scale200_seed42_backup.pt
Epoch  96/400  train=0.0847  val=0.0786
Epoch  98/400  train=0.0787  val=0.0710
Epoch 100/400  train=0.0807  val=0.0682
Model saved to /kaggle/working/results/hierarchical_scale200_seed42/checkpoints/hierarchical_scale200_seed42_backup.pt
Epoch 102/400  train=0.0802  val=0.0700
Epoch 104/400  train=0.0787  val=0.0709
Model saved to /kaggle/working/results/hierarchical_scale200_seed42/checkpoints/hierarchical_scale200_seed42_backup.pt
Epoch 106/400  train=0.0777  val=0.0676
Epoch 108/400  train=0.0794  val=0.0722
Epoch 110/400  train=0.0806  val=0.0735
Model saved to /kaggle/working/results/hierarchical_scale200_seed42/checkpoints/hierarchical_scale200_seed42_backup.pt
Epoch 112/400  train=0.0774  val=0.0701
Epoch 114/400  train=0.0774  val=0.0727
Model saved to /kaggle/working/results/hierarchical_scale200_seed42/checkpoints/hierarchical_scale200_seed42_backup.pt
Epoch 116/400  train=0.0781  val=0.0677
Epoch 118/400  train=0.0775  val=0.0699
Epoch 120/400  train=0.0776  val=0.0692
Model saved to /kaggle/working/results/hierarchical_scale200_seed42/checkpoints/hierarchical_scale200_seed42_backup.pt
Epoch 122/400  train=0.0753  val=0.0683
Epoch 124/400  train=0.0751  val=0.0656
Model saved to /kaggle/working/results/hierarchical_scale200_seed42/checkpoints/hierarchical_scale200_seed42_backup.pt
Epoch 126/400  train=0.0765  val=0.0693
Epoch 128/400  train=0.0741  val=0.0652
Epoch 130/400  train=0.0754  val=0.0676
Model saved to /kaggle/working/results/hierarchical_scale200_seed42/checkpoints/hierarchical_scale200_seed42_backup.pt
Epoch 132/400  train=0.0780  val=0.0710
Epoch 134/400  train=0.0766  val=0.0656
Model saved to /kaggle/working/results/hierarchical_scale200_seed42/checkpoints/hierarchical_scale200_seed42_backup.pt
Epoch 136/400  train=0.0761  val=0.1096
Epoch 138/400  train=0.0728  val=0.0703
Epoch 140/400  train=0.0725  val=0.0655
Model saved to /kaggle/working/results/hierarchical_scale200_seed42/checkpoints/hierarchical_scale200_seed42_backup.pt
Epoch 142/400  train=0.0728  val=0.0717
Epoch 144/400  train=0.0724  val=0.0671
Model saved to /kaggle/working/results/hierarchical_scale200_seed42/checkpoints/hierarchical_scale200_seed42_backup.pt
Epoch 146/400  train=0.0724  val=0.0633
Epoch 148/400  train=0.0723  val=0.0641
Epoch 150/400  train=0.0728  val=0.0677
Model saved to /kaggle/working/results/hierarchical_scale200_seed42/checkpoints/hierarchical_scale200_seed42_backup.pt
Epoch 152/400  train=0.0722  val=0.0610
Epoch 154/400  train=0.0728  val=0.0676
Model saved to /kaggle/working/results/hierarchical_scale200_seed42/checkpoints/hierarchical_scale200_seed42_backup.pt
Epoch 156/400  train=0.0720  val=0.0636
Epoch 158/400  train=0.0724  val=0.0635
Epoch 160/400  train=0.0719  val=0.0595
Model saved to /kaggle/working/results/hierarchical_scale200_seed42/checkpoints/hierarchical_scale200_seed42_backup.pt
Epoch 162/400  train=0.0717  val=0.0681
Epoch 164/400  train=0.0724  val=0.0659
Model saved to /kaggle/working/results/hierarchical_scale200_seed42/checkpoints/hierarchical_scale200_seed42_backup.pt
Epoch 166/400  train=0.0710  val=0.0619
Epoch 168/400  train=0.0711  val=0.0662
Epoch 170/400  train=0.0719  val=0.0666
Model saved to /kaggle/working/results/hierarchical_scale200_seed42/checkpoints/hierarchical_scale200_seed42_backup.pt
Epoch 172/400  train=0.0700  val=0.0617
Epoch 174/400  train=0.0702  val=0.0619
Model saved to /kaggle/working/results/hierarchical_scale200_seed42/checkpoints/hierarchical_scale200_seed42_backup.pt
Epoch 176/400  train=0.0714  val=0.0631
Epoch 178/400  train=0.0708  val=0.0649
Epoch 180/400  train=0.0686  val=0.0707
Model saved to /kaggle/working/results/hierarchical_scale200_seed42/checkpoints/hierarchical_scale200_seed42_backup.pt
Epoch 182/400  train=0.0686  val=0.0624
Epoch 184/400  train=0.0692  val=0.0684
Model saved to /kaggle/working/results/hierarchical_scale200_seed42/checkpoints/hierarchical_scale200_seed42_backup.pt
Epoch 186/400  train=0.0684  val=0.0706
Epoch 188/400  train=0.0674  val=0.0640
Epoch 190/400  train=0.0709  val=0.0661
Model saved to /kaggle/working/results/hierarchical_scale200_seed42/checkpoints/hierarchical_scale200_seed42_backup.pt
W0811 19:52:40.741000 4847 torch/distributed/elastic/agent/server/api.py:739] Received 2 death signal, shutting down workers
W0811 19:52:40.742000 4847 torch/distributed/elastic/multiprocessing/api.py:1010] Sending process 4855 closing signal SIGINT
W0811 19:52:40.745000 4847 torch/distributed/elastic/multiprocessing/api.py:1010] Sending process 4856 closing signal SIGINT
Exception in thread Thread-3 (_pin_memory_loop):
Traceback (most recent call last):
  File "/usr/lib/python3.12/threading.py", line 1075, in _bootstrap_inner
    self.run()
  File "/usr/lib/python3.12/threading.py", line 1012, in run
    self._target(*self._args, **self._kwargs)
  File "/usr/local/lib/python3.12/dist-packages/torch/utils/data/_utils/pin_memory.py", line 52, in _pin_memory_loop
    do_one_step()
  File "/usr/local/lib/python3.12/dist-packages/torch/utils/data/_utils/pin_memory.py", line 28, in do_one_step
    r = in_queue.get(timeout=MP_STATUS_CHECK_INTERVAL)
        ^^^^^^^^^^^^^^^^^^^^^^^^^^^^^^^^^^^^^^^^^^^^^^
  File "/usr/lib/python3.12/multiprocessing/queues.py", line 122, in get
    return _ForkingPickler.loads(res)
           ^^^^^^^^^^^^^^^^^^^^^^^^^^
  File "/usr/local/lib/python3.12/dist-packages/torch/multiprocessing/reductions.py", line 540, in rebuild_storage_fd
    fd = df.detach()
         ^^^^^^^^^^^
  File "/usr/lib/python3.12/multiprocessing/resource_sharer.py", line 57, in detach
    with _resource_sharer.get_connection(self._id) as conn:
         ^^^^^^^^^^^^^^^^^^^^^^^^^^^^^^^^^^^^^^^^^
  File "/usr/lib/python3.12/multiprocessing/resource_sharer.py", line 86, in get_connection
    c = Client(address, authkey=process.current_process().authkey)
        ^^^^^^^^^^^^^^^^^^^^^^^^^^^^^^^^^^^^^^^^^^^^^^^^^^^^^^^^^^
  File "/usr/lib/python3.12/multiprocessing/connection.py", line 519, in Client
    c = SocketClient(address)
        ^^^^^^^^^^^^^^^^^^^^^
  File "/usr/lib/python3.12/multiprocessing/connection.py", line 647, in SocketClient
    s.connect(address)
FileNotFoundError: [Errno 2] No such file or directory
W0811 19:53:10.746000 4847 torch/distributed/elastic/multiprocessing/api.py:1029] Unable to shutdown process 4855 via 2, forcefully exiting via 9
W0811 19:53:11.112000 4847 torch/distributed/elastic/multiprocessing/api.py:1029] Unable to shutdown process 4856 via 2, forcefully exiting via 9
Traceback (most recent call last):
  File "<frozen runpy>", line 198, in _run_module_as_main
  File "<frozen runpy>", line 88, in _run_code
  File "/usr/local/lib/python3.12/dist-packages/torch/distributed/run.py", line 995, in <module>
    main()
  File "/usr/local/lib/python3.12/dist-packages/torch/distributed/elastic/multiprocessing/errors/__init__.py", line 362, in wrapper
    return f(*args, **kwargs)
           ^^^^^^^^^^^^^^^^^^
  File "/usr/local/lib/python3.12/dist-packages/torch/distributed/run.py", line 991, in main
    run(args)
  File "/usr/local/lib/python3.12/dist-packages/torch/distributed/run.py", line 982, in run
    elastic_launch(
  File "/usr/local/lib/python3.12/dist-packages/torch/distributed/launcher/api.py", line 170, in __call__
    return launch_agent(self._config, self._entrypoint, list(args))
           ^^^^^^^^^^^^^^^^^^^^^^^^^^^^^^^^^^^^^^^^^^^^^^^^^^^^^^^^
  File "/usr/local/lib/python3.12/dist-packages/torch/distributed/launcher/api.py", line 308, in launch_agent
    result = agent.run()
             ^^^^^^^^^^^
  File "/usr/local/lib/python3.12/dist-packages/torch/distributed/elastic/metrics/api.py", line 134, in wrapper
    result = f(*args, **kwargs)
             ^^^^^^^^^^^^^^^^^^
  File "/usr/local/lib/python3.12/dist-packages/torch/distributed/elastic/agent/server/api.py", line 731, in run
    result = self._invoke_run(role)
             ^^^^^^^^^^^^^^^^^^^^^^
  File "/usr/local/lib/python3.12/dist-packages/torch/distributed/elastic/agent/server/api.py", line 908, in _invoke_run
    time.sleep(monitor_interval)
  File "/usr/local/lib/python3.12/dist-packages/torch/distributed/elastic/multiprocessing/api.py", line 86, in _terminate_process_handler
    raise SignalException(f"Process {os.getpid()} got signal: {sigval}", sigval=sigval)
torch.distributed.elastic.multiprocessing.api.SignalException: Process 4847 got signal: 2

*****************************************
Setting OMP_NUM_THREADS environment variable for each process to be 1 in default, to avoid your system being overloaded, please further tune the variable for optimal performance in your application as needed. 
*****************************************
[W812 09:20:32.160172582 socket.cpp:207] [c10d] The hostname of the client socket cannot be retrieved. err=-3
[W812 09:20:43.010769346 socket.cpp:207] [c10d] The hostname of the client socket cannot be retrieved. err=-3
[W812 09:20:43.039497504 socket.cpp:207] [c10d] The hostname of the client socket cannot be retrieved. err=-3
Indexed 3904 graphs across 7 type(s)
  skipped 26 duplicate graph UUID path(s)
  2layer: 800
    avg size: 0.62 MB
    total size: 496.43 MB
  3layer: 800
    avg size: 0.92 MB
    total size: 737.16 MB
  conv1d: 346
    avg size: 5.82 MB
    total size: 2015.27 MB
  conv2d: 194
    avg size: 6.05 MB
    total size: 1173.97 MB
  dense_latency: 550
    avg size: 6.11 MB
    total size: 3358.46 MB
  dense_resource: 414
    avg size: 6.10 MB
    total size: 2526.88 MB
  rule4ml: 800
    avg size: 5.82 MB
    total size: 4658.69 MB
Indexed 799 graphs across 1 type(s)
  exemplar: 799
    avg size: 2.67 MB
    total size: 2131.49 MB
Training 400 epochs...
/usr/local/lib/python3.12/dist-packages/torch_geometric/utils/_scatter.py:91: UserWarning: The usage of `scatter(reduce='max')` can be accelerated via the 'torch-scatter' package, but it was not found
  warnings.warn(
/usr/local/lib/python3.12/dist-packages/torch_geometric/utils/_scatter.py:91: UserWarning: The usage of `scatter(reduce='max')` can be accelerated via the 'torch-scatter' package, but it was not found
  warnings.warn(
Epoch 192/400  train=0.0678  val=0.0702
Epoch 194/400  train=0.0707  val=0.0627
Model saved to /kaggle/working/results/hierarchical_scale200_seed42/checkpoints/hierarchical_scale200_seed42_backup.pt
Epoch 196/400  train=0.0697  val=0.0614
Epoch 198/400  train=0.0684  val=0.0706
Epoch 200/400  train=0.0673  val=0.0660
Model saved to /kaggle/working/results/hierarchical_scale200_seed42/checkpoints/hierarchical_scale200_seed42_backup.pt
Epoch 202/400  train=0.0675  val=0.0671
Epoch 204/400  train=0.0695  val=0.0655
Model saved to /kaggle/working/results/hierarchical_scale200_seed42/checkpoints/hierarchical_scale200_seed42_backup.pt
Epoch 206/400  train=0.0672  val=0.0696
Epoch 208/400  train=0.0665  val=0.0640
Epoch 210/400  train=0.0687  val=0.0682
Model saved to /kaggle/working/results/hierarchical_scale200_seed42/checkpoints/hierarchical_scale200_seed42_backup.pt
Epoch 212/400  train=0.0684  val=0.0612
Epoch 214/400  train=0.0679  val=0.0723
Model saved to /kaggle/working/results/hierarchical_scale200_seed42/checkpoints/hierarchical_scale200_seed42_backup.pt
Epoch 216/400  train=0.0667  val=0.0643
Epoch 218/400  train=0.0671  val=0.0610
Early stopping triggered after 219 epochs.
Best model restored from epoch 189 with validation smape 24.5235
/usr/local/lib/python3.12/dist-packages/torch/distributed/c10d_logger.py:83: UserWarning: barrier(): using the device under current context. You can specify `device_id` in `init_process_group` to mute this warning.
  return func(*args, **kwargs)
Wrote result bundle to /kaggle/working/results/hierarchical_scale200_seed42
