
*****************************************
Setting OMP_NUM_THREADS environment variable for each process to be 1 in default, to avoid your system being overloaded, please further tune the variable for optimal performance in your application as needed. 
*****************************************
[W731 17:28:53.805829287 socket.cpp:207] [c10d] The hostname of the client socket cannot be retrieved. err=-3
[W731 17:29:02.868944230 socket.cpp:207] [c10d] The hostname of the client socket cannot be retrieved. err=-3
[W731 17:29:02.900121081 socket.cpp:207] [c10d] The hostname of the client socket cannot be retrieved. err=-3
Indexed 3904 graphs across 7 type(s)
  skipped 26 duplicate graph UUID path(s)
  2layer: 800
    avg size: 0.72 MB
    total size: 576.36 MB
  3layer: 800
    avg size: 1.09 MB
    total size: 875.00 MB
  conv1d: 346
    avg size: 6.97 MB
    total size: 2412.64 MB
  conv2d: 194
    avg size: 7.30 MB
    total size: 1416.81 MB
  dense_latency: 550
    avg size: 7.37 MB
    total size: 4051.79 MB
  dense_resource: 414
    avg size: 7.40 MB
    total size: 3062.25 MB
  rule4ml: 800
    avg size: 6.72 MB
    total size: 5374.98 MB
Indexed 799 graphs across 1 type(s)
  exemplar: 799
    avg size: 3.08 MB
    total size: 2463.90 MB
/kaggle/working/ll-hls4ml/src/ll_hls4ml/models/hetero_gat.py:28: UserWarning: There exist node types ({'pragma'}) whose representations do not get updated during message passing as they do not occur as destination type in any edge type. This may lead to unexpected behavior.
  self.conv = HeteroConv(
/kaggle/working/ll-hls4ml/src/ll_hls4ml/models/hetero_gat.py:28: UserWarning: There exist node types ({'pragma'}) whose representations do not get updated during message passing as they do not occur as destination type in any edge type. This may lead to unexpected behavior.
  self.conv = HeteroConv(
Training 400 epochs...
/usr/local/lib/python3.12/dist-packages/torch_geometric/utils/_scatter.py:91: UserWarning: The usage of `scatter(reduce='max')` can be accelerated via the 'torch-scatter' package, but it was not found
  warnings.warn(
/usr/local/lib/python3.12/dist-packages/torch_geometric/utils/_scatter.py:91: UserWarning: The usage of `scatter(reduce='max')` can be accelerated via the 'torch-scatter' package, but it was not found
  warnings.warn(
Epoch   1/400  train=0.4321  val=0.3822
Epoch   2/400  train=0.3294  val=0.2979
Epoch   4/400  train=0.2820  val=0.2685
Model saved to /kaggle/working/results/kaggle_v2_gatv2_1head_scale050_seed42/checkpoints/kaggle_v2_gatv2_1head_scale050_seed42_backup.pt
Epoch   6/400  train=0.2135  val=0.1973
Epoch   8/400  train=0.1929  val=0.2289
Epoch  10/400  train=0.1797  val=0.1703
Model saved to /kaggle/working/results/kaggle_v2_gatv2_1head_scale050_seed42/checkpoints/kaggle_v2_gatv2_1head_scale050_seed42_backup.pt
Epoch  12/400  train=0.1749  val=0.1566
Epoch  14/400  train=0.1799  val=0.1717
Model saved to /kaggle/working/results/kaggle_v2_gatv2_1head_scale050_seed42/checkpoints/kaggle_v2_gatv2_1head_scale050_seed42_backup.pt
Epoch  16/400  train=0.1652  val=0.1489
Epoch  18/400  train=0.1638  val=0.1487
Epoch  20/400  train=0.1556  val=0.1419
Model saved to /kaggle/working/results/kaggle_v2_gatv2_1head_scale050_seed42/checkpoints/kaggle_v2_gatv2_1head_scale050_seed42_backup.pt
Epoch  22/400  train=0.1569  val=0.1427
Epoch  24/400  train=0.1493  val=0.1412
Model saved to /kaggle/working/results/kaggle_v2_gatv2_1head_scale050_seed42/checkpoints/kaggle_v2_gatv2_1head_scale050_seed42_backup.pt
Epoch  26/400  train=0.1470  val=0.1718
Epoch  28/400  train=0.1458  val=0.1391
Epoch  30/400  train=0.1456  val=0.1519
Model saved to /kaggle/working/results/kaggle_v2_gatv2_1head_scale050_seed42/checkpoints/kaggle_v2_gatv2_1head_scale050_seed42_backup.pt
Epoch  32/400  train=0.1471  val=0.1497
Epoch  34/400  train=0.1430  val=0.1571
Model saved to /kaggle/working/results/kaggle_v2_gatv2_1head_scale050_seed42/checkpoints/kaggle_v2_gatv2_1head_scale050_seed42_backup.pt
Epoch  36/400  train=0.1598  val=0.1768
Epoch  38/400  train=0.1493  val=0.1371
Epoch  40/400  train=0.1434  val=0.1352
Model saved to /kaggle/working/results/kaggle_v2_gatv2_1head_scale050_seed42/checkpoints/kaggle_v2_gatv2_1head_scale050_seed42_backup.pt
Epoch  42/400  train=0.1426  val=0.1404
Epoch  44/400  train=0.1384  val=0.1444
Model saved to /kaggle/working/results/kaggle_v2_gatv2_1head_scale050_seed42/checkpoints/kaggle_v2_gatv2_1head_scale050_seed42_backup.pt
Epoch  46/400  train=0.1360  val=0.1305
Epoch  48/400  train=0.1363  val=0.1338
Epoch  50/400  train=0.1370  val=0.1337
Model saved to /kaggle/working/results/kaggle_v2_gatv2_1head_scale050_seed42/checkpoints/kaggle_v2_gatv2_1head_scale050_seed42_backup.pt
Epoch  52/400  train=0.1372  val=0.1508
Epoch  54/400  train=0.1389  val=0.1273
Model saved to /kaggle/working/results/kaggle_v2_gatv2_1head_scale050_seed42/checkpoints/kaggle_v2_gatv2_1head_scale050_seed42_backup.pt
Epoch  56/400  train=0.1408  val=0.1358
Epoch  58/400  train=0.1322  val=0.1252
Epoch  60/400  train=0.1290  val=0.1292
Model saved to /kaggle/working/results/kaggle_v2_gatv2_1head_scale050_seed42/checkpoints/kaggle_v2_gatv2_1head_scale050_seed42_backup.pt
Epoch  62/400  train=0.1318  val=0.1281
Epoch  64/400  train=0.1352  val=0.1294
Model saved to /kaggle/working/results/kaggle_v2_gatv2_1head_scale050_seed42/checkpoints/kaggle_v2_gatv2_1head_scale050_seed42_backup.pt
Epoch  66/400  train=0.1271  val=0.1308
Epoch  68/400  train=0.1247  val=0.1195
Epoch  70/400  train=0.1304  val=0.1215
Model saved to /kaggle/working/results/kaggle_v2_gatv2_1head_scale050_seed42/checkpoints/kaggle_v2_gatv2_1head_scale050_seed42_backup.pt
Epoch  72/400  train=0.1258  val=0.1299
Epoch  74/400  train=0.1265  val=0.1186
Model saved to /kaggle/working/results/kaggle_v2_gatv2_1head_scale050_seed42/checkpoints/kaggle_v2_gatv2_1head_scale050_seed42_backup.pt
Epoch  76/400  train=0.1240  val=0.1217
Epoch  78/400  train=0.1291  val=0.1243
Epoch  80/400  train=0.1285  val=0.1303
Model saved to /kaggle/working/results/kaggle_v2_gatv2_1head_scale050_seed42/checkpoints/kaggle_v2_gatv2_1head_scale050_seed42_backup.pt
Epoch  82/400  train=0.1266  val=0.1172
Epoch  84/400  train=0.1282  val=0.1210
Model saved to /kaggle/working/results/kaggle_v2_gatv2_1head_scale050_seed42/checkpoints/kaggle_v2_gatv2_1head_scale050_seed42_backup.pt
Epoch  86/400  train=0.1199  val=0.1359
Epoch  88/400  train=0.1239  val=0.1244
Epoch  90/400  train=0.1228  val=0.1189
Model saved to /kaggle/working/results/kaggle_v2_gatv2_1head_scale050_seed42/checkpoints/kaggle_v2_gatv2_1head_scale050_seed42_backup.pt
Epoch  92/400  train=0.1235  val=0.1261
Epoch  94/400  train=0.1201  val=0.1193
Model saved to /kaggle/working/results/kaggle_v2_gatv2_1head_scale050_seed42/checkpoints/kaggle_v2_gatv2_1head_scale050_seed42_backup.pt
Epoch  96/400  train=0.1200  val=0.1165
Epoch  98/400  train=0.1171  val=0.1169
Epoch 100/400  train=0.1219  val=0.1127
Model saved to /kaggle/working/results/kaggle_v2_gatv2_1head_scale050_seed42/checkpoints/kaggle_v2_gatv2_1head_scale050_seed42_backup.pt
Epoch 102/400  train=0.1215  val=0.1322
Epoch 104/400  train=0.1170  val=0.1137
Model saved to /kaggle/working/results/kaggle_v2_gatv2_1head_scale050_seed42/checkpoints/kaggle_v2_gatv2_1head_scale050_seed42_backup.pt
Epoch 106/400  train=0.1155  val=0.1117
Epoch 108/400  train=0.1122  val=0.1089
Epoch 110/400  train=0.1125  val=0.1121
Model saved to /kaggle/working/results/kaggle_v2_gatv2_1head_scale050_seed42/checkpoints/kaggle_v2_gatv2_1head_scale050_seed42_backup.pt
Epoch 112/400  train=0.1103  val=0.1148
Epoch 114/400  train=0.1118  val=0.1050
Model saved to /kaggle/working/results/kaggle_v2_gatv2_1head_scale050_seed42/checkpoints/kaggle_v2_gatv2_1head_scale050_seed42_backup.pt
Epoch 116/400  train=0.1135  val=0.1030
Epoch 118/400  train=0.1076  val=0.1056
Epoch 120/400  train=0.1028  val=0.1051
Model saved to /kaggle/working/results/kaggle_v2_gatv2_1head_scale050_seed42/checkpoints/kaggle_v2_gatv2_1head_scale050_seed42_backup.pt
Epoch 122/400  train=0.1095  val=0.1228
Epoch 124/400  train=0.1073  val=0.1155
Model saved to /kaggle/working/results/kaggle_v2_gatv2_1head_scale050_seed42/checkpoints/kaggle_v2_gatv2_1head_scale050_seed42_backup.pt
Epoch 126/400  train=0.1036  val=0.1052
Epoch 128/400  train=0.1068  val=0.0982
Epoch 130/400  train=0.1054  val=0.1142
Model saved to /kaggle/working/results/kaggle_v2_gatv2_1head_scale050_seed42/checkpoints/kaggle_v2_gatv2_1head_scale050_seed42_backup.pt
Epoch 132/400  train=0.1035  val=0.1043
Epoch 134/400  train=0.1044  val=0.1014
Model saved to /kaggle/working/results/kaggle_v2_gatv2_1head_scale050_seed42/checkpoints/kaggle_v2_gatv2_1head_scale050_seed42_backup.pt
Epoch 136/400  train=0.1013  val=0.1159
Epoch 138/400  train=0.1042  val=0.1181
Epoch 140/400  train=0.0974  val=0.1065
Model saved to /kaggle/working/results/kaggle_v2_gatv2_1head_scale050_seed42/checkpoints/kaggle_v2_gatv2_1head_scale050_seed42_backup.pt
Epoch 142/400  train=0.1007  val=0.1067
Epoch 144/400  train=0.1027  val=0.1064
Model saved to /kaggle/working/results/kaggle_v2_gatv2_1head_scale050_seed42/checkpoints/kaggle_v2_gatv2_1head_scale050_seed42_backup.pt
Epoch 146/400  train=0.1014  val=0.1011
Epoch 148/400  train=0.1017  val=0.1151
Epoch 150/400  train=0.0944  val=0.1028
Model saved to /kaggle/working/results/kaggle_v2_gatv2_1head_scale050_seed42/checkpoints/kaggle_v2_gatv2_1head_scale050_seed42_backup.pt
Epoch 152/400  train=0.0977  val=0.1032
Epoch 154/400  train=0.0989  val=0.1034
Model saved to /kaggle/working/results/kaggle_v2_gatv2_1head_scale050_seed42/checkpoints/kaggle_v2_gatv2_1head_scale050_seed42_backup.pt
Epoch 156/400  train=0.1006  val=0.1229
Epoch 158/400  train=0.0981  val=0.0965
Epoch 160/400  train=0.0953  val=0.1029
Model saved to /kaggle/working/results/kaggle_v2_gatv2_1head_scale050_seed42/checkpoints/kaggle_v2_gatv2_1head_scale050_seed42_backup.pt
Epoch 162/400  train=0.0933  val=0.1043
Epoch 164/400  train=0.0944  val=0.1089
Model saved to /kaggle/working/results/kaggle_v2_gatv2_1head_scale050_seed42/checkpoints/kaggle_v2_gatv2_1head_scale050_seed42_backup.pt
Epoch 166/400  train=0.0940  val=0.0989
Epoch 168/400  train=0.0952  val=0.1049
Epoch 170/400  train=0.0949  val=0.1127
Model saved to /kaggle/working/results/kaggle_v2_gatv2_1head_scale050_seed42/checkpoints/kaggle_v2_gatv2_1head_scale050_seed42_backup.pt
Epoch 172/400  train=0.0974  val=0.1037
W0731 20:28:51.238000 4894 torch/distributed/elastic/agent/server/api.py:739] Received 2 death signal, shutting down workers
W0731 20:28:51.239000 4894 torch/distributed/elastic/multiprocessing/api.py:1010] Sending process 4902 closing signal SIGINT
W0731 20:28:51.241000 4894 torch/distributed/elastic/multiprocessing/api.py:1010] Sending process 4903 closing signal SIGINT
[rank0]: Traceback (most recent call last):
[rank0]:   File "/kaggle/working/ll-hls4ml/scripts/train.py", line 774, in <module>
[rank0]:     main()
[rank0]:   File "/kaggle/working/ll-hls4ml/scripts/train.py", line 658, in main
[rank0]:     model = fit(
[rank0]:             ^^^^
[rank0]:   File "/kaggle/working/ll-hls4ml/src/ll_hls4ml/training/loops.py", line 320, in fit
[rank0]:     train_loss = train_one_epoch(
[rank0]:                  ^^^^^^^^^^^^^^^^
[rank0]:   File "/kaggle/working/ll-hls4ml/src/ll_hls4ml/training/loops.py", line 145, in train_one_epoch
[rank0]:     loss.backward()
[rank0]:   File "/usr/local/lib/python3.12/dist-packages/torch/_tensor.py", line 630, in backward
[rank0]:     torch.autograd.backward(
[rank0]:   File "/usr/local/lib/python3.12/dist-packages/torch/autograd/__init__.py", line 364, in backward
[rank0]:     _engine_run_backward(
[rank0]:   File "/usr/local/lib/python3.12/dist-packages/torch/autograd/graph.py", line 865, in _engine_run_backward
[rank0]:     return Variable._execution_engine.run_backward(  # Calls into the C++ engine to run the backward pass
[rank0]:            ^^^^^^^^^^^^^^^^^^^^^^^^^^^^^^^^^^^^^^^^^^^^^^^^^^^^^^^^^^^^^^^^^^^^^^^^^^^^^^^^^^^^^^^^^^^^^^
[rank0]: KeyboardInterrupt
[rank1]: Traceback (most recent call last):
[rank1]:   File "/kaggle/working/ll-hls4ml/scripts/train.py", line 774, in <module>
[rank1]:     main()
[rank1]:   File "/kaggle/working/ll-hls4ml/scripts/train.py", line 658, in main
[rank1]:     model = fit(
[rank1]:             ^^^^
[rank1]:   File "/kaggle/working/ll-hls4ml/src/ll_hls4ml/training/loops.py", line 320, in fit
[rank1]:     train_loss = train_one_epoch(
[rank1]:                  ^^^^^^^^^^^^^^^^
[rank1]:   File "/kaggle/working/ll-hls4ml/src/ll_hls4ml/training/loops.py", line 145, in train_one_epoch
[rank1]:     loss.backward()
[rank1]:   File "/usr/local/lib/python3.12/dist-packages/torch/_tensor.py", line 630, in backward
[rank1]:     torch.autograd.backward(
[rank1]:   File "/usr/local/lib/python3.12/dist-packages/torch/autograd/__init__.py", line 364, in backward
[rank1]:     _engine_run_backward(
[rank1]:   File "/usr/local/lib/python3.12/dist-packages/torch/autograd/graph.py", line 865, in _engine_run_backward
[rank1]:     return Variable._execution_engine.run_backward(  # Calls into the C++ engine to run the backward pass
[rank1]:            ^^^^^^^^^^^^^^^^^^^^^^^^^^^^^^^^^^^^^^^^^^^^^^^^^^^^^^^^^^^^^^^^^^^^^^^^^^^^^^^^^^^^^^^^^^^^^^
[rank1]: KeyboardInterrupt
Traceback (most recent call last):
  File "<frozen runpy>", line 198, in _run_module_as_main
  File "<frozen runpy>", line 88, in _run_code
  File "/usr/local/lib/python3.12/dist-packages/torch/distributed/run.py", line 995, in <module>
    main()
  File "/usr/local/lib/python3.12/dist-packages/torch/distributed/elastic/multiprocessing/errors/__init__.py", line 362, in wrapper
    return f(*args, **kwargs)
           ^^^^^^^^^^^^^^^^^^
  File "/usr/local/lib/python3.12/dist-packages/torch/distributed/run.py", line 991, in main
    run(args)
  File "/usr/local/lib/python3.12/dist-packages/torch/distributed/run.py", line 982, in run
    elastic_launch(
  File "/usr/local/lib/python3.12/dist-packages/torch/distributed/launcher/api.py", line 170, in __call__
    return launch_agent(self._config, self._entrypoint, list(args))
           ^^^^^^^^^^^^^^^^^^^^^^^^^^^^^^^^^^^^^^^^^^^^^^^^^^^^^^^^
  File "/usr/local/lib/python3.12/dist-packages/torch/distributed/launcher/api.py", line 308, in launch_agent
    result = agent.run()
             ^^^^^^^^^^^
  File "/usr/local/lib/python3.12/dist-packages/torch/distributed/elastic/metrics/api.py", line 134, in wrapper
    result = f(*args, **kwargs)
             ^^^^^^^^^^^^^^^^^^
  File "/usr/local/lib/python3.12/dist-packages/torch/distributed/elastic/agent/server/api.py", line 731, in run
    result = self._invoke_run(role)
             ^^^^^^^^^^^^^^^^^^^^^^
  File "/usr/local/lib/python3.12/dist-packages/torch/distributed/elastic/agent/server/api.py", line 908, in _invoke_run
    time.sleep(monitor_interval)
  File "/usr/local/lib/python3.12/dist-packages/torch/distributed/elastic/multiprocessing/api.py", line 86, in _terminate_process_handler
    raise SignalException(f"Process {os.getpid()} got signal: {sigval}", sigval=sigval)
torch.distributed.elastic.multiprocessing.api.SignalException: Process 4894 got signal: 2

*****************************************
Setting OMP_NUM_THREADS environment variable for each process to be 1 in default, to avoid your system being overloaded, please further tune the variable for optimal performance in your application as needed. 
*****************************************
[W801 12:46:19.691063088 socket.cpp:207] [c10d] The hostname of the client socket cannot be retrieved. err=-3
[W801 12:46:28.205688220 socket.cpp:207] [c10d] The hostname of the client socket cannot be retrieved. err=-3
[W801 12:46:28.290208872 socket.cpp:207] [c10d] The hostname of the client socket cannot be retrieved. err=-3
Indexed 3904 graphs across 7 type(s)
  skipped 26 duplicate graph UUID path(s)
  2layer: 800
    avg size: 0.72 MB
    total size: 576.36 MB
  3layer: 800
    avg size: 1.09 MB
    total size: 875.00 MB
  conv1d: 346
    avg size: 6.97 MB
    total size: 2412.64 MB
  conv2d: 194
    avg size: 7.30 MB
    total size: 1416.81 MB
  dense_latency: 550
    avg size: 7.37 MB
    total size: 4051.79 MB
  dense_resource: 414
    avg size: 7.40 MB
    total size: 3062.25 MB
  rule4ml: 800
    avg size: 6.72 MB
    total size: 5374.98 MB
Indexed 799 graphs across 1 type(s)
  exemplar: 799
    avg size: 3.08 MB
    total size: 2463.90 MB
/kaggle/working/ll-hls4ml/src/ll_hls4ml/models/hetero_gat.py:28: UserWarning: There exist node types ({'pragma'}) whose representations do not get updated during message passing as they do not occur as destination type in any edge type. This may lead to unexpected behavior.
  self.conv = HeteroConv(
/kaggle/working/ll-hls4ml/src/ll_hls4ml/models/hetero_gat.py:28: UserWarning: There exist node types ({'pragma'}) whose representations do not get updated during message passing as they do not occur as destination type in any edge type. This may lead to unexpected behavior.
  self.conv = HeteroConv(
Training 400 epochs...
/usr/local/lib/python3.12/dist-packages/torch_geometric/utils/_scatter.py:91: UserWarning: The usage of `scatter(reduce='max')` can be accelerated via the 'torch-scatter' package, but it was not found
  warnings.warn(
/usr/local/lib/python3.12/dist-packages/torch_geometric/utils/_scatter.py:91: UserWarning: The usage of `scatter(reduce='max')` can be accelerated via the 'torch-scatter' package, but it was not found
  warnings.warn(
Epoch 172/400  train=0.0946  val=0.0998
Epoch 174/400  train=0.0954  val=0.1031
Early stopping triggered after 175 epochs.
Model saved to /kaggle/working/results/kaggle_v2_gatv2_1head_scale050_seed42/checkpoints/kaggle_v2_gatv2_1head_scale050_seed42_backup.pt
Best model restored from epoch 145 with validation smape 34.6078
/usr/local/lib/python3.12/dist-packages/torch/distributed/c10d_logger.py:83: UserWarning: barrier(): using the device under current context. You can specify `device_id` in `init_process_group` to mute this warning.
  return func(*args, **kwargs)
Wrote result bundle to /kaggle/working/results/kaggle_v2_gatv2_1head_scale050_seed42
