[{"stream_name":"stderr","time":6.429934999,"data":"0.00s - Debugger warning: It seems that frozen modules are being used, which may\n"}
,{"stream_name":"stderr","time":6.430010816,"data":"0.00s - make the debugger miss breakpoints. Please pass -Xfrozen_modules=off\n"}
,{"stream_name":"stderr","time":6.430021804,"data":"0.00s - to python to disable frozen modules.\n"}
,{"stream_name":"stderr","time":6.430024736,"data":"0.00s - Note: Debugging will proceed. Set PYDEVD_DISABLE_FILE_VALIDATION=1 to disable this validation.\n"}
,{"stream_name":"stderr","time":7.006113898,"data":"0.00s - Debugger warning: It seems that frozen modules are being used, which may\n"}
,{"stream_name":"stderr","time":7.006169014,"data":"0.00s - make the debugger miss breakpoints. Please pass -Xfrozen_modules=off\n"}
,{"stream_name":"stderr","time":7.006183895,"data":"0.00s - to python to disable frozen modules.\n"}
,{"stream_name":"stderr","time":7.006188534,"data":"0.00s - Note: Debugging will proceed. Set PYDEVD_DISABLE_FILE_VALIDATION=1 to disable this validation.\n"}
,{"stream_name":"stdout","time":8.027338968,"data":"['trans_vs_ind_test_backup.pt']\n"}
,{"stream_name":"stdout","time":10.126639528,"data":"Collecting torch-geometric\r\n"}
,{"stream_name":"stdout","time":10.279052335,"data":"  Downloading torch_geometric-2.8.0.post1-py3-none-any.whl.metadata (64 kB)\r\n"}
,{"stream_name":"stdout","time":10.329658526,"data":"\u001b[?25l     \u001b[90m━━━━━━━━━━━━━━━━━━━━━━━━━━━━━━━━━━━━━━━━\u001b[0m \u001b[32m0.0/64.4 kB\u001b[0m \u001b[31m?\u001b[0m eta \u001b[36m-:--:--\u001b[0m\r\u001b[2K     \u001b[91m━━━━━━━━━━━━━━━━━━━━━━━━━\u001b[0m\u001b[90m╺\u001b[0m\u001b[90m━━━━━━━━━━━━━━\u001b[0m \u001b[32m41.0/64.4 kB\u001b[0m \u001b[31m2.3 MB/s\u001b[0m eta \u001b[36m0:00:01\u001b[0m\r\u001b[2K     \u001b[90m━━━━━━━━━━━━━━━━━━━━━━━━━━━━━━━━━━━━━━━\u001b[0m \u001b[32m64.4/64.4 kB\u001b[0m \u001b[31m904.5 kB/s\u001b[0m eta \u001b[36m0:00:00\u001b[0m\r\n"}
,{"stream_name":"stdout","time":10.329700469,"data":"\u001b[?25hRequirement already satisfied: aiohttp in /usr/local/lib/python3.12/dist-packages (from torch-geometric) (3.13.5)\r\n"}
,{"stream_name":"stdout","time":10.329705936,"data":"Requirement already satisfied: fsspec in /usr/local/lib/python3.12/dist-packages (from torch-geometric) (2025.3.0)\r\n"}
,{"stream_name":"stdout","time":10.329710106,"data":"Requirement already satisfied: jinja2 in /usr/local/lib/python3.12/dist-packages (from torch-geometric) (3.1.6)\r\n"}
,{"stream_name":"stdout","time":10.329714021000001,"data":"Requirement already satisfied: numpy in /usr/local/lib/python3.12/dist-packages (from torch-geometric) (2.4.6)\r\n"}
,{"stream_name":"stdout","time":10.329717982,"data":"Requirement already satisfied: psutil\u003e=5.8.0 in /usr/local/lib/python3.12/dist-packages (from torch-geometric) (5.9.5)\r\n"}
,{"stream_name":"stdout","time":10.329722081,"data":"Requirement already satisfied: pyparsing in /usr/local/lib/python3.12/dist-packages (from torch-geometric) (3.3.2)\r\n"}
,{"stream_name":"stdout","time":10.329725834,"data":"Requirement already satisfied: requests in /usr/local/lib/python3.12/dist-packages (from torch-geometric) (2.32.4)\r\n"}
,{"stream_name":"stdout","time":10.329729401,"data":"Requirement already satisfied: tqdm in /usr/local/lib/python3.12/dist-packages (from torch-geometric) (4.67.3)\r\n"}
,{"stream_name":"stdout","time":10.329733078,"data":"Requirement already satisfied: xxhash in /usr/local/lib/python3.12/dist-packages (from torch-geometric) (3.6.0)\r\n"}
,{"stream_name":"stdout","time":10.380704091,"data":"Requirement already satisfied: aiohappyeyeballs\u003e=2.5.0 in /usr/local/lib/python3.12/dist-packages (from aiohttp-\u003etorch-geometric) (2.6.1)\r\n"}
,{"stream_name":"stdout","time":10.380747563,"data":"Requirement already satisfied: aiosignal\u003e=1.4.0 in /usr/local/lib/python3.12/dist-packages (from aiohttp-\u003etorch-geometric) (1.4.0)\r\n"}
,{"stream_name":"stdout","time":10.380753197,"data":"Requirement already satisfied: attrs\u003e=17.3.0 in /usr/local/lib/python3.12/dist-packages (from aiohttp-\u003etorch-geometric) (26.1.0)\r\n"}
,{"stream_name":"stdout","time":10.380757289,"data":"Requirement already satisfied: frozenlist\u003e=1.1.1 in /usr/local/lib/python3.12/dist-packages (from aiohttp-\u003etorch-geometric) (1.8.0)\r\n"}
,{"stream_name":"stdout","time":10.380761277,"data":"Requirement already satisfied: multidict\u003c7.0,\u003e=4.5 in /usr/local/lib/python3.12/dist-packages (from aiohttp-\u003etorch-geometric) (6.7.1)\r\n"}
,{"stream_name":"stdout","time":10.380765417,"data":"Requirement already satisfied: propcache\u003e=0.2.0 in /usr/local/lib/python3.12/dist-packages (from aiohttp-\u003etorch-geometric) (0.4.1)\r\n"}
,{"stream_name":"stdout","time":10.380769296,"data":"Requirement already satisfied: yarl\u003c2.0,\u003e=1.17.0 in /usr/local/lib/python3.12/dist-packages (from aiohttp-\u003etorch-geometric) (1.23.0)\r\n"}
,{"stream_name":"stdout","time":10.380773502,"data":"Requirement already satisfied: MarkupSafe\u003e=2.0 in /usr/local/lib/python3.12/dist-packages (from jinja2-\u003etorch-geometric) (3.0.3)\r\n"}
,{"stream_name":"stdout","time":10.380777759,"data":"Requirement already satisfied: charset_normalizer\u003c4,\u003e=2 in /usr/local/lib/python3.12/dist-packages (from requests-\u003etorch-geometric) (3.4.7)\r\n"}
,{"stream_name":"stdout","time":10.380781842,"data":"Requirement already satisfied: idna\u003c4,\u003e=2.5 in /usr/local/lib/python3.12/dist-packages (from requests-\u003etorch-geometric) (3.11)\r\n"}
,{"stream_name":"stdout","time":10.380785972,"data":"Requirement already satisfied: urllib3\u003c3,\u003e=1.21.1 in /usr/local/lib/python3.12/dist-packages (from requests-\u003etorch-geometric) (2.5.0)\r\n"}
,{"stream_name":"stdout","time":10.380789911,"data":"Requirement already satisfied: certifi\u003e=2017.4.17 in /usr/local/lib/python3.12/dist-packages (from requests-\u003etorch-geometric) (2026.2.25)\r\n"}
,{"stream_name":"stdout","time":10.380793943,"data":"Requirement already satisfied: typing-extensions\u003e=4.2 in /usr/local/lib/python3.12/dist-packages (from aiosignal\u003e=1.4.0-\u003eaiohttp-\u003etorch-geometric) (4.15.0)\r\n"}
,{"stream_name":"stdout","time":10.482218691,"data":"Downloading torch_geometric-2.8.0.post1-py3-none-any.whl (1.3 MB)\r\n"}
,{"stream_name":"stdout","time":10.635119874,"data":"\u001b[?25l   \u001b[90m━━━━━━━━━━━━━━━━━━━━━━━━━━━━━━━━━━━━━━━━\u001b[0m \u001b[32m0.0/1.3 MB\u001b[0m \u001b[31m?\u001b[0m eta \u001b[36m-:--:--\u001b[0m\r\u001b[2K   \u001b[91m━━\u001b[0m\u001b[91m╸\u001b[0m\u001b[90m━━━━━━━━━━━━━━━━━━━━━━━━━━━━━━━━━━━━━\u001b[0m \u001b[32m0.1/1.3 MB\u001b[0m \u001b[31m5.0 MB/s\u001b[0m eta \u001b[36m0:00:01\u001b[0m\r\u001b[2K   \u001b[91m━━━━━━━━━\u001b[0m\u001b[91m╸\u001b[0m\u001b[90m━━━━━━━━━━━━━━━━━━━━━━━━━━━━━━\u001b[0m \u001b[32m0.3/1.3 MB\u001b[0m \u001b[31m4.6 MB/s\u001b[0m eta \u001b[36m0:00:01\u001b[0m\r\u001b[2K   \u001b[91m━━━━━━━━━━━━━━━━━\u001b[0m\u001b[91m╸\u001b[0m\u001b[90m━━━━━━━━━━━━━━━━━━━━━━\u001b[0m \u001b[32m0.6/1.3 MB\u001b[0m \u001b[31m5.6 MB/s\u001b[0m eta \u001b[36m0:00:01\u001b[0m\r\u001b[2K   \u001b[91m━━━━━━━━━━━━━━━━━━━━━━━━━━━━━━━\u001b[0m\u001b[90m╺\u001b[0m\u001b[90m━━━━━━━━\u001b[0m \u001b[32m1.0/1.3 MB\u001b[0m \u001b[31m7.5 MB/s\u001b[0m eta \u001b[36m0:00:01\u001b[0m\r\u001b[2K   \u001b[90m━━━━━━━━━━━━━━━━━━━━━━━━━━━━━━━━━━━━━━━━\u001b[0m \u001b[32m1.3/1.3 MB\u001b[0m \u001b[31m8.1 MB/s\u001b[0m eta \u001b[36m0:00:00\u001b[0m\r\n"}
,{"stream_name":"stdout","time":12.665322742,"data":"\u001b[?25hInstalling collected packages: torch-geometric\r\n"}
,{"stream_name":"stdout","time":13.677336738,"data":"Successfully installed torch-geometric-2.8.0.post1\r\n"}
,{"stream_name":"stdout","time":17.135156381,"data":"Cloning into 'll-hls4ml'...\r\n"}
,{"stream_name":"stdout","time":18.047181061,"data":"remote: Enumerating objects: 524, done.\u001b[K\r\n"}
,{"stream_name":"stdout","time":18.097870383,"data":"remote: Counting objects:   0% (1/524)\u001b[K\rremote: Counting objects:   1% (6/524)\u001b[K\rremote: Counting objects:   2% (11/524)\u001b[K\rremote: Counting objects:   3% (16/524)\u001b[K\rremote: Counting objects:   4% (21/524)\u001b[K\rremote: Counting objects:   5% (27/524)\u001b[K\rremote: Counting objects:   6% (32/524)\u001b[K\rremote: Counting objects:   7% (37/524)\u001b[K\rremote: Counting objects:   8% (42/524)\u001b[K\rremote: Counting objects:   9% (48/524)\u001b[K\rremote: Counting objects:  10% (53/524)\u001b[K\rremote: Counting objects:  11% (58/524)\u001b[K\rremote: Counting objects:  12% (63/524)\u001b[K\rremote: Counting objects:  13% (69/524)\u001b[K\rremote: Counting objects:  14% (74/524)\u001b[K\rremote: Counting objects:  15% (79/524)\u001b[K\rremote: Counting objects:  16% (84/524)\u001b[K\rremote: Counting objects:  17% (90/524)\u001b[K\rremote: Counting objects:  18% (95/524)\u001b[K\rremote: Counting objects:  19% (100/524)\u001b[K\rremote: Counting objects:  20% (105/524)\u001b[K\rremote: Counting objects:  21% (111/524)\u001b[K\rremote: Counting objects:  22% (116/524)\u001b[K\rremote: Counting objects:  23% (121/524)\u001b[K\rremote: Counting objects:  24% (126/524)\u001b[K\rremote: Counting objects:  25% (131/524)\u001b[K\rremote: Counting objects:  26% (137/524)\u001b[K\rremote: Counting objects:  27% (142/524)\u001b[K\rremote: Counting objects:  28% (147/524)\u001b[K\rremote: Counting objects:  29% (152/524)\u001b[K\rremote: Counting objects:  30% (158/524)\u001b[K\rremote: Counting objects:  31% (163/524)\u001b[K\rremote: Counting objects:  32% (168/524)\u001b[K\rremote: Counting objects:  33% (173/524)\u001b[K\rremote: Counting objects:  34% (179/524)\u001b[K\rremote: Counting objects:  35% (184/524)\u001b[K\rremote: Counting objects:  36% (189/524)\u001b[K\rremote: Counting objects:  37% (194/524)\u001b[K\rremote: Counting objects:  38% (200/524)\u001b[K\rremote: Counting objects:  39% (205/524)\u001b[K\rremote: Counting objects:  40% (210/524)\u001b[K\rremote: Counting objects:  41% (215/524)\u001b[K\rremote: Counting objects:  42% (221/524)\u001b[K\rremote: Counting objects:  43% (226/524)\u001b[K\rremote: Counting objects:  44% (231/524)\u001b[K\rremote: Counting objects:  45% (236/524)\u001b[K\rremote: Counting objects:  46% (242/524)\u001b[K\rremote: Counting objects:  47% (247/524)\u001b[K\rremote: Counting objects:  48% (252/524)\u001b[K\rremote: Counting objects:  49% (257/524)\u001b[K\rremote: Counting objects:  50% (262/524)\u001b[K\rremote: Counting objects:  51% (268/524)\u001b[K\rremote: Counting objects:  52% (273/524)\u001b[K\rremote: Counting objects:  53% (278/524)\u001b[K\rremote: Counting objects:  54% (283/524)\u001b[K\rremote: Counting objects:  55% (289/524)\u001b[K\rremote: Counting objects:  56% (294/524)\u001b[K\rremote: Counting objects:  57% (299/524)\u001b[K\rremote: Counting objects:  58% (304/524)\u001b[K\rremote: Counting objects:  59% (310/524)\u001b[K\rremote: Counting objects:  60% (315/524)\u001b[K\rremote: Counting objects:  61% (320/524)\u001b[K\rremote: Counting objects:  62% (325/524)\u001b[K\rremote: Counting objects:  63% (331/524)\u001b[K\rremote: Counting objects:  64% (336/524)\u001b[K\rremote: Counting objects:  65% (341/524)\u001b[K\rremote: Counting objects:  66% (346/524)\u001b[K\rremote: Counting objects:  67% (352/524)\u001b[K\rremote: Counting objects:  68% (357/524)\u001b[K\rremote: Counting objects:  69% (362/524)\u001b[K\rremote: Counting objects:  70% (367/524)\u001b[K\rremote: Counting objects:  71% (373/524)\u001b[K\rremote: Counting objects:  72% (378/524)\u001b[K\rremote: Counting objects:  73% (383/524)\u001b[K\rremote: Counting objects:  74% (388/524)\u001b[K\rremote: Counting objects:  75% (393/524)\u001b[K\rremote: Counting objects:  76% (399/524)\u001b[K\rremote: Counting objects:  77% (404/524)\u001b[K\rremote: Counting objects:  78% (409/524)\u001b[K\rremote: Counting objects:  79% (414/524)\u001b[K\rremote: Counting objects:  80% (420/524)\u001b[K\rremote: Counting objects:  81% (425/524)\u001b[K\rremote: Counting objects:  82% (430/524)\u001b[K\rremote: Counting objects:  83% (435/524)\u001b[K\rremote: Counting objects:  84% (441/524)\u001b[K\rremote: Counting objects:  85% (446/524)\u001b[K\rremote: Counting objects:  86% (451/524)\u001b[K\rremote: Counting objects:  87% (456/524)\u001b[K\rremote: Counting objects:  88% (462/524)\u001b[K\rremote: Counting objects:  89% (467/524)\u001b[K\rremote: Counting objects:  90% (472/524)\u001b[K\rremote: Counting objects:  91% (477/524)\u001b[K\rremote: Counting objects:  92% (483/524)\u001b[K\rremote: Counting objects:  93% (488/524)\u001b[K\rremote: Counting objects:  94% (493/524)\u001b[K\rremote: Counting objects:  95% (498/524)\u001b[K\rremote: Counting objects:  96% (504/524)\u001b[K\rremote: Counting objects:  97% (509/524)\u001b[K\rremote: Counting objects:  98% (514/524)\u001b[K\rremote: Counting objects:  99% (519/524)\u001b[K\rremote: Counting objects: 100% (524/524)\u001b[K\rremote: Counting objects: 100% (524/524), done.\u001b[K\r\n"}
,{"stream_name":"stdout","time":18.757083034,"data":"remote: Compressing objects:   0% (1/290)\u001b[K\rremote: Compressing objects:   1% (3/290)\u001b[K\rremote: Compressing objects:   2% (6/290)\u001b[K\rremote: Compressing objects:   3% (9/290)\u001b[K\rremote: Compressing objects:   4% (12/290)\u001b[K\rremote: Compressing objects:   5% (15/290)\u001b[K\rremote: Compressing objects:   6% (18/290)\u001b[K\rremote: Compressing objects:   7% (21/290)\u001b[K\rremote: Compressing objects:   8% (24/290)\u001b[K\rremote: Compressing objects:   9% (27/290)\u001b[K\rremote: Compressing objects:  10% (29/290)\u001b[K\rremote: Compressing objects:  11% (32/290)\u001b[K\rremote: Compressing objects:  12% (35/290)\u001b[K\rremote: Compressing objects:  13% (38/290)\u001b[K\rremote: Compressing objects:  14% (41/290)\u001b[K\rremote: Compressing objects:  15% (44/290)\u001b[K\rremote: Compressing objects:  16% (47/290)\u001b[K\rremote: Compressing objects:  17% (50/290)\u001b[K\rremote: Compressing objects:  18% (53/290)\u001b[K\rremote: Compressing objects:  19% (56/290)\u001b[K\rremote: Compressing objects:  20% (58/290)\u001b[K\rremote: Compressing objects:  21% (61/290)\u001b[K\rremote: Compressing objects:  22% (64/290)\u001b[K\rremote: Compressing objects:  23% (67/290)\u001b[K\rremote: Compressing objects:  24% (70/290)\u001b[K\rremote: Compressing objects:  25% (73/290)\u001b[K\rremote: Compressing objects:  26% (76/290)\u001b[K\rremote: Compressing objects:  27% (79/290)\u001b[K\rremote: Compressing objects:  28% (82/290)\u001b[K\rremote: Compressing objects:  29% (85/290)\u001b[K\rremote: Compressing objects:  30% (87/290)\u001b[K\rremote: Compressing objects:  31% (90/290)\u001b[K\rremote: Compressing objects:  32% (93/290)\u001b[K\rremote: Compressing objects:  33% (96/290)\u001b[K\rremote: Compressing objects:  34% (99/290)\u001b[K\rremote: Compressing objects:  35% (102/290)\u001b[K\rremote: Compressing objects:  36% (105/290)\u001b[K\rremote: Compressing objects:  37% (108/290)\u001b[K\rremote: Compressing objects:  38% (111/290)\u001b[K\rremote: Compressing objects:  39% (114/290)\u001b[K\rremote: Compressing objects:  40% (116/290)\u001b[K\rremote: Compressing objects:  41% (119/290)\u001b[K\rremote: Compressing objects:  42% (122/290)\u001b[K\rremote: Compressing objects:  43% (125/290)\u001b[K\rremote: Compressing objects:  44% (128/290)\u001b[K\rremote: Compressing objects:  45% (131/290)\u001b[K\rremote: Compressing objects:  46% (134/290)\u001b[K\rremote: Compressing objects:  47% (137/290)\u001b[K\rremote: Compressing objects:  48% (140/290)\u001b[K\rremote: Compressing objects:  49% (143/290)\u001b[K\rremote: Compressing objects:  50% (145/290)\u001b[K\rremote: Compressing objects:  51% (148/290)\u001b[K\rremote: Compressing objects:  52% (151/290)\u001b[K\rremote: Compressing objects:  53% (154/290)\u001b[K\rremote: Compressing objects:  54% (157/290)\u001b[K\rremote: Compressing objects:  55% (160/290)\u001b[K\rremote: Compressing objects:  56% (163/290)\u001b[K\rremote: Compressing objects:  57% (166/290)\u001b[K\rremote: Compressing objects:  58% (169/290)\u001b[K\rremote: Compressing objects:  59% (172/290)\u001b[K\rremote: Compressing objects:  60% (174/290)\u001b[K\rremote: Compressing objects:  61% (177/290)\u001b[K\rremote: Compressing objects:  62% (180/290)\u001b[K\rremote: Compressing objects:  63% (183/290)\u001b[K\rremote: Compressing objects:  64% (186/290)\u001b[K\rremote: Compressing objects:  65% (189/290)\u001b[K\rremote: Compressing objects:  66% (192/290)\u001b[K\rremote: Compressing objects:  67% (195/290)\u001b[K\rremote: Compressing objects:  68% (198/290)\u001b[K\rremote: Compressing objects:  69% (201/290)\u001b[K\rremote: Compressing objects:  70% (203/290)\u001b[K\rremote: Compressing objects:  71% (206/290)\u001b[K\rremote: Compressing objects:  72% (209/290)\u001b[K\rremote: Compressing objects:  73% (212/290)\u001b[K\rremote: Compressing objects:  74% (215/290)\u001b[K\rremote: Compressing objects:  75% (218/290)\u001b[K\rremote: Compressing objects:  76% (221/290)\u001b[K\rremote: Compressing objects:  77% (224/290)\u001b[K\rremote: Compressing objects:  78% (227/290)\u001b[K\rremote: Compressing objects:  79% (230/290)\u001b[K\rremote: Compressing objects:  80% (232/290)\u001b[K\rremote: Compressing objects:  81% (235/290)\u001b[K\rremote: Compressing objects:  82% (238/290)\u001b[K\rremote: Compressing objects:  83% (241/290)\u001b[K\rremote: Compressing objects:  84% (244/290)\u001b[K\rremote: Compressing objects:  85% (247/290)\u001b[K\rremote: Compressing objects:  86% (250/290)\u001b[K\rremote: Compressing objects:  87% (253/290)\u001b[K\rremote: Compressing objects:  88% (256/290)\u001b[K\rremote: Compressing objects:  89% (259/290)\u001b[K\rremote: Compressing objects:  90% (261/290)\u001b[K\rremote: Compressing objects:  91% (264/290)\u001b[K\rremote: Compressing objects:  92% (267/290)\u001b[K\rremote: Compressing objects:  93% (270/290)\u001b[K\rremote: Compressing objects:  94% (273/290)\u001b[K\rremote: Compressing objects:  95% (276/290)\u001b[K\rremote: Compressing objects:  96% (279/290)\u001b[K\rremote: Compressing objects:  97% (282/290)\u001b[K\rremote: Compressing objects:  98% (285/290)\u001b[K\rremote: Compressing objects:  99% (288/290)\u001b[K\rremote: Compressing objects: 100% (290/290)\u001b[K\rremote: Compressing objects: 100% (290/290), done.\u001b[K\r\n"}
,{"stream_name":"stdout","time":19.316896775,"data":"Receiving objects:   0% (1/524)\rReceiving objects:   1% (6/524)\rReceiving objects:   2% (11/524)\rReceiving objects:   3% (16/524)\rReceiving objects:   4% (21/524)\rReceiving objects:   5% (27/524)\rReceiving objects:   6% (32/524)\rReceiving objects:   7% (37/524)\rReceiving objects:   8% (42/524)\rReceiving objects:   9% (48/524)\rReceiving objects:  10% (53/524)\rReceiving objects:  11% (58/524)\rReceiving objects:  12% (63/524)\rReceiving objects:  13% (69/524)\rReceiving objects:  14% (74/524)\rReceiving objects:  15% (79/524)\rReceiving objects:  16% (84/524)\rReceiving objects:  17% (90/524)\rReceiving objects:  18% (95/524)\rReceiving objects:  19% (100/524)\rReceiving objects:  20% (105/524)\rReceiving objects:  21% (111/524)\rReceiving objects:  22% (116/524)\rReceiving objects:  23% (121/524)\rReceiving objects:  24% (126/524)\rReceiving objects:  25% (131/524)\rReceiving objects:  26% (137/524)\rReceiving objects:  27% (142/524)\rReceiving objects:  28% (147/524)\rReceiving objects:  29% (152/524)\rReceiving objects:  30% (158/524)\rReceiving objects:  31% (163/524)\rReceiving objects:  32% (168/524)\rReceiving objects:  33% (173/524)\rReceiving objects:  34% (179/524)\rReceiving objects:  35% (184/524)\rReceiving objects:  36% (189/524)\rReceiving objects:  37% (194/524)\rReceiving objects:  38% (200/524)\rReceiving objects:  39% (205/524)\rReceiving objects:  40% (210/524)\rReceiving objects:  41% (215/524)\rReceiving objects:  42% (221/524)\rReceiving objects:  43% (226/524)\rReceiving objects:  44% (231/524)\rReceiving objects:  45% (236/524)\rReceiving objects:  46% (242/524)\rReceiving objects:  47% (247/524)\rReceiving objects:  48% (252/524)\rReceiving objects:  49% (257/524)\rReceiving objects:  50% (262/524)\rReceiving objects:  51% (268/524)\rReceiving objects:  52% (273/524)\rReceiving objects:  53% (278/524)\rReceiving objects:  54% (283/524)\rReceiving objects:  55% (289/524)\rReceiving objects:  56% (294/524)\rReceiving objects:  57% (299/524)\rReceiving objects:  58% (304/524)\rReceiving objects:  59% (310/524)\rReceiving objects:  60% (315/524)\rReceiving objects:  61% (320/524)\rReceiving objects:  62% (325/524)\rReceiving objects:  63% (331/524)\rReceiving objects:  64% (336/524)\rReceiving objects:  65% (341/524)\rReceiving objects:  66% (346/524)\rReceiving objects:  67% (352/524)\rReceiving objects:  68% (357/524)\rReceiving objects:  69% (362/524)\rReceiving objects:  70% (367/524)\rReceiving objects:  71% (373/524)\rReceiving objects:  72% (378/524)\rReceiving objects:  73% (383/524)\rReceiving objects:  74% (388/524)\rReceiving objects:  75% (393/524)\rReceiving objects:  76% (399/524)\rReceiving objects:  77% (404/524)\rReceiving objects:  78% (409/524)\rReceiving objects:  79% (414/524)\rReceiving objects:  80% (420/524)\rReceiving objects:  81% (425/524)\rReceiving objects:  82% (430/524)\rReceiving objects:  83% (435/524)\rReceiving objects:  84% (441/524)\rReceiving objects:  85% (446/524)\rReceiving objects:  86% (451/524)\rReceiving objects:  87% (456/524)\rReceiving objects:  88% (462/524)\rReceiving objects:  89% (467/524)\rReceiving objects:  90% (472/524)\rReceiving objects:  91% (477/524)\rReceiving objects:  92% (483/524)\rReceiving objects:  93% (488/524)\rReceiving objects:  94% (493/524)\rReceiving objects:  95% (498/524)\rReceiving objects:  96% (504/524)\rReceiving objects:  97% (509/524)\rReceiving objects:  98% (514/524)\rReceiving objects:  99% (519/524), 10.91 MiB | 20.79 MiB/s\rremote: Total 524 (delta 274), reused 440 (delta 190), pack-reused 0 (from 0)\u001b[K\r\n"}
,{"stream_name":"stdout","time":19.367370407,"data":"Receiving objects: 100% (524/524), 10.91 MiB | 20.79 MiB/s\rReceiving objects: 100% (524/524), 13.06 MiB | 23.17 MiB/s, done.\r\n"}
,{"stream_name":"stdout","time":19.367425863,"data":"Resolving deltas:   0% (0/274)\rResolving deltas:   1% (3/274)\rResolving deltas:   2% (6/274)\rResolving deltas:   3% (9/274)\rResolving deltas:   4% (11/274)\rResolving deltas:   5% (14/274)\rResolving deltas:   6% (17/274)\rResolving deltas:   7% (20/274)\rResolving deltas:   8% (22/274)\rResolving deltas:   9% (25/274)\rResolving deltas:  10% (28/274)\rResolving deltas:  11% (31/274)\rResolving deltas:  12% (33/274)\rResolving deltas:  13% (36/274)\rResolving deltas:  14% (39/274)\rResolving deltas:  15% (42/274)\rResolving deltas:  16% (44/274)\rResolving deltas:  17% (47/274)\rResolving deltas:  18% (50/274)\rResolving deltas:  19% (53/274)\rResolving deltas:  20% (55/274)\rResolving deltas:  21% (58/274)\rResolving deltas:  22% (61/274)\rResolving deltas:  23% (64/274)\rResolving deltas:  24% (66/274)\rResolving deltas:  25% (69/274)\rResolving deltas:  26% (72/274)\rResolving deltas:  27% (74/274)\rResolving deltas:  28% (77/274)\rResolving deltas:  29% (80/274)\rResolving deltas:  30% (83/274)\rResolving deltas:  31% (85/274)\rResolving deltas:  32% (88/274)\rResolving deltas:  33% (91/274)\rResolving deltas:  34% (94/274)\rResolving deltas:  35% (96/274)\rResolving deltas:  36% (99/274)\rResolving deltas:  37% (102/274)\rResolving deltas:  38% (105/274)\rResolving deltas:  39% (107/274)\rResolving deltas:  40% (110/274)\rResolving deltas:  41% (113/274)\rResolving deltas:  42% (116/274)\rResolving deltas:  43% (118/274)\rResolving deltas:  44% (121/274)\rResolving deltas:  45% (124/274)\rResolving deltas:  46% (127/274)\rResolving deltas:  47% (129/274)\rResolving deltas:  48% (132/274)\rResolving deltas:  49% (135/274)\rResolving deltas:  50% (137/274)\rResolving deltas:  51% (140/274)\rResolving deltas:  52% (143/274)\rResolving deltas:  53% (146/274)\rResolving deltas:  54% (148/274)\rResolving deltas:  55% (151/274)\rResolving deltas:  56% (154/274)\rResolving deltas:  57% (157/274)\rResolving deltas:  58% (159/274)\rResolving deltas:  59% (162/274)\rResolving deltas:  60% (165/274)\rResolving deltas:  61% (168/274)\rResolving deltas:  62% (170/274)\rResolving deltas:  63% (173/274)\rResolving deltas:  64% (176/274)\rResolving deltas:  65% (179/274)\rResolving deltas:  66% (181/274)\rResolving deltas:  67% (184/274)\rResolving deltas:  68% (187/274)\rResolving deltas:  69% (190/274)\rResolving deltas:  70% (192/274)\rResolving deltas:  71% (195/274)\rResolving deltas:  72% (198/274)\rResolving deltas:  73% (201/274)\rResolving deltas:  74% (203/274)\rResolving deltas:  75% (206/274)\rResolving deltas:  76% (209/274)\rResolving deltas:  77% (211/274)\rResolving deltas:  78% (214/274)\rResolving deltas:  79% (217/274)\rResolving deltas:  80% (220/274)\rResolving deltas:  81% (222/274)\rResolving deltas:  82% (225/274)\rResolving deltas:  83% (228/274)\rResolving deltas:  84% (231/274)\rResolving deltas:  85% (233/274)\rResolving deltas:  86% (236/274)\rResolving deltas:  87% (239/274)\rResolving deltas:  88% (242/274)\rResolving deltas:  89% (244/274)\rResolving deltas:  90% (247/274)\rResolving deltas:  91% (250/274)\rResolving deltas:  92% (253/274)\rResolving deltas:  93% (255/274)\rResolving deltas:  94% (258/274)\rResolving deltas:  95% (261/274)\rResolving deltas:  96% (264/274)\rResolving deltas:  97% (266/274)\rResolving deltas:  98% (269/274)\rResolving deltas:  99% (272/274)\rResolving deltas: 100% (274/274)\rResolving deltas: 100% (274/274), done.\r\n"}
,{"stream_name":"stdout","time":40.367214811,"data":"Downloading tensor dataset...\n"}
,{"stream_name":"stdout","time":198.789208502,"data":"Downloaded successful\n"}
,{"stream_name":"stdout","time":200.729381769,"data":"W0724 22:21:38.466000 806 torch/distributed/run.py:852] \r\n"}
,{"stream_name":"stdout","time":200.729438841,"data":"W0724 22:21:38.466000 806 torch/distributed/run.py:852] *****************************************\r\n"}
,{"stream_name":"stdout","time":200.729447581,"data":"W0724 22:21:38.466000 806 torch/distributed/run.py:852] Setting OMP_NUM_THREADS environment variable for each process to be 1 in default, to avoid your system being overloaded, please further tune the variable for optimal performance in your application as needed. \r\n"}
,{"stream_name":"stdout","time":200.729454821,"data":"W0724 22:21:38.466000 806 torch/distributed/run.py:852] *****************************************\r\n"}
,{"stream_name":"stdout","time":211.441521875,"data":"Indexed 702 graphs across 8 type(s)\r\n"}
,{"stream_name":"stdout","time":211.441580603,"data":"  2layer: 200\r\n"}
,{"stream_name":"stdout","time":211.441588366,"data":"    avg size: 0.69 MB\r\n"}
,{"stream_name":"stdout","time":211.441594692,"data":"    total size: 138.83 MB\r\n"}
,{"stream_name":"stdout","time":211.441601201,"data":"  3layer: 100\r\n"}
,{"stream_name":"stdout","time":211.441608118,"data":"    avg size: 0.96 MB\r\n"}
,{"stream_name":"stdout","time":211.441628185,"data":"    total size: 96.38 MB\r\n"}
,{"stream_name":"stdout","time":211.441634097,"data":"  conv1d: 49\r\n"}
,{"stream_name":"stdout","time":211.441638737,"data":"    avg size: 5.88 MB\r\n"}
,{"stream_name":"stdout","time":211.441643353,"data":"    total size: 288.09 MB\r\n"}
,{"stream_name":"stdout","time":211.441647982,"data":"  conv2d: 29\r\n"}
,{"stream_name":"stdout","time":211.441653823,"data":"    avg size: 6.21 MB\r\n"}
,{"stream_name":"stdout","time":211.441659312,"data":"    total size: 180.01 MB\r\n"}
,{"stream_name":"stdout","time":211.441664172,"data":"  dense_latency: 67\r\n"}
,{"stream_name":"stdout","time":211.441668866,"data":"    avg size: 6.04 MB\r\n"}
,{"stream_name":"stdout","time":211.441674206,"data":"    total size: 404.43 MB\r\n"}
,{"stream_name":"stdout","time":211.441679018,"data":"  dense_resource: 57\r\n"}
,{"stream_name":"stdout","time":211.441683738,"data":"    avg size: 5.88 MB\r\n"}
,{"stream_name":"stdout","time":211.441688289,"data":"    total size: 335.02 MB\r\n"}
,{"stream_name":"stdout","time":211.441692857,"data":"  exemplar: 100\r\n"}
,{"stream_name":"stdout","time":211.441697481,"data":"    avg size: 2.51 MB\r\n"}
,{"stream_name":"stdout","time":211.441701892,"data":"    total size: 250.91 MB\r\n"}
,{"stream_name":"stdout","time":211.441707334,"data":"  rule4ml: 100\r\n"}
,{"stream_name":"stdout","time":211.441712252,"data":"    avg size: 5.64 MB\r\n"}
,{"stream_name":"stdout","time":211.441716827,"data":"    total size: 564.28 MB\r\n"}
,{"stream_name":"stdout","time":212.510301628,"data":"/kaggle/working/ll-hls4ml/src/ll_hls4ml/models/rgcn.py:74: UserWarning: There exist node types ({'constant', 'pragma'}) whose representations do not get updated during message passing as they do not occur as destination type in any edge type. This may lead to unexpected behavior.\r\n"}
,{"stream_name":"stdout","time":212.510342235,"data":"  self.conv = HeteroConv(\r\n"}
,{"stream_name":"stdout","time":212.815304838,"data":"/kaggle/working/ll-hls4ml/src/ll_hls4ml/models/rgcn.py:74: UserWarning: There exist node types ({'pragma', 'constant'}) whose representations do not get updated during message passing as they do not occur as destination type in any edge type. This may lead to unexpected behavior.\r\n"}
,{"stream_name":"stdout","time":212.815342771,"data":"  self.conv = HeteroConv(\r\n"}
,{"stream_name":"stdout","time":213.427665498,"data":"Training 500 epochs...\r\n"}
,{"stream_name":"stdout","time":254.231813922,"data":"Epoch   1/500  train=0.3795  val=0.3524\r\n"}
,{"stream_name":"stdout","time":294.681169881,"data":"Epoch   2/500  train=0.3628  val=0.3243\r\n"}
,{"stream_name":"stdout","time":378.237014685,"data":"Epoch   4/500  train=0.2950  val=0.2532\r\n"}
,{"stream_name":"stdout","time":462.14257531,"data":"Epoch   6/500  train=0.2532  val=0.1986\r\n"}
,{"stream_name":"stdout","time":547.970495544,"data":"Epoch   8/500  train=0.2193  val=0.1934\r\n"}
,{"stream_name":"stdout","time":631.26492673,"data":"Epoch  10/500  train=0.2116  val=0.1994\r\n"}
,{"stream_name":"stdout","time":631.362058773,"data":"Model saved to /kaggle/working/results/checkpoints/07_24_rgcn_pragmas_backup.pt\r\n"}
,{"stream_name":"stdout","time":713.399903734,"data":"Epoch  12/500  train=0.1960  val=0.1769\r\n"}
,{"stream_name":"stdout","time":797.533311222,"data":"Epoch  14/500  train=0.1862  val=0.1569\r\n"}
,{"stream_name":"stdout","time":881.11235307,"data":"Epoch  16/500  train=0.1720  val=0.1736\r\n"}
,{"stream_name":"stdout","time":962.394337301,"data":"Epoch  18/500  train=0.1633  val=0.1443\r\n"}
,{"stream_name":"stdout","time":1045.219859655,"data":"Epoch  20/500  train=0.1618  val=0.1553\r\n"}
,{"stream_name":"stdout","time":1045.315698045,"data":"Model saved to /kaggle/working/results/checkpoints/07_24_rgcn_pragmas_backup.pt\r\n"}
,{"stream_name":"stdout","time":1128.072937575,"data":"Epoch  22/500  train=0.1532  val=0.1494\r\n"}
,{"stream_name":"stdout","time":1213.121166223,"data":"Epoch  24/500  train=0.1470  val=0.1490\r\n"}
,{"stream_name":"stdout","time":1296.171126277,"data":"Epoch  26/500  train=0.1478  val=0.1534\r\n"}
,{"stream_name":"stdout","time":1380.269770757,"data":"Epoch  28/500  train=0.1421  val=0.1293\r\n"}
,{"stream_name":"stdout","time":1463.653208625,"data":"Epoch  30/500  train=0.1349  val=0.1479\r\n"}
,{"stream_name":"stdout","time":1463.698341195,"data":"Model saved to /kaggle/working/results/checkpoints/07_24_rgcn_pragmas_backup.pt\r\n"}
,{"stream_name":"stdout","time":1548.260602207,"data":"Epoch  32/500  train=0.1373  val=0.1398\r\n"}
,{"stream_name":"stdout","time":1631.653269609,"data":"Epoch  34/500  train=0.1370  val=0.1506\r\n"}
,{"stream_name":"stdout","time":1714.928706079,"data":"Epoch  36/500  train=0.1393  val=0.1629\r\n"}
,{"stream_name":"stdout","time":1798.633437547,"data":"Epoch  38/500  train=0.1282  val=0.1558\r\n"}
,{"stream_name":"stdout","time":1882.016160185,"data":"Epoch  40/500  train=0.1323  val=0.1321\r\n"}
,{"stream_name":"stdout","time":1882.111526371,"data":"Model saved to /kaggle/working/results/checkpoints/07_24_rgcn_pragmas_backup.pt\r\n"}
,{"stream_name":"stdout","time":1965.361801675,"data":"Epoch  42/500  train=0.1347  val=0.1428\r\n"}
,{"stream_name":"stdout","time":2048.665014965,"data":"Epoch  44/500  train=0.1314  val=0.1275\r\n"}
,{"stream_name":"stdout","time":2132.251662043,"data":"Epoch  46/500  train=0.1240  val=0.1551\r\n"}
,{"stream_name":"stdout","time":2215.636555977,"data":"Epoch  48/500  train=0.1262  val=0.1427\r\n"}
,{"stream_name":"stdout","time":2298.667123739,"data":"Epoch  50/500  train=0.1223  val=0.1361\r\n"}
,{"stream_name":"stdout","time":2298.762992813,"data":"Model saved to /kaggle/working/results/checkpoints/07_24_rgcn_pragmas_backup.pt\r\n"}
,{"stream_name":"stdout","time":2382.110385012,"data":"Epoch  52/500  train=0.1187  val=0.1413\r\n"}
,{"stream_name":"stdout","time":2465.774082772,"data":"Epoch  54/500  train=0.1233  val=0.1538\r\n"}
,{"stream_name":"stdout","time":2549.296538421,"data":"Epoch  56/500  train=0.1248  val=0.1420\r\n"}
,{"stream_name":"stdout","time":2633.467708166,"data":"Epoch  58/500  train=0.1202  val=0.1466\r\n"}
,{"stream_name":"stdout","time":2716.996657828,"data":"Epoch  60/500  train=0.1204  val=0.1500\r\n"}
,{"stream_name":"stdout","time":2717.039886749,"data":"Model saved to /kaggle/working/results/checkpoints/07_24_rgcn_pragmas_backup.pt\r\n"}
,{"stream_name":"stdout","time":2800.746629683,"data":"Epoch  62/500  train=0.1199  val=0.1410\r\n"}
,{"stream_name":"stdout","time":2883.460926839,"data":"Epoch  64/500  train=0.1134  val=0.1434\r\n"}
,{"stream_name":"stdout","time":2966.966335071,"data":"Epoch  66/500  train=0.1213  val=0.1328\r\n"}
,{"stream_name":"stdout","time":3049.809158078,"data":"Epoch  68/500  train=0.1261  val=0.1268\r\n"}
,{"stream_name":"stdout","time":3133.963081298,"data":"Epoch  70/500  train=0.1221  val=0.1365\r\n"}
,{"stream_name":"stdout","time":3134.057649464,"data":"Model saved to /kaggle/working/results/checkpoints/07_24_rgcn_pragmas_backup.pt\r\n"}
,{"stream_name":"stdout","time":3217.092014447,"data":"Epoch  72/500  train=0.1164  val=0.1448\r\n"}
,{"stream_name":"stdout","time":3300.176533732,"data":"Epoch  74/500  train=0.1208  val=0.1292\r\n"}
,{"stream_name":"stdout","time":3382.489031012,"data":"Epoch  76/500  train=0.1174  val=0.1282\r\n"}
,{"stream_name":"stdout","time":3466.096916954,"data":"Epoch  78/500  train=0.1184  val=0.1351\r\n"}
,{"stream_name":"stdout","time":3549.428078325,"data":"Epoch  80/500  train=0.1177  val=0.1339\r\n"}
,{"stream_name":"stdout","time":3549.522141713,"data":"Model saved to /kaggle/working/results/checkpoints/07_24_rgcn_pragmas_backup.pt\r\n"}
,{"stream_name":"stdout","time":3633.559632214,"data":"Epoch  82/500  train=0.1095  val=0.1421\r\n"}
,{"stream_name":"stdout","time":3717.138130608,"data":"Epoch  84/500  train=0.1167  val=0.1301\r\n"}
,{"stream_name":"stdout","time":3801.046343084,"data":"Epoch  86/500  train=0.1108  val=0.1380\r\n"}
,{"stream_name":"stdout","time":3884.392515798,"data":"Epoch  88/500  train=0.1089  val=0.1306\r\n"}
,{"stream_name":"stdout","time":3969.610948143,"data":"Epoch  90/500  train=0.1065  val=0.1167\r\n"}
,{"stream_name":"stdout","time":3969.804927915,"data":"Model saved to /kaggle/working/results/checkpoints/07_24_rgcn_pragmas_backup.pt\r\n"}
,{"stream_name":"stdout","time":4051.987210799,"data":"Epoch  92/500  train=0.1123  val=0.1153\r\n"}
,{"stream_name":"stdout","time":4135.580735838,"data":"Epoch  94/500  train=0.1082  val=0.1250\r\n"}
,{"stream_name":"stdout","time":4218.476824194,"data":"Epoch  96/500  train=0.1119  val=0.1378\r\n"}
,{"stream_name":"stdout","time":4302.958985601,"data":"Epoch  98/500  train=0.1071  val=0.1192\r\n"}
,{"stream_name":"stdout","time":4386.329969976,"data":"Epoch 100/500  train=0.1096  val=0.1240\r\n"}
,{"stream_name":"stdout","time":4386.422358459,"data":"Model saved to /kaggle/working/results/checkpoints/07_24_rgcn_pragmas_backup.pt\r\n"}
,{"stream_name":"stdout","time":4468.68826145,"data":"Epoch 102/500  train=0.1072  val=0.1280\r\n"}
,{"stream_name":"stdout","time":4553.304638451,"data":"Epoch 104/500  train=0.1105  val=0.1240\r\n"}
,{"stream_name":"stdout","time":4637.339599734,"data":"Epoch 106/500  train=0.1083  val=0.1278\r\n"}
,{"stream_name":"stdout","time":4719.812727127,"data":"Epoch 108/500  train=0.1076  val=0.1285\r\n"}
,{"stream_name":"stdout","time":4803.386105185,"data":"Epoch 110/500  train=0.1079  val=0.1150\r\n"}
,{"stream_name":"stdout","time":4803.477703213,"data":"Model saved to /kaggle/working/results/checkpoints/07_24_rgcn_pragmas_backup.pt\r\n"}
,{"stream_name":"stdout","time":4887.21332807,"data":"Epoch 112/500  train=0.1117  val=0.1195\r\n"}
,{"stream_name":"stdout","time":4971.594938072,"data":"Epoch 114/500  train=0.1018  val=0.1234\r\n"}
,{"stream_name":"stdout","time":5054.284324344,"data":"Epoch 116/500  train=0.1101  val=0.1136\r\n"}
,{"stream_name":"stdout","time":5137.54336686,"data":"Epoch 118/500  train=0.1000  val=0.1195\r\n"}
,{"stream_name":"stdout","time":5222.640010772,"data":"Epoch 120/500  train=0.1032  val=0.1130\r\n"}
,{"stream_name":"stdout","time":5222.728471506,"data":"Model saved to /kaggle/working/results/checkpoints/07_24_rgcn_pragmas_backup.pt\r\n"}
,{"stream_name":"stdout","time":5305.812823501,"data":"Epoch 122/500  train=0.1050  val=0.1087\r\n"}
,{"stream_name":"stdout","time":5386.743188167,"data":"Epoch 124/500  train=0.1018  val=0.1136\r\n"}
,{"stream_name":"stdout","time":5469.197535341,"data":"Epoch 126/500  train=0.1034  val=0.1174\r\n"}
,{"stream_name":"stdout","time":5551.848606981,"data":"Epoch 128/500  train=0.0962  val=0.1107\r\n"}
,{"stream_name":"stdout","time":5634.591368199,"data":"Epoch 130/500  train=0.1005  val=0.1253\r\n"}
,{"stream_name":"stdout","time":5634.682550403,"data":"Model saved to /kaggle/working/results/checkpoints/07_24_rgcn_pragmas_backup.pt\r\n"}
,{"stream_name":"stdout","time":5718.334624208,"data":"Epoch 132/500  train=0.1058  val=0.1111\r\n"}
,{"stream_name":"stdout","time":5801.892436216,"data":"Epoch 134/500  train=0.0973  val=0.1040\r\n"}
,{"stream_name":"stdout","time":5886.727527613,"data":"Epoch 136/500  train=0.0980  val=0.1029\r\n"}
,{"stream_name":"stdout","time":5969.722973789,"data":"Epoch 138/500  train=0.1020  val=0.1016\r\n"}
,{"stream_name":"stdout","time":6051.256398825,"data":"Epoch 140/500  train=0.1003  val=0.0971\r\n"}
,{"stream_name":"stdout","time":6051.39985079,"data":"Model saved to /kaggle/working/results/checkpoints/07_24_rgcn_pragmas_backup.pt\r\n"}
,{"stream_name":"stdout","time":6135.425174975,"data":"Epoch 142/500  train=0.0962  val=0.1176\r\n"}
,{"stream_name":"stdout","time":6217.250651376,"data":"Epoch 144/500  train=0.0974  val=0.1090\r\n"}
,{"stream_name":"stdout","time":6300.422568514,"data":"Epoch 146/500  train=0.0996  val=0.1008\r\n"}
,{"stream_name":"stdout","time":6384.047673562,"data":"Epoch 148/500  train=0.0931  val=0.1034\r\n"}
,{"stream_name":"stdout","time":6467.927132143,"data":"Epoch 150/500  train=0.0953  val=0.1077\r\n"}
,{"stream_name":"stdout","time":6467.967433609,"data":"Model saved to /kaggle/working/results/checkpoints/07_24_rgcn_pragmas_backup.pt\r\n"}
,{"stream_name":"stdout","time":6550.893709558,"data":"Epoch 152/500  train=0.1009  val=0.1091\r\n"}
,{"stream_name":"stdout","time":6633.538413965,"data":"Epoch 154/500  train=0.0955  val=0.1057\r\n"}
,{"stream_name":"stdout","time":6717.065636642,"data":"Epoch 156/500  train=0.0921  val=0.1223\r\n"}
,{"stream_name":"stdout","time":6799.063639276,"data":"Epoch 158/500  train=0.0928  val=0.1023\r\n"}
,{"stream_name":"stdout","time":6882.438237042,"data":"Epoch 160/500  train=0.0960  val=0.1052\r\n"}
,{"stream_name":"stdout","time":6882.527317266,"data":"Model saved to /kaggle/working/results/checkpoints/07_24_rgcn_pragmas_backup.pt\r\n"}
,{"stream_name":"stdout","time":6965.149314078,"data":"Epoch 162/500  train=0.0971  val=0.0946\r\n"}
,{"stream_name":"stdout","time":7048.222166497,"data":"Epoch 164/500  train=0.0955  val=0.0962\r\n"}
,{"stream_name":"stdout","time":7132.348563942,"data":"Epoch 166/500  train=0.0951  val=0.1021\r\n"}
,{"stream_name":"stdout","time":7217.088516879,"data":"Epoch 168/500  train=0.0863  val=0.1146\r\n"}
,{"stream_name":"stdout","time":7299.885620222,"data":"Epoch 170/500  train=0.0890  val=0.0924\r\n"}
,{"stream_name":"stdout","time":7299.926528373,"data":"Model saved to /kaggle/working/results/checkpoints/07_24_rgcn_pragmas_backup.pt\r\n"}
,{"stream_name":"stdout","time":7381.968352255,"data":"Epoch 172/500  train=0.0963  val=0.1003\r\n"}
,{"stream_name":"stdout","time":7463.111221369,"data":"Epoch 174/500  train=0.0877  val=0.1021\r\n"}
,{"stream_name":"stdout","time":7546.834089116,"data":"Epoch 176/500  train=0.0894  val=0.0845\r\n"}
,{"stream_name":"stdout","time":7630.569682469,"data":"Epoch 178/500  train=0.0907  val=0.0881\r\n"}
,{"stream_name":"stdout","time":7713.716559525,"data":"Epoch 180/500  train=0.0866  val=0.0902\r\n"}
,{"stream_name":"stdout","time":7713.807627975,"data":"Model saved to /kaggle/working/results/checkpoints/07_24_rgcn_pragmas_backup.pt\r\n"}
,{"stream_name":"stdout","time":7797.442852628,"data":"Epoch 182/500  train=0.0897  val=0.0914\r\n"}
,{"stream_name":"stdout","time":7880.895686898,"data":"Epoch 184/500  train=0.0881  val=0.0940\r\n"}
,{"stream_name":"stdout","time":7964.172091249,"data":"Epoch 186/500  train=0.0899  val=0.0910\r\n"}
,{"stream_name":"stdout","time":8046.628273996,"data":"Epoch 188/500  train=0.0887  val=0.0984\r\n"}
,{"stream_name":"stdout","time":8130.30594847,"data":"Epoch 190/500  train=0.0838  val=0.0955\r\n"}
,{"stream_name":"stdout","time":8130.396648287,"data":"Model saved to /kaggle/working/results/checkpoints/07_24_rgcn_pragmas_backup.pt\r\n"}
,{"stream_name":"stdout","time":8211.788167102,"data":"Epoch 192/500  train=0.0866  val=0.0867\r\n"}
,{"stream_name":"stdout","time":8293.335484392,"data":"Epoch 194/500  train=0.0909  val=0.0971\r\n"}
,{"stream_name":"stdout","time":8375.779986376,"data":"Epoch 196/500  train=0.0877  val=0.0957\r\n"}
,{"stream_name":"stdout","time":8458.633171697,"data":"Epoch 198/500  train=0.0814  val=0.0867\r\n"}
,{"stream_name":"stdout","time":8542.211780591,"data":"Epoch 200/500  train=0.0892  val=0.0921\r\n"}
,{"stream_name":"stdout","time":8542.2493779,"data":"Model saved to /kaggle/working/results/checkpoints/07_24_rgcn_pragmas_backup.pt\r\n"}
,{"stream_name":"stdout","time":8625.631219174,"data":"Epoch 202/500  train=0.0858  val=0.0873\r\n"}
,{"stream_name":"stdout","time":8708.486006325,"data":"Epoch 204/500  train=0.0857  val=0.0973\r\n"}
,{"stream_name":"stdout","time":8791.822516941,"data":"Epoch 206/500  train=0.0891  val=0.0901\r\n"}
,{"stream_name":"stdout","time":8875.392203732,"data":"Epoch 208/500  train=0.0880  val=0.0861\r\n"}
,{"stream_name":"stdout","time":8960.422428941,"data":"Epoch 210/500  train=0.0806  val=0.0847\r\n"}
,{"stream_name":"stdout","time":8960.461828707,"data":"Model saved to /kaggle/working/results/checkpoints/07_24_rgcn_pragmas_backup.pt\r\n"}
,{"stream_name":"stdout","time":9043.74248852,"data":"Epoch 212/500  train=0.0839  val=0.0919\r\n"}
,{"stream_name":"stdout","time":9126.012943697,"data":"Epoch 214/500  train=0.0807  val=0.0926\r\n"}
,{"stream_name":"stdout","time":9208.780620119,"data":"Epoch 216/500  train=0.0822  val=0.0826\r\n"}
,{"stream_name":"stdout","time":9291.213622878,"data":"Epoch 218/500  train=0.0775  val=0.0935\r\n"}
,{"stream_name":"stdout","time":9373.527971362,"data":"Epoch 220/500  train=0.0776  val=0.0866\r\n"}
,{"stream_name":"stdout","time":9373.564627331,"data":"Model saved to /kaggle/working/results/checkpoints/07_24_rgcn_pragmas_backup.pt\r\n"}
,{"stream_name":"stdout","time":9457.948666073,"data":"Epoch 222/500  train=0.0802  val=0.0935\r\n"}
,{"stream_name":"stdout","time":9541.87388554,"data":"Epoch 224/500  train=0.0805  val=0.0814\r\n"}
,{"stream_name":"stdout","time":9624.288122979,"data":"Epoch 226/500  train=0.0838  val=0.0847\r\n"}
,{"stream_name":"stdout","time":9708.806852549,"data":"Epoch 228/500  train=0.0793  val=0.0829\r\n"}
,{"stream_name":"stdout","time":9791.883303435,"data":"Epoch 230/500  train=0.0840  val=0.0861\r\n"}
,{"stream_name":"stdout","time":9791.970653128,"data":"Model saved to /kaggle/working/results/checkpoints/07_24_rgcn_pragmas_backup.pt\r\n"}
,{"stream_name":"stdout","time":9874.914706739,"data":"Epoch 232/500  train=0.0817  val=0.0955\r\n"}
,{"stream_name":"stdout","time":9956.749798304,"data":"Epoch 234/500  train=0.0706  val=0.0768\r\n"}
,{"stream_name":"stdout","time":10039.18863754,"data":"Epoch 236/500  train=0.0801  val=0.0797\r\n"}
,{"stream_name":"stdout","time":10121.804541999,"data":"Epoch 238/500  train=0.0818  val=0.0886\r\n"}
,{"stream_name":"stdout","time":10204.820648833,"data":"Epoch 240/500  train=0.0823  val=0.0778\r\n"}
,{"stream_name":"stdout","time":10204.907677721,"data":"Model saved to /kaggle/working/results/checkpoints/07_24_rgcn_pragmas_backup.pt\r\n"}
,{"stream_name":"stdout","time":10288.243148751,"data":"Epoch 242/500  train=0.0813  val=0.0859\r\n"}
,{"stream_name":"stdout","time":10371.809854865,"data":"Epoch 244/500  train=0.0812  val=0.0857\r\n"}
,{"stream_name":"stdout","time":10454.316986705,"data":"Epoch 246/500  train=0.0867  val=0.0909\r\n"}
,{"stream_name":"stdout","time":10538.14891889,"data":"Epoch 248/500  train=0.0794  val=0.0842\r\n"}
,{"stream_name":"stdout","time":10621.663609499,"data":"Epoch 250/500  train=0.0789  val=0.0824\r\n"}
,{"stream_name":"stdout","time":10621.750255311,"data":"Model saved to /kaggle/working/results/checkpoints/07_24_rgcn_pragmas_backup.pt\r\n"}
,{"stream_name":"stdout","time":10706.131891052,"data":"Epoch 252/500  train=0.0750  val=0.1020\r\n"}
,{"stream_name":"stdout","time":10789.3407152,"data":"Epoch 254/500  train=0.0772  val=0.0854\r\n"}
,{"stream_name":"stdout","time":10873.433964204,"data":"Epoch 256/500  train=0.0768  val=0.0919\r\n"}
,{"stream_name":"stdout","time":10956.289642947,"data":"Epoch 258/500  train=0.0750  val=0.0935\r\n"}
,{"stream_name":"stdout","time":11038.684292144,"data":"Epoch 260/500  train=0.0816  val=0.0899\r\n"}
,{"stream_name":"stdout","time":11038.721488805,"data":"Model saved to /kaggle/working/results/checkpoints/07_24_rgcn_pragmas_backup.pt\r\n"}
,{"stream_name":"stdout","time":11121.652623275,"data":"Epoch 262/500  train=0.0788  val=0.0858\r\n"}
,{"stream_name":"stdout","time":11206.314004203,"data":"Epoch 264/500  train=0.0707  val=0.0851\r\n"}
,{"stream_name":"stdout","time":11291.223077611,"data":"Epoch 266/500  train=0.0790  val=0.0843\r\n"}
,{"stream_name":"stdout","time":11374.354320591,"data":"Epoch 268/500  train=0.0787  val=0.0877\r\n"}
,{"stream_name":"stdout","time":11456.847379093,"data":"Epoch 270/500  train=0.0778  val=0.0905\r\n"}
,{"stream_name":"stdout","time":11456.932421572,"data":"Model saved to /kaggle/working/results/checkpoints/07_24_rgcn_pragmas_backup.pt\r\n"}
,{"stream_name":"stdout","time":11540.676283217,"data":"Epoch 272/500  train=0.0763  val=0.0813\r\n"}
,{"stream_name":"stdout","time":11622.242311946,"data":"Epoch 274/500  train=0.0709  val=0.0832\r\n"}
,{"stream_name":"stdout","time":11705.366317002,"data":"Epoch 276/500  train=0.0735  val=0.0824\r\n"}
,{"stream_name":"stdout","time":11789.061961964,"data":"Epoch 278/500  train=0.0726  val=0.0807\r\n"}
,{"stream_name":"stdout","time":11872.865776913,"data":"Epoch 280/500  train=0.0702  val=0.0789\r\n"}
,{"stream_name":"stdout","time":11872.899652898,"data":"Model saved to /kaggle/working/results/checkpoints/07_24_rgcn_pragmas_backup.pt\r\n"}
,{"stream_name":"stdout","time":11957.573609242,"data":"Epoch 282/500  train=0.0790  val=0.0775\r\n"}
,{"stream_name":"stdout","time":12039.771962167,"data":"Epoch 284/500  train=0.0740  val=0.0816\r\n"}
,{"stream_name":"stdout","time":12121.644499848,"data":"Epoch 286/500  train=0.0706  val=0.0754\r\n"}
,{"stream_name":"stdout","time":12204.5758901,"data":"Epoch 288/500  train=0.0705  val=0.0779\r\n"}
,{"stream_name":"stdout","time":12287.498374486,"data":"Epoch 290/500  train=0.0706  val=0.0902\r\n"}
,{"stream_name":"stdout","time":12287.534887815,"data":"Model saved to /kaggle/working/results/checkpoints/07_24_rgcn_pragmas_backup.pt\r\n"}
,{"stream_name":"stdout","time":12368.818952413,"data":"Epoch 292/500  train=0.0721  val=0.0790\r\n"}
,{"stream_name":"stdout","time":12450.722599641,"data":"Epoch 294/500  train=0.0670  val=0.0848\r\n"}
,{"stream_name":"stdout","time":12532.851927957,"data":"Epoch 296/500  train=0.0710  val=0.0908\r\n"}
,{"stream_name":"stdout","time":12615.528755709,"data":"Epoch 298/500  train=0.0757  val=0.0808\r\n"}
,{"stream_name":"stdout","time":12697.913321389,"data":"Epoch 300/500  train=0.0765  val=0.0793\r\n"}
,{"stream_name":"stdout","time":12697.997412015,"data":"Model saved to /kaggle/working/results/checkpoints/07_24_rgcn_pragmas_backup.pt\r\n"}
,{"stream_name":"stdout","time":12780.347663561,"data":"Epoch 302/500  train=0.0742  val=0.0765\r\n"}
,{"stream_name":"stdout","time":12862.994044052,"data":"Epoch 304/500  train=0.0815  val=0.0903\r\n"}
,{"stream_name":"stdout","time":12945.983553825,"data":"Epoch 306/500  train=0.0731  val=0.0885\r\n"}
,{"stream_name":"stdout","time":13028.452791713,"data":"Epoch 308/500  train=0.0687  val=0.0816\r\n"}
,{"stream_name":"stdout","time":13110.356006425,"data":"Epoch 310/500  train=0.0687  val=0.0860\r\n"}
,{"stream_name":"stdout","time":13110.391819988,"data":"Model saved to /kaggle/working/results/checkpoints/07_24_rgcn_pragmas_backup.pt\r\n"}
,{"stream_name":"stdout","time":13192.932931159,"data":"Epoch 312/500  train=0.0720  val=0.0851\r\n"}
,{"stream_name":"stdout","time":13275.589029592,"data":"Epoch 314/500  train=0.0746  val=0.0820\r\n"}
,{"stream_name":"stdout","time":13358.260179579,"data":"Epoch 316/500  train=0.0741  val=0.0747\r\n"}
,{"stream_name":"stdout","time":13440.620738415,"data":"Epoch 318/500  train=0.0780  val=0.0771\r\n"}
,{"stream_name":"stdout","time":13525.185381439,"data":"Epoch 320/500  train=0.0741  val=0.0760\r\n"}
,{"stream_name":"stdout","time":13525.220578854,"data":"Model saved to /kaggle/working/results/checkpoints/07_24_rgcn_pragmas_backup.pt\r\n"}
,{"stream_name":"stdout","time":13607.179700929,"data":"Epoch 322/500  train=0.0668  val=0.0769\r\n"}
,{"stream_name":"stdout","time":13690.468182249,"data":"Epoch 324/500  train=0.0740  val=0.0776\r\n"}
,{"stream_name":"stdout","time":13773.766471937,"data":"Epoch 326/500  train=0.0736  val=0.0762\r\n"}
,{"stream_name":"stdout","time":13857.101982937,"data":"Epoch 328/500  train=0.0708  val=0.0835\r\n"}
,{"stream_name":"stdout","time":13939.773331535,"data":"Epoch 330/500  train=0.0734  val=0.0910\r\n"}
,{"stream_name":"stdout","time":13939.85905706,"data":"Model saved to /kaggle/working/results/checkpoints/07_24_rgcn_pragmas_backup.pt\r\n"}
,{"stream_name":"stdout","time":14022.413756098,"data":"Epoch 332/500  train=0.0678  val=0.0865\r\n"}
,{"stream_name":"stdout","time":14107.172930866,"data":"Epoch 334/500  train=0.0691  val=0.0825\r\n"}
,{"stream_name":"stdout","time":14189.752135033,"data":"Epoch 336/500  train=0.0711  val=0.0881\r\n"}
,{"stream_name":"stdout","time":14273.082881104,"data":"Epoch 338/500  train=0.0690  val=0.0785\r\n"}
,{"stream_name":"stdout","time":14354.958343955,"data":"Epoch 340/500  train=0.0713  val=0.0837\r\n"}
,{"stream_name":"stdout","time":14354.989871454,"data":"Model saved to /kaggle/working/results/checkpoints/07_24_rgcn_pragmas_backup.pt\r\n"}
,{"stream_name":"stdout","time":14437.548889806,"data":"Epoch 342/500  train=0.0785  val=0.0879\r\n"}
,{"stream_name":"stdout","time":14519.839213634,"data":"Epoch 344/500  train=0.0728  val=0.0740\r\n"}
,{"stream_name":"stdout","time":14603.028098594,"data":"Epoch 346/500  train=0.0674  val=0.0900\r\n"}
,{"stream_name":"stdout","time":14686.927709906,"data":"Epoch 348/500  train=0.0780  val=0.0809\r\n"}
,{"stream_name":"stdout","time":14768.514219723,"data":"Epoch 350/500  train=0.0745  val=0.0764\r\n"}
,{"stream_name":"stdout","time":14768.548939441,"data":"Model saved to /kaggle/working/results/checkpoints/07_24_rgcn_pragmas_backup.pt\r\n"}
,{"stream_name":"stdout","time":14852.516899994,"data":"Epoch 352/500  train=0.0706  val=0.0788\r\n"}
,{"stream_name":"stdout","time":14934.308426804,"data":"Epoch 354/500  train=0.0704  val=0.0813\r\n"}
,{"stream_name":"stdout","time":15016.416913744,"data":"Epoch 356/500  train=0.0709  val=0.0810\r\n"}
,{"stream_name":"stdout","time":15098.958168441,"data":"Epoch 358/500  train=0.0696  val=0.0765\r\n"}
,{"stream_name":"stdout","time":15181.313552084,"data":"Epoch 360/500  train=0.0671  val=0.0883\r\n"}
,{"stream_name":"stdout","time":15181.347878734,"data":"Model saved to /kaggle/working/results/checkpoints/07_24_rgcn_pragmas_backup.pt\r\n"}
,{"stream_name":"stdout","time":15264.937670452,"data":"Epoch 362/500  train=0.0653  val=0.0889\r\n"}
,{"stream_name":"stdout","time":15350.420616328,"data":"Epoch 364/500  train=0.0696  val=0.0923\r\n"}
,{"stream_name":"stdout","time":15433.444074607,"data":"Epoch 366/500  train=0.0707  val=0.0760\r\n"}
,{"stream_name":"stdout","time":15515.430622303,"data":"Epoch 368/500  train=0.0701  val=0.0866\r\n"}
,{"stream_name":"stdout","time":15598.772836103,"data":"Epoch 370/500  train=0.0663  val=0.1000\r\n"}
,{"stream_name":"stdout","time":15598.856849181,"data":"Model saved to /kaggle/working/results/checkpoints/07_24_rgcn_pragmas_backup.pt\r\n"}
,{"stream_name":"stdout","time":15681.774375596,"data":"Epoch 372/500  train=0.0703  val=0.0756\r\n"}
,{"stream_name":"stdout","time":15764.105668448,"data":"Epoch 374/500  train=0.0678  val=0.0851\r\n"}
,{"stream_name":"stdout","time":15847.300838363,"data":"Epoch 376/500  train=0.0671  val=0.0827\r\n"}
,{"stream_name":"stdout","time":15930.4323632,"data":"Epoch 378/500  train=0.0650  val=0.0844\r\n"}
,{"stream_name":"stdout","time":16013.6901215,"data":"Epoch 380/500  train=0.0705  val=0.0747\r\n"}
,{"stream_name":"stdout","time":16013.774218945,"data":"Model saved to /kaggle/working/results/checkpoints/07_24_rgcn_pragmas_backup.pt\r\n"}
,{"stream_name":"stdout","time":16097.344798484,"data":"Epoch 382/500  train=0.0634  val=0.0794\r\n"}
,{"stream_name":"stdout","time":16179.131945451,"data":"Epoch 384/500  train=0.0698  val=0.0818\r\n"}
,{"stream_name":"stdout","time":16261.794815611,"data":"Epoch 386/500  train=0.0675  val=0.0724\r\n"}
,{"stream_name":"stdout","time":16344.283253187,"data":"Epoch 388/500  train=0.0688  val=0.0837\r\n"}
,{"stream_name":"stdout","time":16428.685029204,"data":"Epoch 390/500  train=0.0708  val=0.0743\r\n"}
,{"stream_name":"stdout","time":16428.768155615,"data":"Model saved to /kaggle/working/results/checkpoints/07_24_rgcn_pragmas_backup.pt\r\n"}
,{"stream_name":"stdout","time":16511.228309507,"data":"Epoch 392/500  train=0.0644  val=0.0772\r\n"}
,{"stream_name":"stdout","time":16594.160270912,"data":"Epoch 394/500  train=0.0693  val=0.0681\r\n"}
,{"stream_name":"stdout","time":16677.417813139,"data":"Epoch 396/500  train=0.0657  val=0.0744\r\n"}
,{"stream_name":"stdout","time":16760.359195985,"data":"Epoch 398/500  train=0.0683  val=0.0817\r\n"}
,{"stream_name":"stdout","time":16842.57990914,"data":"Epoch 400/500  train=0.0696  val=0.0815\r\n"}
,{"stream_name":"stdout","time":16842.607671856,"data":"Model saved to /kaggle/working/results/checkpoints/07_24_rgcn_pragmas_backup.pt\r\n"}
,{"stream_name":"stdout","time":16925.822891461,"data":"Epoch 402/500  train=0.0640  val=0.0800\r\n"}
,{"stream_name":"stdout","time":17009.622611355,"data":"Epoch 404/500  train=0.0695  val=0.0740\r\n"}
,{"stream_name":"stdout","time":17092.608297632,"data":"Epoch 406/500  train=0.0638  val=0.0917\r\n"}
,{"stream_name":"stdout","time":17174.147589509,"data":"Epoch 408/500  train=0.0654  val=0.0898\r\n"}
,{"stream_name":"stdout","time":17255.073804193,"data":"Epoch 410/500  train=0.0641  val=0.0823\r\n"}
,{"stream_name":"stdout","time":17255.101694459,"data":"Model saved to /kaggle/working/results/checkpoints/07_24_rgcn_pragmas_backup.pt\r\n"}
,{"stream_name":"stdout","time":17337.982230772,"data":"Epoch 412/500  train=0.0656  val=0.0791\r\n"}
,{"stream_name":"stdout","time":17422.139224382,"data":"Epoch 414/500  train=0.0687  val=0.0841\r\n"}
,{"stream_name":"stdout","time":17505.304900358,"data":"Epoch 416/500  train=0.0696  val=0.0807\r\n"}
,{"stream_name":"stdout","time":17587.803212194,"data":"Epoch 418/500  train=0.0666  val=0.0849\r\n"}
,{"stream_name":"stdout","time":17671.086360516,"data":"Epoch 420/500  train=0.0646  val=0.0929\r\n"}
,{"stream_name":"stdout","time":17671.169308595,"data":"Model saved to /kaggle/working/results/checkpoints/07_24_rgcn_pragmas_backup.pt\r\n"}
,{"stream_name":"stdout","time":17755.200367099,"data":"Epoch 422/500  train=0.0636  val=0.0883\r\n"}
,{"stream_name":"stdout","time":17838.052842156,"data":"Epoch 424/500  train=0.0659  val=0.0867\r\n"}
,{"stream_name":"stdout","time":17921.951893044,"data":"Epoch 426/500  train=0.0686  val=0.0926\r\n"}
,{"stream_name":"stdout","time":18005.202583222,"data":"Epoch 428/500  train=0.0659  val=0.0915\r\n"}
,{"stream_name":"stdout","time":18088.178422515,"data":"Epoch 430/500  train=0.0657  val=0.0853\r\n"}
,{"stream_name":"stdout","time":18088.20947207,"data":"Model saved to /kaggle/working/results/checkpoints/07_24_rgcn_pragmas_backup.pt\r\n"}
,{"stream_name":"stdout","time":18171.833353261,"data":"Epoch 432/500  train=0.0612  val=0.0809\r\n"}
,{"stream_name":"stdout","time":18254.927792323,"data":"Epoch 434/500  train=0.0717  val=0.0826\r\n"}
,{"stream_name":"stdout","time":18337.95452683,"data":"Epoch 436/500  train=0.0618  val=0.0797\r\n"}
,{"stream_name":"stdout","time":18420.185378761,"data":"Epoch 438/500  train=0.0625  val=0.0758\r\n"}
,{"stream_name":"stdout","time":18502.018410264,"data":"Epoch 440/500  train=0.0653  val=0.0776\r\n"}
,{"stream_name":"stdout","time":18502.096408405,"data":"Model saved to /kaggle/working/results/checkpoints/07_24_rgcn_pragmas_backup.pt\r\n"}
,{"stream_name":"stdout","time":18584.108316841,"data":"Epoch 442/500  train=0.0640  val=0.0880\r\n"}
,{"stream_name":"stdout","time":18667.611708359,"data":"Epoch 444/500  train=0.0642  val=0.0796\r\n"}
,{"stream_name":"stdout","time":18667.61174582,"data":"Early stopping triggered after 444 epochs.\r\n"}
,{"stream_name":"stdout","time":18667.790907862,"data":"Best model restored from epoch 394 with validation loss 0.0681\r\n"}
,{"stream_name":"stdout","time":18667.790940931,"data":"/usr/local/lib/python3.12/dist-packages/torch/distributed/c10d_logger.py:83: UserWarning: barrier(): using the device under current context. You can specify `device_id` in `init_process_group` to mute this warning.\r\n"}
,{"stream_name":"stdout","time":18667.79095181,"data":"  return func(*args, **kwargs)\r\n"}
,{"stream_name":"stdout","time":18685.936176344,"data":"Wrote result bundle to /kaggle/working/results/07_24_rgcn_pragmas\r\n"}
,{"stream_name":"stderr","time":18693.389235701,"data":"/usr/local/lib/python3.12/dist-packages/mistune.py:435: SyntaxWarning: invalid escape sequence '\\|'\n"}
,{"stream_name":"stderr","time":18693.389265122,"data":"  cells[i][c] = re.sub('\\\\\\\\\\|', '|', cell)\n"}
,{"stream_name":"stderr","time":18693.532877673,"data":"/usr/local/lib/python3.12/dist-packages/nbconvert/filters/filter_links.py:36: SyntaxWarning: invalid escape sequence '\\_'\n"}
,{"stream_name":"stderr","time":18693.532911789,"data":"  text = re.sub(r'_', '\\_', text) # Escape underscores in display text\n"}
,{"stream_name":"stderr","time":18694.107154627,"data":"[NbConvertApp] Converting notebook __notebook__.ipynb to notebook\n"}
,{"stream_name":"stderr","time":18694.436246984,"data":"[NbConvertApp] Writing 51958 bytes to __notebook__.ipynb\n"}
,{"stream_name":"stderr","time":18696.707265612,"data":"[NbConvertApp] Converting notebook __notebook__.ipynb to html\n"}
,{"stream_name":"stderr","time":18697.479144629,"data":"[NbConvertApp] Writing 320198 bytes to __results__.html\n"}
]