
*****************************************
Setting OMP_NUM_THREADS environment variable for each process to be 1 in default, to avoid your system being overloaded, please further tune the variable for optimal performance in your application as needed. 
*****************************************
[W731 20:29:59.581610402 socket.cpp:207] [c10d] The hostname of the client socket cannot be retrieved. err=-3
[W731 20:30:09.054767833 socket.cpp:207] [c10d] The hostname of the client socket cannot be retrieved. err=-3
[W731 20:30:09.084957080 socket.cpp:207] [c10d] The hostname of the client socket cannot be retrieved. err=-3
Indexed 3904 graphs across 7 type(s)
  skipped 26 duplicate graph UUID path(s)
  2layer: 800
    avg size: 0.72 MB
    total size: 576.36 MB
  3layer: 800
    avg size: 1.09 MB
    total size: 875.00 MB
  conv1d: 346
    avg size: 6.97 MB
    total size: 2412.64 MB
  conv2d: 194
    avg size: 7.30 MB
    total size: 1416.81 MB
  dense_latency: 550
    avg size: 7.37 MB
    total size: 4051.79 MB
  dense_resource: 414
    avg size: 7.40 MB
    total size: 3062.25 MB
  rule4ml: 800
    avg size: 6.72 MB
    total size: 5374.98 MB
Indexed 799 graphs across 1 type(s)
  exemplar: 799
    avg size: 3.08 MB
    total size: 2463.90 MB
/kaggle/working/ll-hls4ml/src/ll_hls4ml/models/hetero_gat.py:28: UserWarning: There exist node types ({'pragma'}) whose representations do not get updated during message passing as they do not occur as destination type in any edge type. This may lead to unexpected behavior.
  self.conv = HeteroConv(
/kaggle/working/ll-hls4ml/src/ll_hls4ml/models/hetero_gat.py:28: UserWarning: There exist node types ({'pragma'}) whose representations do not get updated during message passing as they do not occur as destination type in any edge type. This may lead to unexpected behavior.
  self.conv = HeteroConv(
Training 400 epochs...
/usr/local/lib/python3.12/dist-packages/torch_geometric/utils/_scatter.py:91: UserWarning: The usage of `scatter(reduce='max')` can be accelerated via the 'torch-scatter' package, but it was not found
  warnings.warn(
/usr/local/lib/python3.12/dist-packages/torch_geometric/utils/_scatter.py:91: UserWarning: The usage of `scatter(reduce='max')` can be accelerated via the 'torch-scatter' package, but it was not found
  warnings.warn(
Epoch   1/400  train=0.4033  val=0.3018
Epoch   2/400  train=0.3007  val=0.2740
Epoch   4/400  train=0.1963  val=0.2320
Model saved to /kaggle/working/results/kaggle_v2_gatv2_1head_scale100_seed42/checkpoints/kaggle_v2_gatv2_1head_scale100_seed42_backup.pt
Epoch   6/400  train=0.1774  val=0.1425
Epoch   8/400  train=0.1721  val=0.1452
Epoch  10/400  train=0.1641  val=0.1569
Model saved to /kaggle/working/results/kaggle_v2_gatv2_1head_scale100_seed42/checkpoints/kaggle_v2_gatv2_1head_scale100_seed42_backup.pt
Epoch  12/400  train=0.1565  val=0.1445
Epoch  14/400  train=0.1561  val=0.1423
Model saved to /kaggle/working/results/kaggle_v2_gatv2_1head_scale100_seed42/checkpoints/kaggle_v2_gatv2_1head_scale100_seed42_backup.pt
Epoch  16/400  train=0.1505  val=0.1288
Epoch  18/400  train=0.1490  val=0.1323
Epoch  20/400  train=0.1436  val=0.1287
Model saved to /kaggle/working/results/kaggle_v2_gatv2_1head_scale100_seed42/checkpoints/kaggle_v2_gatv2_1head_scale100_seed42_backup.pt
Epoch  22/400  train=0.1423  val=0.1357
Epoch  24/400  train=0.1382  val=0.1515
Model saved to /kaggle/working/results/kaggle_v2_gatv2_1head_scale100_seed42/checkpoints/kaggle_v2_gatv2_1head_scale100_seed42_backup.pt
Epoch  26/400  train=0.1344  val=0.1230
Epoch  28/400  train=0.1262  val=0.1329
Epoch  30/400  train=0.1253  val=0.1177
Model saved to /kaggle/working/results/kaggle_v2_gatv2_1head_scale100_seed42/checkpoints/kaggle_v2_gatv2_1head_scale100_seed42_backup.pt
Epoch  32/400  train=0.1247  val=0.1151
Epoch  34/400  train=0.1232  val=0.1109
Model saved to /kaggle/working/results/kaggle_v2_gatv2_1head_scale100_seed42/checkpoints/kaggle_v2_gatv2_1head_scale100_seed42_backup.pt
Epoch  36/400  train=0.1206  val=0.1111
Epoch  38/400  train=0.1209  val=0.1051
Epoch  40/400  train=0.1182  val=0.1106
Model saved to /kaggle/working/results/kaggle_v2_gatv2_1head_scale100_seed42/checkpoints/kaggle_v2_gatv2_1head_scale100_seed42_backup.pt
Epoch  42/400  train=0.1184  val=0.1175
Epoch  44/400  train=0.1190  val=0.1082
Model saved to /kaggle/working/results/kaggle_v2_gatv2_1head_scale100_seed42/checkpoints/kaggle_v2_gatv2_1head_scale100_seed42_backup.pt
Epoch  46/400  train=0.1143  val=0.0985
Epoch  48/400  train=0.1161  val=0.1021
Epoch  50/400  train=0.1134  val=0.1073
Model saved to /kaggle/working/results/kaggle_v2_gatv2_1head_scale100_seed42/checkpoints/kaggle_v2_gatv2_1head_scale100_seed42_backup.pt
Epoch  52/400  train=0.1225  val=0.1081
Epoch  54/400  train=0.1110  val=0.1079
Model saved to /kaggle/working/results/kaggle_v2_gatv2_1head_scale100_seed42/checkpoints/kaggle_v2_gatv2_1head_scale100_seed42_backup.pt
Epoch  56/400  train=0.1116  val=0.1135
Epoch  58/400  train=0.1118  val=0.1022
Epoch  60/400  train=0.1089  val=0.0929
Model saved to /kaggle/working/results/kaggle_v2_gatv2_1head_scale100_seed42/checkpoints/kaggle_v2_gatv2_1head_scale100_seed42_backup.pt
Epoch  62/400  train=0.1124  val=0.1119
Epoch  64/400  train=0.1086  val=0.1028
Model saved to /kaggle/working/results/kaggle_v2_gatv2_1head_scale100_seed42/checkpoints/kaggle_v2_gatv2_1head_scale100_seed42_backup.pt
Epoch  66/400  train=0.1055  val=0.1077
Epoch  68/400  train=0.1088  val=0.0969
Epoch  70/400  train=0.1051  val=0.0956
Model saved to /kaggle/working/results/kaggle_v2_gatv2_1head_scale100_seed42/checkpoints/kaggle_v2_gatv2_1head_scale100_seed42_backup.pt
Epoch  72/400  train=0.1070  val=0.1006
Epoch  74/400  train=0.1095  val=0.1252
Model saved to /kaggle/working/results/kaggle_v2_gatv2_1head_scale100_seed42/checkpoints/kaggle_v2_gatv2_1head_scale100_seed42_backup.pt
Epoch  76/400  train=0.1072  val=0.0954
Epoch  78/400  train=0.1068  val=0.0970
Epoch  80/400  train=0.1046  val=0.1018
Model saved to /kaggle/working/results/kaggle_v2_gatv2_1head_scale100_seed42/checkpoints/kaggle_v2_gatv2_1head_scale100_seed42_backup.pt
Epoch  82/400  train=0.1028  val=0.1041
Epoch  84/400  train=0.1036  val=0.1057
Model saved to /kaggle/working/results/kaggle_v2_gatv2_1head_scale100_seed42/checkpoints/kaggle_v2_gatv2_1head_scale100_seed42_backup.pt
Epoch  86/400  train=0.1029  val=0.1047
Epoch  88/400  train=0.1027  val=0.0955
Epoch  90/400  train=0.1043  val=0.1028
Model saved to /kaggle/working/results/kaggle_v2_gatv2_1head_scale100_seed42/checkpoints/kaggle_v2_gatv2_1head_scale100_seed42_backup.pt
Epoch  92/400  train=0.1016  val=0.0967
Epoch  94/400  train=0.1028  val=0.1060
Model saved to /kaggle/working/results/kaggle_v2_gatv2_1head_scale100_seed42/checkpoints/kaggle_v2_gatv2_1head_scale100_seed42_backup.pt
Epoch  96/400  train=0.0993  val=0.0985
Epoch  98/400  train=0.0994  val=0.0907
Epoch 100/400  train=0.0981  val=0.0881
Model saved to /kaggle/working/results/kaggle_v2_gatv2_1head_scale100_seed42/checkpoints/kaggle_v2_gatv2_1head_scale100_seed42_backup.pt
Epoch 102/400  train=0.0993  val=0.0983
Epoch 104/400  train=0.1028  val=0.0890
Model saved to /kaggle/working/results/kaggle_v2_gatv2_1head_scale100_seed42/checkpoints/kaggle_v2_gatv2_1head_scale100_seed42_backup.pt
Epoch 106/400  train=0.0996  val=0.0964
Epoch 108/400  train=0.0981  val=0.1037
Epoch 110/400  train=0.1000  val=0.0893
Model saved to /kaggle/working/results/kaggle_v2_gatv2_1head_scale100_seed42/checkpoints/kaggle_v2_gatv2_1head_scale100_seed42_backup.pt
Epoch 112/400  train=0.1002  val=0.0986
Epoch 114/400  train=0.0994  val=0.0871
Model saved to /kaggle/working/results/kaggle_v2_gatv2_1head_scale100_seed42/checkpoints/kaggle_v2_gatv2_1head_scale100_seed42_backup.pt
Epoch 116/400  train=0.0989  val=0.0867
Epoch 118/400  train=0.0994  val=0.0888
Epoch 120/400  train=0.0969  val=0.0954
Model saved to /kaggle/working/results/kaggle_v2_gatv2_1head_scale100_seed42/checkpoints/kaggle_v2_gatv2_1head_scale100_seed42_backup.pt
Epoch 122/400  train=0.0964  val=0.0896
Epoch 124/400  train=0.0988  val=0.0892
Model saved to /kaggle/working/results/kaggle_v2_gatv2_1head_scale100_seed42/checkpoints/kaggle_v2_gatv2_1head_scale100_seed42_backup.pt
Epoch 126/400  train=0.0978  val=0.0960
Epoch 128/400  train=0.0952  val=0.0903
Epoch 130/400  train=0.0956  val=0.0908
Model saved to /kaggle/working/results/kaggle_v2_gatv2_1head_scale100_seed42/checkpoints/kaggle_v2_gatv2_1head_scale100_seed42_backup.pt
Epoch 132/400  train=0.0964  val=0.0977
Epoch 134/400  train=0.0952  val=0.1024
Model saved to /kaggle/working/results/kaggle_v2_gatv2_1head_scale100_seed42/checkpoints/kaggle_v2_gatv2_1head_scale100_seed42_backup.pt
Epoch 136/400  train=0.0942  val=0.0987
Epoch 138/400  train=0.0991  val=0.0915
Epoch 140/400  train=0.0915  val=0.0936
Model saved to /kaggle/working/results/kaggle_v2_gatv2_1head_scale100_seed42/checkpoints/kaggle_v2_gatv2_1head_scale100_seed42_backup.pt
Epoch 142/400  train=0.0955  val=0.0849
Epoch 144/400  train=0.0937  val=0.0973
Model saved to /kaggle/working/results/kaggle_v2_gatv2_1head_scale100_seed42/checkpoints/kaggle_v2_gatv2_1head_scale100_seed42_backup.pt
Epoch 146/400  train=0.1009  val=0.0931
Early stopping triggered after 146 epochs.
Best model restored from epoch 116 with validation smape 31.3914
/usr/local/lib/python3.12/dist-packages/torch/distributed/c10d_logger.py:83: UserWarning: barrier(): using the device under current context. You can specify `device_id` in `init_process_group` to mute this warning.
  return func(*args, **kwargs)
Wrote result bundle to /kaggle/working/results/kaggle_v2_gatv2_1head_scale100_seed42
