
*****************************************
Setting OMP_NUM_THREADS environment variable for each process to be 1 in default, to avoid your system being overloaded, please further tune the variable for optimal performance in your application as needed. 
*****************************************
[W731 15:27:56.337761330 socket.cpp:207] [c10d] The hostname of the client socket cannot be retrieved. err=-3
[W731 15:28:10.400487943 socket.cpp:207] [c10d] The hostname of the client socket cannot be retrieved. err=-3
[W731 15:28:10.404679674 socket.cpp:207] [c10d] The hostname of the client socket cannot be retrieved. err=-3
Indexed 3904 graphs across 7 type(s)
  skipped 26 duplicate graph UUID path(s)
  2layer: 800
    avg size: 0.72 MB
    total size: 576.36 MB
  3layer: 800
    avg size: 1.09 MB
    total size: 875.00 MB
  conv1d: 346
    avg size: 6.97 MB
    total size: 2412.64 MB
  conv2d: 194
    avg size: 7.30 MB
    total size: 1416.81 MB
  dense_latency: 550
    avg size: 7.37 MB
    total size: 4051.79 MB
  dense_resource: 414
    avg size: 7.40 MB
    total size: 3062.25 MB
  rule4ml: 800
    avg size: 6.72 MB
    total size: 5374.98 MB
Indexed 799 graphs across 1 type(s)
  exemplar: 799
    avg size: 3.08 MB
    total size: 2463.90 MB
/kaggle/working/ll-hls4ml/src/ll_hls4ml/models/hetero_gat.py:28: UserWarning: There exist node types ({'pragma'}) whose representations do not get updated during message passing as they do not occur as destination type in any edge type. This may lead to unexpected behavior.
  self.conv = HeteroConv(
/kaggle/working/ll-hls4ml/src/ll_hls4ml/models/hetero_gat.py:28: UserWarning: There exist node types ({'pragma'}) whose representations do not get updated during message passing as they do not occur as destination type in any edge type. This may lead to unexpected behavior.
  self.conv = HeteroConv(
Training 400 epochs...
/usr/local/lib/python3.12/dist-packages/torch_geometric/utils/_scatter.py:91: UserWarning: The usage of `scatter(reduce='max')` can be accelerated via the 'torch-scatter' package, but it was not found
  warnings.warn(
/usr/local/lib/python3.12/dist-packages/torch_geometric/utils/_scatter.py:91: UserWarning: The usage of `scatter(reduce='max')` can be accelerated via the 'torch-scatter' package, but it was not found
  warnings.warn(
Epoch   1/400  train=0.4917  val=0.4074
Epoch   2/400  train=0.3593  val=0.3333
Epoch   4/400  train=0.2996  val=0.3110
Model saved to /kaggle/working/results/kaggle_v2_gatv2_1head_scale025_seed42/checkpoints/kaggle_v2_gatv2_1head_scale025_seed42_backup.pt
Epoch   6/400  train=0.2859  val=0.2964
Epoch   8/400  train=0.2615  val=0.2580
Epoch  10/400  train=0.2315  val=0.2057
Model saved to /kaggle/working/results/kaggle_v2_gatv2_1head_scale025_seed42/checkpoints/kaggle_v2_gatv2_1head_scale025_seed42_backup.pt
Epoch  12/400  train=0.2016  val=0.2024
Epoch  14/400  train=0.1896  val=0.1926
Model saved to /kaggle/working/results/kaggle_v2_gatv2_1head_scale025_seed42/checkpoints/kaggle_v2_gatv2_1head_scale025_seed42_backup.pt
Epoch  16/400  train=0.1789  val=0.2000
Epoch  18/400  train=0.1803  val=0.1706
Epoch  20/400  train=0.1770  val=0.1952
Model saved to /kaggle/working/results/kaggle_v2_gatv2_1head_scale025_seed42/checkpoints/kaggle_v2_gatv2_1head_scale025_seed42_backup.pt
Epoch  22/400  train=0.1680  val=0.1901
Epoch  24/400  train=0.1658  val=0.1734
Model saved to /kaggle/working/results/kaggle_v2_gatv2_1head_scale025_seed42/checkpoints/kaggle_v2_gatv2_1head_scale025_seed42_backup.pt
Epoch  26/400  train=0.1660  val=0.1677
Epoch  28/400  train=0.1532  val=0.1660
Epoch  30/400  train=0.1566  val=0.1459
Model saved to /kaggle/working/results/kaggle_v2_gatv2_1head_scale025_seed42/checkpoints/kaggle_v2_gatv2_1head_scale025_seed42_backup.pt
Epoch  32/400  train=0.1548  val=0.1567
Epoch  34/400  train=0.1511  val=0.1305
Model saved to /kaggle/working/results/kaggle_v2_gatv2_1head_scale025_seed42/checkpoints/kaggle_v2_gatv2_1head_scale025_seed42_backup.pt
Epoch  36/400  train=0.1519  val=0.1845
Epoch  38/400  train=0.1487  val=0.1626
Epoch  40/400  train=0.1426  val=0.1406
Model saved to /kaggle/working/results/kaggle_v2_gatv2_1head_scale025_seed42/checkpoints/kaggle_v2_gatv2_1head_scale025_seed42_backup.pt
Epoch  42/400  train=0.1426  val=0.1453
Epoch  44/400  train=0.1441  val=0.1506
Model saved to /kaggle/working/results/kaggle_v2_gatv2_1head_scale025_seed42/checkpoints/kaggle_v2_gatv2_1head_scale025_seed42_backup.pt
Epoch  46/400  train=0.1366  val=0.1391
Epoch  48/400  train=0.1436  val=0.1458
Epoch  50/400  train=0.1368  val=0.1545
Model saved to /kaggle/working/results/kaggle_v2_gatv2_1head_scale025_seed42/checkpoints/kaggle_v2_gatv2_1head_scale025_seed42_backup.pt
Epoch  52/400  train=0.1323  val=0.1383
Epoch  54/400  train=0.1351  val=0.1424
Model saved to /kaggle/working/results/kaggle_v2_gatv2_1head_scale025_seed42/checkpoints/kaggle_v2_gatv2_1head_scale025_seed42_backup.pt
Epoch  56/400  train=0.1289  val=0.1447
Epoch  58/400  train=0.1287  val=0.1389
Epoch  60/400  train=0.1281  val=0.1462
Model saved to /kaggle/working/results/kaggle_v2_gatv2_1head_scale025_seed42/checkpoints/kaggle_v2_gatv2_1head_scale025_seed42_backup.pt
Epoch  62/400  train=0.1311  val=0.1339
Epoch  64/400  train=0.1342  val=0.1501
Model saved to /kaggle/working/results/kaggle_v2_gatv2_1head_scale025_seed42/checkpoints/kaggle_v2_gatv2_1head_scale025_seed42_backup.pt
Epoch  66/400  train=0.1285  val=0.1266
Epoch  68/400  train=0.1246  val=0.1340
Epoch  70/400  train=0.1216  val=0.1251
Model saved to /kaggle/working/results/kaggle_v2_gatv2_1head_scale025_seed42/checkpoints/kaggle_v2_gatv2_1head_scale025_seed42_backup.pt
Epoch  72/400  train=0.1248  val=0.1283
Epoch  74/400  train=0.1293  val=0.1314
Model saved to /kaggle/working/results/kaggle_v2_gatv2_1head_scale025_seed42/checkpoints/kaggle_v2_gatv2_1head_scale025_seed42_backup.pt
Epoch  76/400  train=0.1243  val=0.1259
Epoch  78/400  train=0.1216  val=0.1271
Epoch  80/400  train=0.1262  val=0.1229
Model saved to /kaggle/working/results/kaggle_v2_gatv2_1head_scale025_seed42/checkpoints/kaggle_v2_gatv2_1head_scale025_seed42_backup.pt
Epoch  82/400  train=0.1204  val=0.1289
Epoch  84/400  train=0.1166  val=0.1226
Model saved to /kaggle/working/results/kaggle_v2_gatv2_1head_scale025_seed42/checkpoints/kaggle_v2_gatv2_1head_scale025_seed42_backup.pt
Epoch  86/400  train=0.1198  val=0.1292
Epoch  88/400  train=0.1146  val=0.1421
Epoch  90/400  train=0.1180  val=0.1294
Model saved to /kaggle/working/results/kaggle_v2_gatv2_1head_scale025_seed42/checkpoints/kaggle_v2_gatv2_1head_scale025_seed42_backup.pt
Epoch  92/400  train=0.1101  val=0.1313
Epoch  94/400  train=0.1104  val=0.1268
Model saved to /kaggle/working/results/kaggle_v2_gatv2_1head_scale025_seed42/checkpoints/kaggle_v2_gatv2_1head_scale025_seed42_backup.pt
Epoch  96/400  train=0.1161  val=0.1286
Epoch  98/400  train=0.1127  val=0.1261
Epoch 100/400  train=0.1150  val=0.1161
Model saved to /kaggle/working/results/kaggle_v2_gatv2_1head_scale025_seed42/checkpoints/kaggle_v2_gatv2_1head_scale025_seed42_backup.pt
Epoch 102/400  train=0.1114  val=0.1425
Epoch 104/400  train=0.1053  val=0.1238
Model saved to /kaggle/working/results/kaggle_v2_gatv2_1head_scale025_seed42/checkpoints/kaggle_v2_gatv2_1head_scale025_seed42_backup.pt
Epoch 106/400  train=0.1065  val=0.1243
Epoch 108/400  train=0.1061  val=0.1173
Epoch 110/400  train=0.1058  val=0.1198
Model saved to /kaggle/working/results/kaggle_v2_gatv2_1head_scale025_seed42/checkpoints/kaggle_v2_gatv2_1head_scale025_seed42_backup.pt
Epoch 112/400  train=0.1060  val=0.1162
Epoch 114/400  train=0.1032  val=0.1151
Model saved to /kaggle/working/results/kaggle_v2_gatv2_1head_scale025_seed42/checkpoints/kaggle_v2_gatv2_1head_scale025_seed42_backup.pt
Epoch 116/400  train=0.1046  val=0.1253
Epoch 118/400  train=0.1023  val=0.1220
Epoch 120/400  train=0.1031  val=0.1227
Model saved to /kaggle/working/results/kaggle_v2_gatv2_1head_scale025_seed42/checkpoints/kaggle_v2_gatv2_1head_scale025_seed42_backup.pt
Epoch 122/400  train=0.1004  val=0.1087
Epoch 124/400  train=0.1032  val=0.1258
Model saved to /kaggle/working/results/kaggle_v2_gatv2_1head_scale025_seed42/checkpoints/kaggle_v2_gatv2_1head_scale025_seed42_backup.pt
Epoch 126/400  train=0.1013  val=0.1177
Epoch 128/400  train=0.1016  val=0.1133
Epoch 130/400  train=0.0998  val=0.1152
Model saved to /kaggle/working/results/kaggle_v2_gatv2_1head_scale025_seed42/checkpoints/kaggle_v2_gatv2_1head_scale025_seed42_backup.pt
Epoch 132/400  train=0.0974  val=0.1181
Epoch 134/400  train=0.0930  val=0.1056
Model saved to /kaggle/working/results/kaggle_v2_gatv2_1head_scale025_seed42/checkpoints/kaggle_v2_gatv2_1head_scale025_seed42_backup.pt
Epoch 136/400  train=0.0951  val=0.1133
Epoch 138/400  train=0.1007  val=0.1153
Epoch 140/400  train=0.0993  val=0.1376
Model saved to /kaggle/working/results/kaggle_v2_gatv2_1head_scale025_seed42/checkpoints/kaggle_v2_gatv2_1head_scale025_seed42_backup.pt
Epoch 142/400  train=0.0960  val=0.1146
Epoch 144/400  train=0.0960  val=0.1147
Model saved to /kaggle/working/results/kaggle_v2_gatv2_1head_scale025_seed42/checkpoints/kaggle_v2_gatv2_1head_scale025_seed42_backup.pt
Epoch 146/400  train=0.0971  val=0.1248
Epoch 148/400  train=0.0940  val=0.1196
Epoch 150/400  train=0.0921  val=0.1252
Model saved to /kaggle/working/results/kaggle_v2_gatv2_1head_scale025_seed42/checkpoints/kaggle_v2_gatv2_1head_scale025_seed42_backup.pt
Epoch 152/400  train=0.0972  val=0.1243
Epoch 154/400  train=0.0960  val=0.1209
Model saved to /kaggle/working/results/kaggle_v2_gatv2_1head_scale025_seed42/checkpoints/kaggle_v2_gatv2_1head_scale025_seed42_backup.pt
Epoch 156/400  train=0.0946  val=0.1138
Epoch 158/400  train=0.1028  val=0.1203
Epoch 160/400  train=0.0931  val=0.1089
Model saved to /kaggle/working/results/kaggle_v2_gatv2_1head_scale025_seed42/checkpoints/kaggle_v2_gatv2_1head_scale025_seed42_backup.pt
Epoch 162/400  train=0.0980  val=0.1131
Epoch 164/400  train=0.0897  val=0.1052
Model saved to /kaggle/working/results/kaggle_v2_gatv2_1head_scale025_seed42/checkpoints/kaggle_v2_gatv2_1head_scale025_seed42_backup.pt
Epoch 166/400  train=0.0879  val=0.1241
Epoch 168/400  train=0.0937  val=0.1210
Epoch 170/400  train=0.0957  val=0.1106
Model saved to /kaggle/working/results/kaggle_v2_gatv2_1head_scale025_seed42/checkpoints/kaggle_v2_gatv2_1head_scale025_seed42_backup.pt
Epoch 172/400  train=0.0977  val=0.1253
Epoch 174/400  train=0.0918  val=0.1217
Model saved to /kaggle/working/results/kaggle_v2_gatv2_1head_scale025_seed42/checkpoints/kaggle_v2_gatv2_1head_scale025_seed42_backup.pt
Epoch 176/400  train=0.0986  val=0.1133
Epoch 178/400  train=0.0905  val=0.1148
Epoch 180/400  train=0.0910  val=0.1224
Model saved to /kaggle/working/results/kaggle_v2_gatv2_1head_scale025_seed42/checkpoints/kaggle_v2_gatv2_1head_scale025_seed42_backup.pt
Epoch 182/400  train=0.0930  val=0.1138
Epoch 184/400  train=0.0843  val=0.1148
Model saved to /kaggle/working/results/kaggle_v2_gatv2_1head_scale025_seed42/checkpoints/kaggle_v2_gatv2_1head_scale025_seed42_backup.pt
W0731 17:27:53.983000 4826 torch/distributed/elastic/agent/server/api.py:739] Received 2 death signal, shutting down workers
W0731 17:27:53.984000 4826 torch/distributed/elastic/multiprocessing/api.py:1010] Sending process 4834 closing signal SIGINT
W0731 17:27:53.985000 4826 torch/distributed/elastic/multiprocessing/api.py:1010] Sending process 4835 closing signal SIGINT
[rank0]: Traceback (most recent call last):
[rank0]:   File "/kaggle/working/ll-hls4ml/scripts/train.py", line 774, in <module>
[rank0]:     main()
[rank0]:   File "/kaggle/working/ll-hls4ml/scripts/train.py", line 658, in main
[rank0]:     model = fit(
[rank0]:             ^^^^
[rank0]:   File "/kaggle/working/ll-hls4ml/src/ll_hls4ml/training/loops.py", line 320, in fit
[rank0]:     train_loss = train_one_epoch(
[rank0]:                  ^^^^^^^^^^^^^^^^
[rank0]:   File "/kaggle/working/ll-hls4ml/src/ll_hls4ml/training/loops.py", line 145, in train_one_epoch
[rank0]:     loss.backward()
[rank0]:   File "/usr/local/lib/python3.12/dist-packages/torch/_tensor.py", line 630, in backward
[rank0]:     torch.autograd.backward(
[rank0]:   File "/usr/local/lib/python3.12/dist-packages/torch/autograd/__init__.py", line 364, in backward
[rank0]:     _engine_run_backward(
[rank0]:   File "/usr/local/lib/python3.12/dist-packages/torch/autograd/graph.py", line 865, in _engine_run_backward
[rank0]:     return Variable._execution_engine.run_backward(  # Calls into the C++ engine to run the backward pass
[rank0]:            ^^^^^^^^^^^^^^^^^^^^^^^^^^^^^^^^^^^^^^^^^^^^^^^^^^^^^^^^^^^^^^^^^^^^^^^^^^^^^^^^^^^^^^^^^^^^^^
[rank0]: KeyboardInterrupt
[rank1]: Traceback (most recent call last):
[rank1]:   File "/kaggle/working/ll-hls4ml/scripts/train.py", line 774, in <module>
[rank1]:     main()
[rank1]:   File "/kaggle/working/ll-hls4ml/scripts/train.py", line 658, in main
[rank1]:     model = fit(
[rank1]:             ^^^^
[rank1]:   File "/kaggle/working/ll-hls4ml/src/ll_hls4ml/training/loops.py", line 320, in fit
[rank1]:     train_loss = train_one_epoch(
[rank1]:                  ^^^^^^^^^^^^^^^^
[rank1]:   File "/kaggle/working/ll-hls4ml/src/ll_hls4ml/training/loops.py", line 145, in train_one_epoch
[rank1]:     loss.backward()
[rank1]:   File "/usr/local/lib/python3.12/dist-packages/torch/_tensor.py", line 630, in backward
[rank1]:     torch.autograd.backward(
[rank1]:   File "/usr/local/lib/python3.12/dist-packages/torch/autograd/__init__.py", line 364, in backward
[rank1]:     _engine_run_backward(
[rank1]:   File "/usr/local/lib/python3.12/dist-packages/torch/autograd/graph.py", line 865, in _engine_run_backward
[rank1]:     return Variable._execution_engine.run_backward(  # Calls into the C++ engine to run the backward pass
[rank1]:            ^^^^^^^^^^^^^^^^^^^^^^^^^^^^^^^^^^^^^^^^^^^^^^^^^^^^^^^^^^^^^^^^^^^^^^^^^^^^^^^^^^^^^^^^^^^^^^
[rank1]: KeyboardInterrupt
Traceback (most recent call last):
  File "<frozen runpy>", line 198, in _run_module_as_main
  File "<frozen runpy>", line 88, in _run_code
  File "/usr/local/lib/python3.12/dist-packages/torch/distributed/run.py", line 995, in <module>
    main()
  File "/usr/local/lib/python3.12/dist-packages/torch/distributed/elastic/multiprocessing/errors/__init__.py", line 362, in wrapper
    return f(*args, **kwargs)
           ^^^^^^^^^^^^^^^^^^
  File "/usr/local/lib/python3.12/dist-packages/torch/distributed/run.py", line 991, in main
    run(args)
  File "/usr/local/lib/python3.12/dist-packages/torch/distributed/run.py", line 982, in run
    elastic_launch(
  File "/usr/local/lib/python3.12/dist-packages/torch/distributed/launcher/api.py", line 170, in __call__
    return launch_agent(self._config, self._entrypoint, list(args))
           ^^^^^^^^^^^^^^^^^^^^^^^^^^^^^^^^^^^^^^^^^^^^^^^^^^^^^^^^
  File "/usr/local/lib/python3.12/dist-packages/torch/distributed/launcher/api.py", line 308, in launch_agent
    result = agent.run()
             ^^^^^^^^^^^
  File "/usr/local/lib/python3.12/dist-packages/torch/distributed/elastic/metrics/api.py", line 134, in wrapper
    result = f(*args, **kwargs)
             ^^^^^^^^^^^^^^^^^^
  File "/usr/local/lib/python3.12/dist-packages/torch/distributed/elastic/agent/server/api.py", line 731, in run
    result = self._invoke_run(role)
             ^^^^^^^^^^^^^^^^^^^^^^
  File "/usr/local/lib/python3.12/dist-packages/torch/distributed/elastic/agent/server/api.py", line 908, in _invoke_run
    time.sleep(monitor_interval)
  File "/usr/local/lib/python3.12/dist-packages/torch/distributed/elastic/multiprocessing/api.py", line 86, in _terminate_process_handler
    raise SignalException(f"Process {os.getpid()} got signal: {sigval}", sigval=sigval)
torch.distributed.elastic.multiprocessing.api.SignalException: Process 4826 got signal: 2

*****************************************
Setting OMP_NUM_THREADS environment variable for each process to be 1 in default, to avoid your system being overloaded, please further tune the variable for optimal performance in your application as needed. 
*****************************************
[W801 11:57:11.565242810 socket.cpp:207] [c10d] The hostname of the client socket cannot be retrieved. err=-3
[W801 11:57:25.873625079 socket.cpp:207] [c10d] The hostname of the client socket cannot be retrieved. err=-3
[W801 11:57:25.877905421 socket.cpp:207] [c10d] The hostname of the client socket cannot be retrieved. err=-3
Indexed 3904 graphs across 7 type(s)
  skipped 26 duplicate graph UUID path(s)
  2layer: 800
    avg size: 0.72 MB
    total size: 576.36 MB
  3layer: 800
    avg size: 1.09 MB
    total size: 875.00 MB
  conv1d: 346
    avg size: 6.97 MB
    total size: 2412.64 MB
  conv2d: 194
    avg size: 7.30 MB
    total size: 1416.81 MB
  dense_latency: 550
    avg size: 7.37 MB
    total size: 4051.79 MB
  dense_resource: 414
    avg size: 7.40 MB
    total size: 3062.25 MB
  rule4ml: 800
    avg size: 6.72 MB
    total size: 5374.98 MB
Indexed 799 graphs across 1 type(s)
  exemplar: 799
    avg size: 3.08 MB
    total size: 2463.90 MB
/kaggle/working/ll-hls4ml/src/ll_hls4ml/models/hetero_gat.py:28: UserWarning: There exist node types ({'pragma'}) whose representations do not get updated during message passing as they do not occur as destination type in any edge type. This may lead to unexpected behavior.
  self.conv = HeteroConv(
/kaggle/working/ll-hls4ml/src/ll_hls4ml/models/hetero_gat.py:28: UserWarning: There exist node types ({'pragma'}) whose representations do not get updated during message passing as they do not occur as destination type in any edge type. This may lead to unexpected behavior.
  self.conv = HeteroConv(
Training 400 epochs...
/usr/local/lib/python3.12/dist-packages/torch_geometric/utils/_scatter.py:91: UserWarning: The usage of `scatter(reduce='max')` can be accelerated via the 'torch-scatter' package, but it was not found
  warnings.warn(
/usr/local/lib/python3.12/dist-packages/torch_geometric/utils/_scatter.py:91: UserWarning: The usage of `scatter(reduce='max')` can be accelerated via the 'torch-scatter' package, but it was not found
  warnings.warn(
Epoch 186/400  train=0.0931  val=0.1102
Epoch 188/400  train=0.0876  val=0.1310
Epoch 190/400  train=0.0910  val=0.1032
Model saved to /kaggle/working/results/kaggle_v2_gatv2_1head_scale025_seed42/checkpoints/kaggle_v2_gatv2_1head_scale025_seed42_backup.pt
Epoch 192/400  train=0.0900  val=0.1041
Epoch 194/400  train=0.0871  val=0.1194
Model saved to /kaggle/working/results/kaggle_v2_gatv2_1head_scale025_seed42/checkpoints/kaggle_v2_gatv2_1head_scale025_seed42_backup.pt
Epoch 196/400  train=0.0849  val=0.1120
Epoch 198/400  train=0.0907  val=0.1167
Epoch 200/400  train=0.0862  val=0.1181
Model saved to /kaggle/working/results/kaggle_v2_gatv2_1head_scale025_seed42/checkpoints/kaggle_v2_gatv2_1head_scale025_seed42_backup.pt
Epoch 202/400  train=0.0865  val=0.1099
Epoch 204/400  train=0.0883  val=0.1167
Model saved to /kaggle/working/results/kaggle_v2_gatv2_1head_scale025_seed42/checkpoints/kaggle_v2_gatv2_1head_scale025_seed42_backup.pt
Epoch 206/400  train=0.0858  val=0.1086
Epoch 208/400  train=0.0811  val=0.1118
Epoch 210/400  train=0.0859  val=0.1061
Model saved to /kaggle/working/results/kaggle_v2_gatv2_1head_scale025_seed42/checkpoints/kaggle_v2_gatv2_1head_scale025_seed42_backup.pt
Epoch 212/400  train=0.0865  val=0.1015
Epoch 214/400  train=0.0883  val=0.1094
Model saved to /kaggle/working/results/kaggle_v2_gatv2_1head_scale025_seed42/checkpoints/kaggle_v2_gatv2_1head_scale025_seed42_backup.pt
Epoch 216/400  train=0.0833  val=0.1055
Epoch 218/400  train=0.0840  val=0.1031
Epoch 220/400  train=0.0863  val=0.1132
Model saved to /kaggle/working/results/kaggle_v2_gatv2_1head_scale025_seed42/checkpoints/kaggle_v2_gatv2_1head_scale025_seed42_backup.pt
Epoch 222/400  train=0.0840  val=0.1072
Epoch 224/400  train=0.0829  val=0.1172
Model saved to /kaggle/working/results/kaggle_v2_gatv2_1head_scale025_seed42/checkpoints/kaggle_v2_gatv2_1head_scale025_seed42_backup.pt
Epoch 226/400  train=0.0863  val=0.1007
Epoch 228/400  train=0.0861  val=0.1219
Epoch 230/400  train=0.0846  val=0.1044
Model saved to /kaggle/working/results/kaggle_v2_gatv2_1head_scale025_seed42/checkpoints/kaggle_v2_gatv2_1head_scale025_seed42_backup.pt
Epoch 232/400  train=0.0839  val=0.1040
Epoch 234/400  train=0.0848  val=0.1152
Model saved to /kaggle/working/results/kaggle_v2_gatv2_1head_scale025_seed42/checkpoints/kaggle_v2_gatv2_1head_scale025_seed42_backup.pt
Epoch 236/400  train=0.0799  val=0.1090
Epoch 238/400  train=0.0864  val=0.1130
Epoch 240/400  train=0.0841  val=0.1222
Model saved to /kaggle/working/results/kaggle_v2_gatv2_1head_scale025_seed42/checkpoints/kaggle_v2_gatv2_1head_scale025_seed42_backup.pt
Epoch 242/400  train=0.0833  val=0.1090
Epoch 244/400  train=0.0875  val=0.1160
Model saved to /kaggle/working/results/kaggle_v2_gatv2_1head_scale025_seed42/checkpoints/kaggle_v2_gatv2_1head_scale025_seed42_backup.pt
Epoch 246/400  train=0.0816  val=0.1116
Epoch 248/400  train=0.0817  val=0.1199
Epoch 250/400  train=0.0799  val=0.1111
Model saved to /kaggle/working/results/kaggle_v2_gatv2_1head_scale025_seed42/checkpoints/kaggle_v2_gatv2_1head_scale025_seed42_backup.pt
Epoch 252/400  train=0.0834  val=0.1079
Epoch 254/400  train=0.0861  val=0.1146
Model saved to /kaggle/working/results/kaggle_v2_gatv2_1head_scale025_seed42/checkpoints/kaggle_v2_gatv2_1head_scale025_seed42_backup.pt
Epoch 256/400  train=0.0803  val=0.1079
Early stopping triggered after 256 epochs.
Best model restored from epoch 226 with validation smape 35.2350
/usr/local/lib/python3.12/dist-packages/torch/distributed/c10d_logger.py:83: UserWarning: barrier(): using the device under current context. You can specify `device_id` in `init_process_group` to mute this warning.
  return func(*args, **kwargs)
Wrote result bundle to /kaggle/working/results/kaggle_v2_gatv2_1head_scale025_seed42
