
*****************************************
Setting OMP_NUM_THREADS environment variable for each process to be 1 in default, to avoid your system being overloaded, please further tune the variable for optimal performance in your application as needed. 
*****************************************
[W729 16:26:28.136634421 socket.cpp:207] [c10d] The hostname of the client socket cannot be retrieved. err=-3
[W729 16:26:37.445900123 socket.cpp:207] [c10d] The hostname of the client socket cannot be retrieved. err=-3
[W729 16:26:37.473348790 socket.cpp:207] [c10d] The hostname of the client socket cannot be retrieved. err=-3
Indexed 1951 graphs across 7 type(s)
  skipped 26 duplicate graph UUID path(s)
  2layer: 400
    avg size: 0.71 MB
    total size: 284.17 MB
  3layer: 400
    avg size: 1.10 MB
    total size: 439.81 MB
  conv1d: 173
    avg size: 6.96 MB
    total size: 1204.53 MB
  conv2d: 81
    avg size: 7.24 MB
    total size: 586.26 MB
  dense_latency: 292
    avg size: 7.34 MB
    total size: 2144.21 MB
  dense_resource: 205
    avg size: 7.28 MB
    total size: 1493.15 MB
  rule4ml: 400
    avg size: 6.91 MB
    total size: 2764.73 MB
Indexed 400 graphs across 1 type(s)
  exemplar: 400
    avg size: 3.08 MB
    total size: 1232.09 MB
/kaggle/working/ll-hls4ml/src/ll_hls4ml/models/hetero_gat.py:95: UserWarning: There exist node types ({'pragma'}) whose representations do not get updated during message passing as they do not occur as destination type in any edge type. This may lead to unexpected behavior.
  self.conv = HeteroConv(
/kaggle/working/ll-hls4ml/src/ll_hls4ml/models/hetero_gat.py:95: UserWarning: There exist node types ({'pragma'}) whose representations do not get updated during message passing as they do not occur as destination type in any edge type. This may lead to unexpected behavior.
  self.conv = HeteroConv(
Training 400 epochs...
/usr/local/lib/python3.12/dist-packages/torch_geometric/utils/_scatter.py:91: UserWarning: The usage of `scatter(reduce='max')` can be accelerated via the 'torch-scatter' package, but it was not found
  warnings.warn(
/usr/local/lib/python3.12/dist-packages/torch_geometric/utils/_scatter.py:91: UserWarning: The usage of `scatter(reduce='max')` can be accelerated via the 'torch-scatter' package, but it was not found
  warnings.warn(
Epoch   1/400  train=0.3841  val=0.3038
Epoch   2/400  train=0.2968  val=0.2558
Epoch   4/400  train=0.2006  val=0.1712
Model saved to /kaggle/working/results/kaggle_v2_gatv2_3layer_long_seed42/checkpoints/kaggle_v2_gatv2_3layer_long_seed42_backup.pt
Epoch   6/400  train=0.1755  val=0.1770
Epoch   8/400  train=0.1680  val=0.1556
Epoch  10/400  train=0.1581  val=0.1412
Model saved to /kaggle/working/results/kaggle_v2_gatv2_3layer_long_seed42/checkpoints/kaggle_v2_gatv2_3layer_long_seed42_backup.pt
Epoch  12/400  train=0.1552  val=0.1742
Epoch  14/400  train=0.1521  val=0.1381
Model saved to /kaggle/working/results/kaggle_v2_gatv2_3layer_long_seed42/checkpoints/kaggle_v2_gatv2_3layer_long_seed42_backup.pt
Epoch  16/400  train=0.1435  val=0.1394
Epoch  18/400  train=0.1429  val=0.1292
Epoch  20/400  train=0.1367  val=0.1244
Model saved to /kaggle/working/results/kaggle_v2_gatv2_3layer_long_seed42/checkpoints/kaggle_v2_gatv2_3layer_long_seed42_backup.pt
Epoch  22/400  train=0.1328  val=0.1304
Epoch  24/400  train=0.1305  val=0.1141
Model saved to /kaggle/working/results/kaggle_v2_gatv2_3layer_long_seed42/checkpoints/kaggle_v2_gatv2_3layer_long_seed42_backup.pt
Epoch  26/400  train=0.1265  val=0.1068
Epoch  28/400  train=0.1233  val=0.1100
Epoch  30/400  train=0.1230  val=0.1093
Model saved to /kaggle/working/results/kaggle_v2_gatv2_3layer_long_seed42/checkpoints/kaggle_v2_gatv2_3layer_long_seed42_backup.pt
Epoch  32/400  train=0.1196  val=0.1356
Epoch  34/400  train=0.1166  val=0.1227
Model saved to /kaggle/working/results/kaggle_v2_gatv2_3layer_long_seed42/checkpoints/kaggle_v2_gatv2_3layer_long_seed42_backup.pt
Epoch  36/400  train=0.1180  val=0.1007
Epoch  38/400  train=0.1125  val=0.1023
Epoch  40/400  train=0.1149  val=0.0951
Model saved to /kaggle/working/results/kaggle_v2_gatv2_3layer_long_seed42/checkpoints/kaggle_v2_gatv2_3layer_long_seed42_backup.pt
Epoch  42/400  train=0.1136  val=0.0973
Epoch  44/400  train=0.1126  val=0.0970
Model saved to /kaggle/working/results/kaggle_v2_gatv2_3layer_long_seed42/checkpoints/kaggle_v2_gatv2_3layer_long_seed42_backup.pt
Epoch  46/400  train=0.1114  val=0.1015
Epoch  48/400  train=0.1128  val=0.1080
Epoch  50/400  train=0.1085  val=0.0950
Model saved to /kaggle/working/results/kaggle_v2_gatv2_3layer_long_seed42/checkpoints/kaggle_v2_gatv2_3layer_long_seed42_backup.pt
Epoch  52/400  train=0.1104  val=0.0996
Epoch  54/400  train=0.1073  val=0.0956
Model saved to /kaggle/working/results/kaggle_v2_gatv2_3layer_long_seed42/checkpoints/kaggle_v2_gatv2_3layer_long_seed42_backup.pt
Epoch  56/400  train=0.1072  val=0.1027
Epoch  58/400  train=0.1067  val=0.1006
Epoch  60/400  train=0.1089  val=0.0962
Model saved to /kaggle/working/results/kaggle_v2_gatv2_3layer_long_seed42/checkpoints/kaggle_v2_gatv2_3layer_long_seed42_backup.pt
Epoch  62/400  train=0.1086  val=0.1153
Epoch  64/400  train=0.1077  val=0.0958
Model saved to /kaggle/working/results/kaggle_v2_gatv2_3layer_long_seed42/checkpoints/kaggle_v2_gatv2_3layer_long_seed42_backup.pt
Epoch  66/400  train=0.1043  val=0.1049
Epoch  68/400  train=0.1028  val=0.1031
Epoch  70/400  train=0.1027  val=0.1024
Model saved to /kaggle/working/results/kaggle_v2_gatv2_3layer_long_seed42/checkpoints/kaggle_v2_gatv2_3layer_long_seed42_backup.pt
Epoch  72/400  train=0.1007  val=0.0886
Epoch  74/400  train=0.1052  val=0.0979
Model saved to /kaggle/working/results/kaggle_v2_gatv2_3layer_long_seed42/checkpoints/kaggle_v2_gatv2_3layer_long_seed42_backup.pt
Epoch  76/400  train=0.1033  val=0.0884
Epoch  78/400  train=0.1012  val=0.0956
Epoch  80/400  train=0.1012  val=0.0930
Model saved to /kaggle/working/results/kaggle_v2_gatv2_3layer_long_seed42/checkpoints/kaggle_v2_gatv2_3layer_long_seed42_backup.pt
Epoch  82/400  train=0.1010  val=0.0873
Epoch  84/400  train=0.1025  val=0.0831
Model saved to /kaggle/working/results/kaggle_v2_gatv2_3layer_long_seed42/checkpoints/kaggle_v2_gatv2_3layer_long_seed42_backup.pt
Epoch  86/400  train=0.1017  val=0.0848
Epoch  88/400  train=0.0974  val=0.1125
Epoch  90/400  train=0.0989  val=0.0912
Model saved to /kaggle/working/results/kaggle_v2_gatv2_3layer_long_seed42/checkpoints/kaggle_v2_gatv2_3layer_long_seed42_backup.pt
Epoch  92/400  train=0.0996  val=0.0983
Epoch  94/400  train=0.0986  val=0.0898
Model saved to /kaggle/working/results/kaggle_v2_gatv2_3layer_long_seed42/checkpoints/kaggle_v2_gatv2_3layer_long_seed42_backup.pt
Epoch  96/400  train=0.1005  val=0.0944
Epoch  98/400  train=0.0964  val=0.0928
Epoch 100/400  train=0.0972  val=0.0889
Model saved to /kaggle/working/results/kaggle_v2_gatv2_3layer_long_seed42/checkpoints/kaggle_v2_gatv2_3layer_long_seed42_backup.pt
Epoch 102/400  train=0.0969  val=0.0865
Epoch 104/400  train=0.0983  val=0.0900
Model saved to /kaggle/working/results/kaggle_v2_gatv2_3layer_long_seed42/checkpoints/kaggle_v2_gatv2_3layer_long_seed42_backup.pt
Epoch 106/400  train=0.0956  val=0.0907
Epoch 108/400  train=0.0985  val=0.0862
Epoch 110/400  train=0.0954  val=0.0916
Model saved to /kaggle/working/results/kaggle_v2_gatv2_3layer_long_seed42/checkpoints/kaggle_v2_gatv2_3layer_long_seed42_backup.pt
Epoch 112/400  train=0.0978  val=0.0914
Epoch 114/400  train=0.0956  val=0.1080
Model saved to /kaggle/working/results/kaggle_v2_gatv2_3layer_long_seed42/checkpoints/kaggle_v2_gatv2_3layer_long_seed42_backup.pt
Epoch 116/400  train=0.0971  val=0.0833
Epoch 118/400  train=0.0936  val=0.0836
Epoch 120/400  train=0.0922  val=0.0867
Model saved to /kaggle/working/results/kaggle_v2_gatv2_3layer_long_seed42/checkpoints/kaggle_v2_gatv2_3layer_long_seed42_backup.pt
Epoch 122/400  train=0.0951  val=0.0861
Epoch 124/400  train=0.0932  val=0.0861
Model saved to /kaggle/working/results/kaggle_v2_gatv2_3layer_long_seed42/checkpoints/kaggle_v2_gatv2_3layer_long_seed42_backup.pt
Epoch 126/400  train=0.0945  val=0.0908
Epoch 128/400  train=0.0929  val=0.0997
Epoch 130/400  train=0.0903  val=0.0824
Model saved to /kaggle/working/results/kaggle_v2_gatv2_3layer_long_seed42/checkpoints/kaggle_v2_gatv2_3layer_long_seed42_backup.pt
Epoch 132/400  train=0.0922  val=0.0870
Epoch 134/400  train=0.0929  val=0.0944
Model saved to /kaggle/working/results/kaggle_v2_gatv2_3layer_long_seed42/checkpoints/kaggle_v2_gatv2_3layer_long_seed42_backup.pt
Epoch 136/400  train=0.0918  val=0.0890
Epoch 138/400  train=0.0946  val=0.0913
Epoch 140/400  train=0.0932  val=0.0866
Model saved to /kaggle/working/results/kaggle_v2_gatv2_3layer_long_seed42/checkpoints/kaggle_v2_gatv2_3layer_long_seed42_backup.pt
Epoch 142/400  train=0.0923  val=0.0978
Epoch 144/400  train=0.0938  val=0.0850
Model saved to /kaggle/working/results/kaggle_v2_gatv2_3layer_long_seed42/checkpoints/kaggle_v2_gatv2_3layer_long_seed42_backup.pt
Epoch 146/400  train=0.0918  val=0.0851
Epoch 148/400  train=0.0911  val=0.0925
Epoch 150/400  train=0.0886  val=0.0869
Model saved to /kaggle/working/results/kaggle_v2_gatv2_3layer_long_seed42/checkpoints/kaggle_v2_gatv2_3layer_long_seed42_backup.pt
Epoch 152/400  train=0.0896  val=0.0805
Epoch 154/400  train=0.0886  val=0.0816
Model saved to /kaggle/working/results/kaggle_v2_gatv2_3layer_long_seed42/checkpoints/kaggle_v2_gatv2_3layer_long_seed42_backup.pt
Epoch 156/400  train=0.0867  val=0.0819
Epoch 158/400  train=0.0901  val=0.0854
Epoch 160/400  train=0.0863  val=0.0835
Model saved to /kaggle/working/results/kaggle_v2_gatv2_3layer_long_seed42/checkpoints/kaggle_v2_gatv2_3layer_long_seed42_backup.pt
Epoch 162/400  train=0.0891  val=0.0859
Epoch 164/400  train=0.0887  val=0.0854
Model saved to /kaggle/working/results/kaggle_v2_gatv2_3layer_long_seed42/checkpoints/kaggle_v2_gatv2_3layer_long_seed42_backup.pt
Epoch 166/400  train=0.0868  val=0.0835
Epoch 168/400  train=0.0859  val=0.0903
W0730 00:56:26.501000 2526 torch/distributed/elastic/agent/server/api.py:739] Received 2 death signal, shutting down workers
W0730 00:56:26.503000 2526 torch/distributed/elastic/multiprocessing/api.py:1010] Sending process 2534 closing signal SIGINT
W0730 00:56:26.505000 2526 torch/distributed/elastic/multiprocessing/api.py:1010] Sending process 2535 closing signal SIGINT
[rank1]: Traceback (most recent call last):
[rank1]:   File "/kaggle/working/ll-hls4ml/scripts/train.py", line 731, in <module>
[rank1]:     main()
[rank1]:   File "/kaggle/working/ll-hls4ml/scripts/train.py", line 615, in main
[rank1]:     model = fit(
[rank1]:             ^^^^
[rank1]:   File "/kaggle/working/ll-hls4ml/src/ll_hls4ml/training/loops.py", line 320, in fit
[rank1]:     train_loss = train_one_epoch(
[rank1]:                  ^^^^^^^^^^^^^^^^
[rank1]:   File "/kaggle/working/ll-hls4ml/src/ll_hls4ml/training/loops.py", line 143, in train_one_epoch
[rank1]:     pred = model(batch)
[rank1]:            ^^^^^^^^^^^^
[rank1]:   File "/usr/local/lib/python3.12/dist-packages/torch/nn/modules/module.py", line 1776, in _wrapped_call_impl
[rank1]:     return self._call_impl(*args, **kwargs)
[rank1]:            ^^^^^^^^^^^^^^^^^^^^^^^^^^^^^^^^
[rank1]:   File "/usr/local/lib/python3.12/dist-packages/torch/nn/modules/module.py", line 1787, in _call_impl
[rank1]:     return forward_call(*args, **kwargs)
[rank1]:            ^^^^^^^^^^^^^^^^^^^^^^^^^^^^^
[rank1]:   File "/usr/local/lib/python3.12/dist-packages/torch/nn/parallel/distributed.py", line 1666, in forward
[rank1]:     else self._run_ddp_forward(*inputs, **kwargs)
[rank1]:          ^^^^^^^^^^^^^^^^^^^^^^^^^^^^^^^^^^^^^^^^
[rank1]:   File "/usr/local/lib/python3.12/dist-packages/torch/nn/parallel/distributed.py", line 1492, in _run_ddp_forward
[rank1]:     return self.module(*inputs, **kwargs)  # type: ignore[index]
[rank1]:            ^^^^^^^^^^^^^^^^^^^^^^^^^^^^^^
[rank1]:   File "/usr/local/lib/python3.12/dist-packages/torch/nn/modules/module.py", line 1776, in _wrapped_call_impl
[rank1]:     return self._call_impl(*args, **kwargs)
[rank1]:            ^^^^^^^^^^^^^^^^^^^^^^^^^^^^^^^^
[rank1]:   File "/usr/local/lib/python3.12/dist-packages/torch/nn/modules/module.py", line 1787, in _call_impl
[rank1]:     return forward_call(*args, **kwargs)
[rank1]:            ^^^^^^^^^^^^^^^^^^^^^^^^^^^^^
[rank1]:   File "/kaggle/working/ll-hls4ml/src/ll_hls4ml/models/hetero_gat.py", line 229, in forward
[rank1]:     h_dict = layer(h_dict, edge_index_dict, edge_emb_dict)
[rank1]:              ^^^^^^^^^^^^^^^^^^^^^^^^^^^^^^^^^^^^^^^^^^^^^
[rank1]:   File "/usr/local/lib/python3.12/dist-packages/torch/nn/modules/module.py", line 1776, in _wrapped_call_impl
[rank1]:     return self._call_impl(*args, **kwargs)
[rank1]:            ^^^^^^^^^^^^^^^^^^^^^^^^^^^^^^^^
[rank1]:   File "/usr/local/lib/python3.12/dist-packages/torch/nn/modules/module.py", line 1787, in _call_impl
[rank1]:     return forward_call(*args, **kwargs)
[rank1]:            ^^^^^^^^^^^^^^^^^^^^^^^^^^^^^
[rank1]:   File "/kaggle/working/ll-hls4ml/src/ll_hls4ml/models/hetero_gat.py", line 118, in forward
[rank1]:     out = self.conv(h, edge_index_dict, edge_attr_dict=edge_emb_dict)
[rank1]:           ^^^^^^^^^^^^^^^^^^^^^^^^^^^^^^^^^^^^^^^^^^^^^^^^^^^^^^^^^^^
[rank1]:   File "/usr/local/lib/python3.12/dist-packages/torch/nn/modules/module.py", line 1776, in _wrapped_call_impl
[rank1]:     return self._call_impl(*args, **kwargs)
[rank1]:            ^^^^^^^^^^^^^^^^^^^^^^^^^^^^^^^^
[rank1]:   File "/usr/local/lib/python3.12/dist-packages/torch/nn/modules/module.py", line 1787, in _call_impl
[rank1]:     return forward_call(*args, **kwargs)
[rank1]:            ^^^^^^^^^^^^^^^^^^^^^^^^^^^^^
[rank1]:   File "/usr/local/lib/python3.12/dist-packages/torch_geometric/nn/conv/hetero_conv.py", line 159, in forward
[rank1]:     out = conv(*args, **kwargs)
[rank1]:           ^^^^^^^^^^^^^^^^^^^^^
[rank1]:   File "/usr/local/lib/python3.12/dist-packages/torch/nn/modules/module.py", line 1776, in _wrapped_call_impl
[rank1]:     return self._call_impl(*args, **kwargs)
[rank1]:            ^^^^^^^^^^^^^^^^^^^^^^^^^^^^^^^^
[rank1]:   File "/usr/local/lib/python3.12/dist-packages/torch/nn/modules/module.py", line 1787, in _call_impl
[rank1]:     return forward_call(*args, **kwargs)
[rank1]:            ^^^^^^^^^^^^^^^^^^^^^^^^^^^^^
[rank1]:   File "/usr/local/lib/python3.12/dist-packages/torch_geometric/nn/conv/gatv2_conv.py", line 328, in forward
[rank1]:     alpha = self.edge_updater(edge_index, x=(x_l, x_r),
[rank1]:             ^^^^^^^^^^^^^^^^^^^^^^^^^^^^^^^^^^^^^^^^^^^
[rank1]:   File "/tmp/torch_geometric.nn.conv.gatv2_conv_GATv2Conv_edge_updater_1mfy4ydo.py", line 145, in edge_updater
[rank1]:     kwargs = self.edge_collect(
[rank1]:              ^^^^^^^^^^^^^^^^^^
[rank1]:   File "/tmp/torch_geometric.nn.conv.gatv2_conv_GATv2Conv_edge_updater_1mfy4ydo.py", line 109, in edge_collect
[rank1]:     x_i = self._index_select(_x_1, edge_index_i)
[rank1]:           ^^^^^^^^^^^^^^^^^^^^^^^^^^^^^^^^^^^^^^
[rank1]:   File "/usr/local/lib/python3.12/dist-packages/torch_geometric/nn/conv/message_passing.py", line 267, in _index_select
[rank1]:     return self._index_select_safe(src, index)
[rank1]:            ^^^^^^^^^^^^^^^^^^^^^^^^^^^^^^^^^^^
[rank1]:   File "/usr/local/lib/python3.12/dist-packages/torch_geometric/nn/conv/message_passing.py", line 271, in _index_select_safe
[rank1]:     return src.index_select(self.node_dim, index)
[rank1]:            ^^^^^^^^^^^^^^^^^^^^^^^^^^^^^^^^^^^^^^
[rank1]: KeyboardInterrupt
[rank0]: Traceback (most recent call last):
[rank0]:   File "/kaggle/working/ll-hls4ml/scripts/train.py", line 731, in <module>
[rank0]:     main()
[rank0]:   File "/kaggle/working/ll-hls4ml/scripts/train.py", line 615, in main
[rank0]:     model = fit(
[rank0]:             ^^^^
[rank0]:   File "/kaggle/working/ll-hls4ml/src/ll_hls4ml/training/loops.py", line 320, in fit
[rank0]:     train_loss = train_one_epoch(
[rank0]:                  ^^^^^^^^^^^^^^^^
[rank0]:   File "/kaggle/working/ll-hls4ml/src/ll_hls4ml/training/loops.py", line 143, in train_one_epoch
[rank0]:     pred = model(batch)
[rank0]:            ^^^^^^^^^^^^
[rank0]:   File "/usr/local/lib/python3.12/dist-packages/torch/nn/modules/module.py", line 1776, in _wrapped_call_impl
[rank0]:     return self._call_impl(*args, **kwargs)
[rank0]:            ^^^^^^^^^^^^^^^^^^^^^^^^^^^^^^^^
[rank0]:   File "/usr/local/lib/python3.12/dist-packages/torch/nn/modules/module.py", line 1787, in _call_impl
[rank0]:     return forward_call(*args, **kwargs)
[rank0]:            ^^^^^^^^^^^^^^^^^^^^^^^^^^^^^
[rank0]:   File "/usr/local/lib/python3.12/dist-packages/torch/nn/parallel/distributed.py", line 1666, in forward
[rank0]:     else self._run_ddp_forward(*inputs, **kwargs)
[rank0]:          ^^^^^^^^^^^^^^^^^^^^^^^^^^^^^^^^^^^^^^^^
[rank0]:   File "/usr/local/lib/python3.12/dist-packages/torch/nn/parallel/distributed.py", line 1492, in _run_ddp_forward
[rank0]:     return self.module(*inputs, **kwargs)  # type: ignore[index]
[rank0]:            ^^^^^^^^^^^^^^^^^^^^^^^^^^^^^^
[rank0]:   File "/usr/local/lib/python3.12/dist-packages/torch/nn/modules/module.py", line 1776, in _wrapped_call_impl
[rank0]:     return self._call_impl(*args, **kwargs)
[rank0]:            ^^^^^^^^^^^^^^^^^^^^^^^^^^^^^^^^
[rank0]:   File "/usr/local/lib/python3.12/dist-packages/torch/nn/modules/module.py", line 1787, in _call_impl
[rank0]:     return forward_call(*args, **kwargs)
[rank0]:            ^^^^^^^^^^^^^^^^^^^^^^^^^^^^^
[rank0]:   File "/kaggle/working/ll-hls4ml/src/ll_hls4ml/models/hetero_gat.py", line 229, in forward
[rank0]:     h_dict = layer(h_dict, edge_index_dict, edge_emb_dict)
[rank0]:              ^^^^^^^^^^^^^^^^^^^^^^^^^^^^^^^^^^^^^^^^^^^^^
[rank0]:   File "/usr/local/lib/python3.12/dist-packages/torch/nn/modules/module.py", line 1776, in _wrapped_call_impl
[rank0]:     return self._call_impl(*args, **kwargs)
[rank0]:            ^^^^^^^^^^^^^^^^^^^^^^^^^^^^^^^^
[rank0]:   File "/usr/local/lib/python3.12/dist-packages/torch/nn/modules/module.py", line 1787, in _call_impl
[rank0]:     return forward_call(*args, **kwargs)
[rank0]:            ^^^^^^^^^^^^^^^^^^^^^^^^^^^^^
[rank0]:   File "/kaggle/working/ll-hls4ml/src/ll_hls4ml/models/hetero_gat.py", line 118, in forward
[rank0]:     out = self.conv(h, edge_index_dict, edge_attr_dict=edge_emb_dict)
[rank0]:           ^^^^^^^^^^^^^^^^^^^^^^^^^^^^^^^^^^^^^^^^^^^^^^^^^^^^^^^^^^^
[rank0]:   File "/usr/local/lib/python3.12/dist-packages/torch/nn/modules/module.py", line 1776, in _wrapped_call_impl
[rank0]:     return self._call_impl(*args, **kwargs)
[rank0]:            ^^^^^^^^^^^^^^^^^^^^^^^^^^^^^^^^
[rank0]:   File "/usr/local/lib/python3.12/dist-packages/torch/nn/modules/module.py", line 1787, in _call_impl
[rank0]:     return forward_call(*args, **kwargs)
[rank0]:            ^^^^^^^^^^^^^^^^^^^^^^^^^^^^^
[rank0]:   File "/usr/local/lib/python3.12/dist-packages/torch_geometric/nn/conv/hetero_conv.py", line 159, in forward
[rank0]:     out = conv(*args, **kwargs)
[rank0]:           ^^^^^^^^^^^^^^^^^^^^^
[rank0]:   File "/usr/local/lib/python3.12/dist-packages/torch/nn/modules/module.py", line 1776, in _wrapped_call_impl
[rank0]:     return self._call_impl(*args, **kwargs)
[rank0]:            ^^^^^^^^^^^^^^^^^^^^^^^^^^^^^^^^
[rank0]:   File "/usr/local/lib/python3.12/dist-packages/torch/nn/modules/module.py", line 1787, in _call_impl
[rank0]:     return forward_call(*args, **kwargs)
[rank0]:            ^^^^^^^^^^^^^^^^^^^^^^^^^^^^^
[rank0]:   File "/usr/local/lib/python3.12/dist-packages/torch_geometric/nn/conv/gatv2_conv.py", line 293, in forward
[rank0]:     x_r = self.lin_r(x).view(-1, H, C)
[rank0]:           ^^^^^^^^^^^^^
[rank0]:   File "/usr/local/lib/python3.12/dist-packages/torch/nn/modules/module.py", line 1776, in _wrapped_call_impl
[rank0]:     return self._call_impl(*args, **kwargs)
[rank0]:            ^^^^^^^^^^^^^^^^^^^^^^^^^^^^^^^^
[rank0]:   File "/usr/local/lib/python3.12/dist-packages/torch/nn/modules/module.py", line 1787, in _call_impl
[rank0]:     return forward_call(*args, **kwargs)
[rank0]:            ^^^^^^^^^^^^^^^^^^^^^^^^^^^^^
[rank0]:   File "/usr/local/lib/python3.12/dist-packages/torch_geometric/nn/dense/linear.py", line 127, in forward
[rank0]:     return F.linear(x, self.weight, self.bias)
[rank0]:            ^^^^^^^^^^^^^^^^^^^^^^^^^^^^^^^^^^^
[rank0]: KeyboardInterrupt
Traceback (most recent call last):
  File "<frozen runpy>", line 198, in _run_module_as_main
  File "<frozen runpy>", line 88, in _run_code
  File "/usr/local/lib/python3.12/dist-packages/torch/distributed/run.py", line 995, in <module>
    main()
  File "/usr/local/lib/python3.12/dist-packages/torch/distributed/elastic/multiprocessing/errors/__init__.py", line 362, in wrapper
    return f(*args, **kwargs)
           ^^^^^^^^^^^^^^^^^^
  File "/usr/local/lib/python3.12/dist-packages/torch/distributed/run.py", line 991, in main
    run(args)
  File "/usr/local/lib/python3.12/dist-packages/torch/distributed/run.py", line 982, in run
    elastic_launch(
  File "/usr/local/lib/python3.12/dist-packages/torch/distributed/launcher/api.py", line 170, in __call__
    return launch_agent(self._config, self._entrypoint, list(args))
           ^^^^^^^^^^^^^^^^^^^^^^^^^^^^^^^^^^^^^^^^^^^^^^^^^^^^^^^^
  File "/usr/local/lib/python3.12/dist-packages/torch/distributed/launcher/api.py", line 308, in launch_agent
    result = agent.run()
             ^^^^^^^^^^^
  File "/usr/local/lib/python3.12/dist-packages/torch/distributed/elastic/metrics/api.py", line 134, in wrapper
    result = f(*args, **kwargs)
             ^^^^^^^^^^^^^^^^^^
  File "/usr/local/lib/python3.12/dist-packages/torch/distributed/elastic/agent/server/api.py", line 731, in run
    result = self._invoke_run(role)
             ^^^^^^^^^^^^^^^^^^^^^^
  File "/usr/local/lib/python3.12/dist-packages/torch/distributed/elastic/agent/server/api.py", line 908, in _invoke_run
    time.sleep(monitor_interval)
  File "/usr/local/lib/python3.12/dist-packages/torch/distributed/elastic/multiprocessing/api.py", line 86, in _terminate_process_handler
    raise SignalException(f"Process {os.getpid()} got signal: {sigval}", sigval=sigval)
torch.distributed.elastic.multiprocessing.api.SignalException: Process 2526 got signal: 2
