
*****************************************
Setting OMP_NUM_THREADS environment variable for each process to be 1 in default, to avoid your system being overloaded, please further tune the variable for optimal performance in your application as needed. 
*****************************************
[W814 15:51:46.606706225 socket.cpp:207] [c10d] The hostname of the client socket cannot be retrieved. err=-3
[W814 15:51:59.486878950 socket.cpp:207] [c10d] The hostname of the client socket cannot be retrieved. err=-3
[W814 15:51:59.487212136 socket.cpp:207] [c10d] The hostname of the client socket cannot be retrieved. err=-3
Indexed 3904 graphs across 7 type(s)
  skipped 26 duplicate graph UUID path(s)
  2layer: 800
    avg size: 0.62 MB
    total size: 496.43 MB
  3layer: 800
    avg size: 0.92 MB
    total size: 737.16 MB
  conv1d: 346
    avg size: 5.82 MB
    total size: 2015.27 MB
  conv2d: 194
    avg size: 6.05 MB
    total size: 1173.97 MB
  dense_latency: 550
    avg size: 6.11 MB
    total size: 3358.46 MB
  dense_resource: 414
    avg size: 6.10 MB
    total size: 2526.88 MB
  rule4ml: 800
    avg size: 5.82 MB
    total size: 4658.69 MB
Indexed 799 graphs across 1 type(s)
  exemplar: 799
    avg size: 2.67 MB
    total size: 2131.49 MB
Training 400 epochs...
/usr/local/lib/python3.12/dist-packages/torch_geometric/utils/_scatter.py:91: UserWarning: The usage of `scatter(reduce='max')` can be accelerated via the 'torch-scatter' package, but it was not found
  warnings.warn(
/usr/local/lib/python3.12/dist-packages/torch_geometric/utils/_scatter.py:91: UserWarning: The usage of `scatter(reduce='max')` can be accelerated via the 'torch-scatter' package, but it was not found
  warnings.warn(
Epoch   1/400  train=0.3482  val=0.2396
Epoch   2/400  train=0.2121  val=0.1854
Epoch   4/400  train=0.1633  val=0.1591
Model saved to /kaggle/working/results/hx_sequence_gru_scale200_seed42/checkpoints/hx_sequence_gru_scale200_seed42_backup.pt
Epoch   6/400  train=0.1417  val=0.1280
Epoch   8/400  train=0.1306  val=0.1186
Epoch  10/400  train=0.1234  val=0.1048
Model saved to /kaggle/working/results/hx_sequence_gru_scale200_seed42/checkpoints/hx_sequence_gru_scale200_seed42_backup.pt
Epoch  12/400  train=0.1095  val=0.1028
Epoch  14/400  train=0.1060  val=0.0943
Model saved to /kaggle/working/results/hx_sequence_gru_scale200_seed42/checkpoints/hx_sequence_gru_scale200_seed42_backup.pt
Epoch  16/400  train=0.1024  val=0.0870
Epoch  18/400  train=0.0956  val=0.0770
Epoch  20/400  train=0.0973  val=0.0842
Model saved to /kaggle/working/results/hx_sequence_gru_scale200_seed42/checkpoints/hx_sequence_gru_scale200_seed42_backup.pt
Epoch  22/400  train=0.0933  val=0.0803
Epoch  24/400  train=0.0922  val=0.0800
Model saved to /kaggle/working/results/hx_sequence_gru_scale200_seed42/checkpoints/hx_sequence_gru_scale200_seed42_backup.pt
Epoch  26/400  train=0.0901  val=0.0824
Epoch  28/400  train=0.0885  val=0.0859
Epoch  30/400  train=0.0878  val=0.0769
Model saved to /kaggle/working/results/hx_sequence_gru_scale200_seed42/checkpoints/hx_sequence_gru_scale200_seed42_backup.pt
Epoch  32/400  train=0.0867  val=0.0891
Epoch  34/400  train=0.0846  val=0.0740
Model saved to /kaggle/working/results/hx_sequence_gru_scale200_seed42/checkpoints/hx_sequence_gru_scale200_seed42_backup.pt
Epoch  36/400  train=0.0812  val=0.0728
Epoch  38/400  train=0.0794  val=0.0859
Epoch  40/400  train=0.0811  val=0.0701
Model saved to /kaggle/working/results/hx_sequence_gru_scale200_seed42/checkpoints/hx_sequence_gru_scale200_seed42_backup.pt
Epoch  42/400  train=0.0794  val=0.0713
Epoch  44/400  train=0.0783  val=0.0711
Model saved to /kaggle/working/results/hx_sequence_gru_scale200_seed42/checkpoints/hx_sequence_gru_scale200_seed42_backup.pt
Epoch  46/400  train=0.0759  val=0.0700
Epoch  48/400  train=0.0720  val=0.0741
Epoch  50/400  train=0.0725  val=0.0705
Model saved to /kaggle/working/results/hx_sequence_gru_scale200_seed42/checkpoints/hx_sequence_gru_scale200_seed42_backup.pt
Epoch  52/400  train=0.0749  val=0.0707
Epoch  54/400  train=0.0710  val=0.0678
Model saved to /kaggle/working/results/hx_sequence_gru_scale200_seed42/checkpoints/hx_sequence_gru_scale200_seed42_backup.pt
Epoch  56/400  train=0.0723  val=0.0756
Epoch  58/400  train=0.0684  val=0.0734
Epoch  60/400  train=0.0689  val=0.0634
Model saved to /kaggle/working/results/hx_sequence_gru_scale200_seed42/checkpoints/hx_sequence_gru_scale200_seed42_backup.pt
Epoch  62/400  train=0.0675  val=0.0764
Epoch  64/400  train=0.0677  val=0.0709
Model saved to /kaggle/working/results/hx_sequence_gru_scale200_seed42/checkpoints/hx_sequence_gru_scale200_seed42_backup.pt
Epoch  66/400  train=0.0640  val=0.0646
Epoch  68/400  train=0.0657  val=0.0643
Epoch  70/400  train=0.0654  val=0.0668
Model saved to /kaggle/working/results/hx_sequence_gru_scale200_seed42/checkpoints/hx_sequence_gru_scale200_seed42_backup.pt
Epoch  72/400  train=0.0638  val=0.0679
Epoch  74/400  train=0.0637  val=0.0723
Model saved to /kaggle/working/results/hx_sequence_gru_scale200_seed42/checkpoints/hx_sequence_gru_scale200_seed42_backup.pt
Epoch  76/400  train=0.0620  val=0.0688
Epoch  78/400  train=0.0610  val=0.0670
Epoch  80/400  train=0.0611  val=0.0655
Model saved to /kaggle/working/results/hx_sequence_gru_scale200_seed42/checkpoints/hx_sequence_gru_scale200_seed42_backup.pt
Epoch  82/400  train=0.0616  val=0.0714
Epoch  84/400  train=0.0615  val=0.0655
Model saved to /kaggle/working/results/hx_sequence_gru_scale200_seed42/checkpoints/hx_sequence_gru_scale200_seed42_backup.pt
Epoch  86/400  train=0.0604  val=0.0616
Epoch  88/400  train=0.0574  val=0.0607
Epoch  90/400  train=0.0581  val=0.0641
Model saved to /kaggle/working/results/hx_sequence_gru_scale200_seed42/checkpoints/hx_sequence_gru_scale200_seed42_backup.pt
Epoch  92/400  train=0.0586  val=0.0675
Epoch  94/400  train=0.0595  val=0.0707
Model saved to /kaggle/working/results/hx_sequence_gru_scale200_seed42/checkpoints/hx_sequence_gru_scale200_seed42_backup.pt
Epoch  96/400  train=0.0566  val=0.0629
Epoch  98/400  train=0.0569  val=0.0714
Epoch 100/400  train=0.0565  val=0.0690
Model saved to /kaggle/working/results/hx_sequence_gru_scale200_seed42/checkpoints/hx_sequence_gru_scale200_seed42_backup.pt
Epoch 102/400  train=0.0579  val=0.0651
Epoch 104/400  train=0.0571  val=0.0668
Model saved to /kaggle/working/results/hx_sequence_gru_scale200_seed42/checkpoints/hx_sequence_gru_scale200_seed42_backup.pt
Epoch 106/400  train=0.0545  val=0.0631
Epoch 108/400  train=0.0534  val=0.0643
Epoch 110/400  train=0.0552  val=0.0675
Model saved to /kaggle/working/results/hx_sequence_gru_scale200_seed42/checkpoints/hx_sequence_gru_scale200_seed42_backup.pt
Epoch 112/400  train=0.0561  val=0.0589
Epoch 114/400  train=0.0527  val=0.0658
Model saved to /kaggle/working/results/hx_sequence_gru_scale200_seed42/checkpoints/hx_sequence_gru_scale200_seed42_backup.pt
Epoch 116/400  train=0.0528  val=0.0618
Epoch 118/400  train=0.0521  val=0.0681
Epoch 120/400  train=0.0541  val=0.0633
Model saved to /kaggle/working/results/hx_sequence_gru_scale200_seed42/checkpoints/hx_sequence_gru_scale200_seed42_backup.pt
Epoch 122/400  train=0.0513  val=0.0675
Epoch 124/400  train=0.0514  val=0.0655
Model saved to /kaggle/working/results/hx_sequence_gru_scale200_seed42/checkpoints/hx_sequence_gru_scale200_seed42_backup.pt
Epoch 126/400  train=0.0521  val=0.0681
Epoch 128/400  train=0.0520  val=0.0668
Epoch 130/400  train=0.0522  val=0.0758
Model saved to /kaggle/working/results/hx_sequence_gru_scale200_seed42/checkpoints/hx_sequence_gru_scale200_seed42_backup.pt
Epoch 132/400  train=0.0508  val=0.0633
Epoch 134/400  train=0.0521  val=0.0649
Model saved to /kaggle/working/results/hx_sequence_gru_scale200_seed42/checkpoints/hx_sequence_gru_scale200_seed42_backup.pt
Epoch 136/400  train=0.0508  val=0.0603
Epoch 138/400  train=0.0498  val=0.0634
Epoch 140/400  train=0.0510  val=0.0649
Model saved to /kaggle/working/results/hx_sequence_gru_scale200_seed42/checkpoints/hx_sequence_gru_scale200_seed42_backup.pt
Epoch 142/400  train=0.0505  val=0.0616
Early stopping triggered after 142 epochs.
Best model restored from epoch 112 with validation smape 24.6263
/usr/local/lib/python3.12/dist-packages/torch/distributed/c10d_logger.py:83: UserWarning: barrier(): using the device under current context. You can specify `device_id` in `init_process_group` to mute this warning.
  return func(*args, **kwargs)
Wrote result bundle to /kaggle/working/results/hx_sequence_gru_scale200_seed42
