
*****************************************
Setting OMP_NUM_THREADS environment variable for each process to be 1 in default, to avoid your system being overloaded, please further tune the variable for optimal performance in your application as needed. 
*****************************************
[W816 15:47:30.678484037 socket.cpp:207] [c10d] The hostname of the client socket cannot be retrieved. err=-3
[W816 15:47:41.191943929 socket.cpp:207] [c10d] The hostname of the client socket cannot be retrieved. err=-3
[W816 15:47:41.226421141 socket.cpp:207] [c10d] The hostname of the client socket cannot be retrieved. err=-3
Indexed 3904 graphs across 7 type(s)
  skipped 26 duplicate graph UUID path(s)
  2layer: 800
    avg size: 0.73 MB
    total size: 583.56 MB
  3layer: 800
    avg size: 1.08 MB
    total size: 866.95 MB
  conv1d: 346
    avg size: 6.89 MB
    total size: 2383.82 MB
  conv2d: 194
    avg size: 7.16 MB
    total size: 1389.00 MB
  dense_latency: 550
    avg size: 7.21 MB
    total size: 3968.13 MB
  dense_resource: 414
    avg size: 7.21 MB
    total size: 2984.70 MB
  rule4ml: 800
    avg size: 6.84 MB
    total size: 5472.38 MB
Indexed 886 graphs across 1 type(s)
  exemplar: 886
    avg size: 3.14 MB
    total size: 2785.26 MB
Training 250 epochs...
/usr/local/lib/python3.12/dist-packages/torch_geometric/utils/_scatter.py:91: UserWarning: The usage of `scatter(reduce='max')` can be accelerated via the 'torch-scatter' package, but it was not found
  warnings.warn(
/usr/local/lib/python3.12/dist-packages/torch_geometric/utils/_scatter.py:91: UserWarning: The usage of `scatter(reduce='max')` can be accelerated via the 'torch-scatter' package, but it was not found
  warnings.warn(
Epoch   1/250  train=0.3631  val=0.3092
Epoch   2/250  train=0.2809  val=0.2628
Epoch   4/250  train=0.2423  val=0.2196
Model saved to /kaggle/working/results/hierarchical_program_scale200_seed42/checkpoints/hierarchical_program_scale200_seed42_backup.pt
Epoch   6/250  train=0.1830  val=0.1391
Epoch   8/250  train=0.1432  val=0.1229
Epoch  10/250  train=0.1258  val=0.1123
Model saved to /kaggle/working/results/hierarchical_program_scale200_seed42/checkpoints/hierarchical_program_scale200_seed42_backup.pt
Epoch  12/250  train=0.1189  val=0.1144
Epoch  14/250  train=0.1220  val=0.1114
Model saved to /kaggle/working/results/hierarchical_program_scale200_seed42/checkpoints/hierarchical_program_scale200_seed42_backup.pt
Epoch  16/250  train=0.1220  val=0.1204
Epoch  18/250  train=0.1163  val=0.0995
Epoch  20/250  train=0.1124  val=0.0973
Model saved to /kaggle/working/results/hierarchical_program_scale200_seed42/checkpoints/hierarchical_program_scale200_seed42_backup.pt
Epoch  22/250  train=0.1086  val=0.0919
Epoch  24/250  train=0.1068  val=0.0948
Model saved to /kaggle/working/results/hierarchical_program_scale200_seed42/checkpoints/hierarchical_program_scale200_seed42_backup.pt
Epoch  26/250  train=0.1052  val=0.1038
Epoch  28/250  train=0.1044  val=0.0896
Epoch  30/250  train=0.1032  val=0.0883
Model saved to /kaggle/working/results/hierarchical_program_scale200_seed42/checkpoints/hierarchical_program_scale200_seed42_backup.pt
Epoch  32/250  train=0.1018  val=0.0878
Epoch  34/250  train=0.1214  val=0.1024
Model saved to /kaggle/working/results/hierarchical_program_scale200_seed42/checkpoints/hierarchical_program_scale200_seed42_backup.pt
Epoch  36/250  train=0.1017  val=0.0884
Epoch  38/250  train=0.0978  val=0.1006
Epoch  40/250  train=0.0993  val=0.0938
Model saved to /kaggle/working/results/hierarchical_program_scale200_seed42/checkpoints/hierarchical_program_scale200_seed42_backup.pt
Epoch  42/250  train=0.0991  val=0.0848
Epoch  44/250  train=0.0971  val=0.0822
Model saved to /kaggle/working/results/hierarchical_program_scale200_seed42/checkpoints/hierarchical_program_scale200_seed42_backup.pt
Epoch  46/250  train=0.0947  val=0.0888
Epoch  48/250  train=0.0949  val=0.0812
Epoch  50/250  train=0.0927  val=0.0816
Model saved to /kaggle/working/results/hierarchical_program_scale200_seed42/checkpoints/hierarchical_program_scale200_seed42_backup.pt
Epoch  52/250  train=0.0933  val=0.0837
Epoch  54/250  train=0.0911  val=0.0783
Model saved to /kaggle/working/results/hierarchical_program_scale200_seed42/checkpoints/hierarchical_program_scale200_seed42_backup.pt
Epoch  56/250  train=0.0977  val=0.0897
Epoch  58/250  train=0.0909  val=0.0800
Epoch  60/250  train=0.0904  val=0.0766
Model saved to /kaggle/working/results/hierarchical_program_scale200_seed42/checkpoints/hierarchical_program_scale200_seed42_backup.pt
Epoch  62/250  train=0.0891  val=0.0898
Epoch  64/250  train=0.0886  val=0.0765
Model saved to /kaggle/working/results/hierarchical_program_scale200_seed42/checkpoints/hierarchical_program_scale200_seed42_backup.pt
Epoch  66/250  train=0.0871  val=0.0755
Epoch  68/250  train=0.0875  val=0.0769
Epoch  70/250  train=0.0899  val=0.0709
Model saved to /kaggle/working/results/hierarchical_program_scale200_seed42/checkpoints/hierarchical_program_scale200_seed42_backup.pt
Epoch  72/250  train=0.0858  val=0.0737
Epoch  74/250  train=0.0867  val=0.0736
Model saved to /kaggle/working/results/hierarchical_program_scale200_seed42/checkpoints/hierarchical_program_scale200_seed42_backup.pt
Epoch  76/250  train=0.0846  val=0.0734
Epoch  78/250  train=0.0849  val=0.1191
Epoch  80/250  train=0.1015  val=0.0803
Model saved to /kaggle/working/results/hierarchical_program_scale200_seed42/checkpoints/hierarchical_program_scale200_seed42_backup.pt
Epoch  82/250  train=0.0852  val=0.0755
Epoch  84/250  train=0.0820  val=0.0743
Model saved to /kaggle/working/results/hierarchical_program_scale200_seed42/checkpoints/hierarchical_program_scale200_seed42_backup.pt
Epoch  86/250  train=0.0820  val=0.0720
Epoch  88/250  train=0.0808  val=0.0804
Epoch  90/250  train=0.0835  val=0.0693
Model saved to /kaggle/working/results/hierarchical_program_scale200_seed42/checkpoints/hierarchical_program_scale200_seed42_backup.pt
Epoch  92/250  train=0.0817  val=0.0717
Epoch  94/250  train=0.0797  val=0.0723
Model saved to /kaggle/working/results/hierarchical_program_scale200_seed42/checkpoints/hierarchical_program_scale200_seed42_backup.pt
Epoch  96/250  train=0.0805  val=0.0696
Epoch  98/250  train=0.0786  val=0.0665
Epoch 100/250  train=0.0799  val=0.0676
Model saved to /kaggle/working/results/hierarchical_program_scale200_seed42/checkpoints/hierarchical_program_scale200_seed42_backup.pt
Epoch 102/250  train=0.0822  val=0.0679
Epoch 104/250  train=0.1170  val=0.1252
Model saved to /kaggle/working/results/hierarchical_program_scale200_seed42/checkpoints/hierarchical_program_scale200_seed42_backup.pt
Epoch 106/250  train=0.0956  val=0.1376
Epoch 108/250  train=0.1006  val=0.0893
Epoch 110/250  train=0.0916  val=0.0762
Model saved to /kaggle/working/results/hierarchical_program_scale200_seed42/checkpoints/hierarchical_program_scale200_seed42_backup.pt
Epoch 112/250  train=0.0944  val=0.0798
Epoch 114/250  train=0.0930  val=0.0787
Model saved to /kaggle/working/results/hierarchical_program_scale200_seed42/checkpoints/hierarchical_program_scale200_seed42_backup.pt
Epoch 116/250  train=0.0918  val=0.0822
Epoch 118/250  train=0.0886  val=0.0816
Epoch 120/250  train=0.0879  val=0.0867
Model saved to /kaggle/working/results/hierarchical_program_scale200_seed42/checkpoints/hierarchical_program_scale200_seed42_backup.pt
Epoch 122/250  train=0.0938  val=0.0776
Epoch 124/250  train=0.0894  val=0.0824
Model saved to /kaggle/working/results/hierarchical_program_scale200_seed42/checkpoints/hierarchical_program_scale200_seed42_backup.pt
Epoch 126/250  train=0.0842  val=0.0707
Epoch 128/250  train=0.0855  val=0.0808
Early stopping triggered after 128 epochs.
Best model restored from epoch 98 with validation smape 27.2039
/usr/local/lib/python3.12/dist-packages/torch/distributed/c10d_logger.py:83: UserWarning: barrier(): using the device under current context. You can specify `device_id` in `init_process_group` to mute this warning.
  return func(*args, **kwargs)
Wrote result bundle to /kaggle/working/results/hierarchical_program_scale200_seed42
