
*****************************************
Setting OMP_NUM_THREADS environment variable for each process to be 1 in default, to avoid your system being overloaded, please further tune the variable for optimal performance in your application as needed. 
*****************************************
[W730 12:31:10.094051154 socket.cpp:207] [c10d] The hostname of the client socket cannot be retrieved. err=-3
[W730 12:31:20.213960099 socket.cpp:207] [c10d] The hostname of the client socket cannot be retrieved. err=-3
[W730 12:31:20.213964135 socket.cpp:207] [c10d] The hostname of the client socket cannot be retrieved. err=-3
Indexed 1951 graphs across 7 type(s)
  skipped 26 duplicate graph UUID path(s)
  2layer: 400
    avg size: 0.71 MB
    total size: 284.17 MB
  3layer: 400
    avg size: 1.10 MB
    total size: 439.81 MB
  conv1d: 173
    avg size: 6.96 MB
    total size: 1204.53 MB
  conv2d: 81
    avg size: 7.24 MB
    total size: 586.26 MB
  dense_latency: 292
    avg size: 7.34 MB
    total size: 2144.21 MB
  dense_resource: 205
    avg size: 7.28 MB
    total size: 1493.15 MB
  rule4ml: 400
    avg size: 6.91 MB
    total size: 2764.73 MB
/kaggle/working/ll-hls4ml/src/ll_hls4ml/models/hetero_gat.py:28: UserWarning: There exist node types ({'pragma'}) whose representations do not get updated during message passing as they do not occur as destination type in any edge type. This may lead to unexpected behavior.
  self.conv = HeteroConv(
Indexed 400 graphs across 1 type(s)
  exemplar: 400
    avg size: 3.08 MB
    total size: 1232.09 MB
/kaggle/working/ll-hls4ml/src/ll_hls4ml/models/hetero_gat.py:28: UserWarning: There exist node types ({'pragma'}) whose representations do not get updated during message passing as they do not occur as destination type in any edge type. This may lead to unexpected behavior.
  self.conv = HeteroConv(
Training 400 epochs...
/usr/local/lib/python3.12/dist-packages/torch_geometric/utils/_scatter.py:91: UserWarning: The usage of `scatter(reduce='max')` can be accelerated via the 'torch-scatter' package, but it was not found
  warnings.warn(
/usr/local/lib/python3.12/dist-packages/torch_geometric/utils/_scatter.py:91: UserWarning: The usage of `scatter(reduce='max')` can be accelerated via the 'torch-scatter' package, but it was not found
  warnings.warn(
Epoch   1/400  train=0.3878  val=0.2948
Epoch   2/400  train=0.2963  val=0.2466
Epoch   4/400  train=0.2114  val=0.1743
Model saved to /kaggle/working/results/kaggle_v2_gatv2_1head_3layer_seed42/checkpoints/kaggle_v2_gatv2_1head_3layer_seed42_backup.pt
Epoch   6/400  train=0.1798  val=0.1686
Epoch   8/400  train=0.1698  val=0.1554
Epoch  10/400  train=0.1611  val=0.1402
Model saved to /kaggle/working/results/kaggle_v2_gatv2_1head_3layer_seed42/checkpoints/kaggle_v2_gatv2_1head_3layer_seed42_backup.pt
Epoch  12/400  train=0.1534  val=0.1522
Epoch  14/400  train=0.1494  val=0.1532
Model saved to /kaggle/working/results/kaggle_v2_gatv2_1head_3layer_seed42/checkpoints/kaggle_v2_gatv2_1head_3layer_seed42_backup.pt
Epoch  16/400  train=0.1515  val=0.1493
Epoch  18/400  train=0.1464  val=0.1486
Epoch  20/400  train=0.1410  val=0.1441
Model saved to /kaggle/working/results/kaggle_v2_gatv2_1head_3layer_seed42/checkpoints/kaggle_v2_gatv2_1head_3layer_seed42_backup.pt
Epoch  22/400  train=0.1435  val=0.1485
Epoch  24/400  train=0.1442  val=0.1407
Model saved to /kaggle/working/results/kaggle_v2_gatv2_1head_3layer_seed42/checkpoints/kaggle_v2_gatv2_1head_3layer_seed42_backup.pt
Epoch  26/400  train=0.1421  val=0.1298
Epoch  28/400  train=0.1398  val=0.1451
Epoch  30/400  train=0.1399  val=0.1280
Model saved to /kaggle/working/results/kaggle_v2_gatv2_1head_3layer_seed42/checkpoints/kaggle_v2_gatv2_1head_3layer_seed42_backup.pt
Epoch  32/400  train=0.1363  val=0.1402
Epoch  34/400  train=0.1323  val=0.1441
Model saved to /kaggle/working/results/kaggle_v2_gatv2_1head_3layer_seed42/checkpoints/kaggle_v2_gatv2_1head_3layer_seed42_backup.pt
Epoch  36/400  train=0.1307  val=0.1268
Epoch  38/400  train=0.1298  val=0.1217
Epoch  40/400  train=0.1317  val=0.1262
Model saved to /kaggle/working/results/kaggle_v2_gatv2_1head_3layer_seed42/checkpoints/kaggle_v2_gatv2_1head_3layer_seed42_backup.pt
Epoch  42/400  train=0.1295  val=0.1234
Epoch  44/400  train=0.1283  val=0.1209
Model saved to /kaggle/working/results/kaggle_v2_gatv2_1head_3layer_seed42/checkpoints/kaggle_v2_gatv2_1head_3layer_seed42_backup.pt
Epoch  46/400  train=0.1244  val=0.1172
Epoch  48/400  train=0.1246  val=0.1253
Epoch  50/400  train=0.1187  val=0.1069
Model saved to /kaggle/working/results/kaggle_v2_gatv2_1head_3layer_seed42/checkpoints/kaggle_v2_gatv2_1head_3layer_seed42_backup.pt
Epoch  52/400  train=0.1135  val=0.1038
Epoch  54/400  train=0.1158  val=0.1111
Model saved to /kaggle/working/results/kaggle_v2_gatv2_1head_3layer_seed42/checkpoints/kaggle_v2_gatv2_1head_3layer_seed42_backup.pt
Epoch  56/400  train=0.1113  val=0.1022
Epoch  58/400  train=0.1112  val=0.1081
Epoch  60/400  train=0.1138  val=0.1047
Model saved to /kaggle/working/results/kaggle_v2_gatv2_1head_3layer_seed42/checkpoints/kaggle_v2_gatv2_1head_3layer_seed42_backup.pt
Epoch  62/400  train=0.1110  val=0.1055
Epoch  64/400  train=0.1088  val=0.0992
Model saved to /kaggle/working/results/kaggle_v2_gatv2_1head_3layer_seed42/checkpoints/kaggle_v2_gatv2_1head_3layer_seed42_backup.pt
Epoch  66/400  train=0.1082  val=0.0998
Epoch  68/400  train=0.1058  val=0.1196
Epoch  70/400  train=0.1043  val=0.0979
Model saved to /kaggle/working/results/kaggle_v2_gatv2_1head_3layer_seed42/checkpoints/kaggle_v2_gatv2_1head_3layer_seed42_backup.pt
Epoch  72/400  train=0.1078  val=0.0957
Epoch  74/400  train=0.1055  val=0.1059
Model saved to /kaggle/working/results/kaggle_v2_gatv2_1head_3layer_seed42/checkpoints/kaggle_v2_gatv2_1head_3layer_seed42_backup.pt
Epoch  76/400  train=0.1069  val=0.1105
Epoch  78/400  train=0.1041  val=0.0937
Epoch  80/400  train=0.1042  val=0.0961
Model saved to /kaggle/working/results/kaggle_v2_gatv2_1head_3layer_seed42/checkpoints/kaggle_v2_gatv2_1head_3layer_seed42_backup.pt
Epoch  82/400  train=0.1040  val=0.0984
Epoch  84/400  train=0.1034  val=0.0976
Model saved to /kaggle/working/results/kaggle_v2_gatv2_1head_3layer_seed42/checkpoints/kaggle_v2_gatv2_1head_3layer_seed42_backup.pt
Epoch  86/400  train=0.1052  val=0.1031
Epoch  88/400  train=0.1003  val=0.1031
Epoch  90/400  train=0.1008  val=0.0969
Model saved to /kaggle/working/results/kaggle_v2_gatv2_1head_3layer_seed42/checkpoints/kaggle_v2_gatv2_1head_3layer_seed42_backup.pt
Epoch  92/400  train=0.1019  val=0.1013
Epoch  94/400  train=0.1010  val=0.0930
Model saved to /kaggle/working/results/kaggle_v2_gatv2_1head_3layer_seed42/checkpoints/kaggle_v2_gatv2_1head_3layer_seed42_backup.pt
Epoch  96/400  train=0.1033  val=0.1042
Epoch  98/400  train=0.1007  val=0.0966
Epoch 100/400  train=0.0982  val=0.0975
Model saved to /kaggle/working/results/kaggle_v2_gatv2_1head_3layer_seed42/checkpoints/kaggle_v2_gatv2_1head_3layer_seed42_backup.pt
Epoch 102/400  train=0.0998  val=0.0943
Epoch 104/400  train=0.1023  val=0.0947
Model saved to /kaggle/working/results/kaggle_v2_gatv2_1head_3layer_seed42/checkpoints/kaggle_v2_gatv2_1head_3layer_seed42_backup.pt
Epoch 106/400  train=0.1017  val=0.0977
Epoch 108/400  train=0.0971  val=0.0902
Epoch 110/400  train=0.0983  val=0.0981
Model saved to /kaggle/working/results/kaggle_v2_gatv2_1head_3layer_seed42/checkpoints/kaggle_v2_gatv2_1head_3layer_seed42_backup.pt
Epoch 112/400  train=0.1011  val=0.1070
Epoch 114/400  train=0.0985  val=0.1048
Model saved to /kaggle/working/results/kaggle_v2_gatv2_1head_3layer_seed42/checkpoints/kaggle_v2_gatv2_1head_3layer_seed42_backup.pt
Epoch 116/400  train=0.0987  val=0.0868
Epoch 118/400  train=0.0966  val=0.0921
Epoch 120/400  train=0.0970  val=0.0868
Model saved to /kaggle/working/results/kaggle_v2_gatv2_1head_3layer_seed42/checkpoints/kaggle_v2_gatv2_1head_3layer_seed42_backup.pt
Epoch 122/400  train=0.0991  val=0.0933
Epoch 124/400  train=0.0960  val=0.0978
Model saved to /kaggle/working/results/kaggle_v2_gatv2_1head_3layer_seed42/checkpoints/kaggle_v2_gatv2_1head_3layer_seed42_backup.pt
Epoch 126/400  train=0.0961  val=0.0954
Epoch 128/400  train=0.0955  val=0.0961
Epoch 130/400  train=0.1000  val=0.1028
Model saved to /kaggle/working/results/kaggle_v2_gatv2_1head_3layer_seed42/checkpoints/kaggle_v2_gatv2_1head_3layer_seed42_backup.pt
Epoch 132/400  train=0.0959  val=0.0958
Epoch 134/400  train=0.0929  val=0.0978
Model saved to /kaggle/working/results/kaggle_v2_gatv2_1head_3layer_seed42/checkpoints/kaggle_v2_gatv2_1head_3layer_seed42_backup.pt
Epoch 136/400  train=0.0987  val=0.0931
Epoch 138/400  train=0.0973  val=0.0905
Epoch 140/400  train=0.0927  val=0.0918
Model saved to /kaggle/working/results/kaggle_v2_gatv2_1head_3layer_seed42/checkpoints/kaggle_v2_gatv2_1head_3layer_seed42_backup.pt
Epoch 142/400  train=0.0944  val=0.1081
Epoch 144/400  train=0.0965  val=0.0890
Model saved to /kaggle/working/results/kaggle_v2_gatv2_1head_3layer_seed42/checkpoints/kaggle_v2_gatv2_1head_3layer_seed42_backup.pt
Epoch 146/400  train=0.0935  val=0.0981
Epoch 148/400  train=0.0918  val=0.0952
Epoch 150/400  train=0.0940  val=0.0893
Early stopping triggered after 150 epochs.
Model saved to /kaggle/working/results/kaggle_v2_gatv2_1head_3layer_seed42/checkpoints/kaggle_v2_gatv2_1head_3layer_seed42_backup.pt
Best model restored from epoch 120 with validation smape 31.5554
/usr/local/lib/python3.12/dist-packages/torch/distributed/c10d_logger.py:83: UserWarning: barrier(): using the device under current context. You can specify `device_id` in `init_process_group` to mute this warning.
  return func(*args, **kwargs)
Wrote result bundle to /kaggle/working/results/kaggle_v2_gatv2_1head_3layer_seed42
